Loading user config located at: '/home/lingfeng/playground/sharpa-rl-lab/.pixi/envs/default/lib/python3.11/site-packages/isaacsim/kit/data/Kit/Isaac-Sim/5.1/user.config.json'
[Info] [carb] Logging to file: /home/lingfeng/playground/sharpa-rl-lab/.pixi/envs/default/lib/python3.11/site-packages/isaacsim/kit/logs/Kit/Isaac-Sim/5.1/kit_20260412_230433.log
2026-04-13T03:04:34Z [49ms] [Warning] [omni.usd_config.extension] Enable omni.materialx.libs extension to use MaterialX
2026-04-13T03:04:34Z [206ms] [Warning] [omni.platforminfo.plugin] failed to open the default display.  Can't verify X Server version.
2026-04-13T03:04:34Z [299ms] [Warning] [carb] Acquiring non optional plugin interface which is not listed as dependency: [omni::physx::IPhysxBenchmarks v1.0] (plugin: <default plugin>), by client: omni.physics.physx.plugin. Add it to CARB_PLUGIN_IMPL_DEPS() macro of a client.
2026-04-13T03:04:34Z [303ms] [Warning] [omni.isaac.dynamic_control] omni.isaac.dynamic_control is deprecated as of Isaac Sim 4.5. No action is needed from end-users.

|---------------------------------------------------------------------------------------------|
| Driver Version: 580.126.09    | Graphics API: Vulkan
|=============================================================================================|
| GPU | Name                             | Active | LDA | GPU Memory | Vendor-ID | LUID       |
|     |                                  |        |     |            | Device-ID | UUID       |
|     |                                  |        |     |            | Bus-ID    |            |
|---------------------------------------------------------------------------------------------|
| 0   | NVIDIA GeForce RTX 5090          | Yes: 0 |     | 32607   MB | 10de      | 0          |
|     |                                  |        |     |            | 2b85      | 73366f21.. |
|     |                                  |        |     |            | 1         |            |
|=============================================================================================|
| OS: 24.04.3 LTS (Noble Numbat) ubuntu, Version: 24.04.3, Kernel: 6.17.0-19-generic
| Processor: AMD Ryzen 9 9900X 12-Core Processor
| Cores: 12 | Logical Cores: 24
|---------------------------------------------------------------------------------------------|
| Total Memory (MB): 61829 | Free Memory: 36805
| Total Page/Swap (MB): 8191 | Free Page/Swap: 8191
|---------------------------------------------------------------------------------------------|
2026-04-13T03:04:36Z [2,140ms] [Warning] [gpu.foundation.plugin] CPU performance profile is set to powersave. This profile sets the CPU to the lowest frequency reducing performance.
2026-04-13T03:04:36Z [2,151ms] [Warning] [gpu.foundation.plugin] IOMMU is enabled.
2026-04-13T03:04:36Z [2,163ms] [Warning] [omni.kvdb.plugin] Disabling key-value database because another kit process is locking it
2026-04-13T03:04:36Z [2,284ms] [Warning] [carb.windowing-glfw.plugin] GLFW initialization failed.
2026-04-13T03:04:36Z [2,284ms] [Warning] [carb] Failed to startup plugin carb.windowing-glfw.plugin (interfaces: [carb::windowing::IGLContext v1.0],[carb::windowing::IWindowing v1.5]) (impl: carb.windowing-glfw.plugin)

|---------------------------------------------------------------------------------------------|
| Driver Version: 580.126.09    | Graphics API: Vulkan
|=============================================================================================|
| GPU | Name                             | Active | LDA | GPU Memory | Vendor-ID | LUID       |
|     |                                  |        |     |            | Device-ID | UUID       |
|     |                                  |        |     |            | Bus-ID    |            |
|---------------------------------------------------------------------------------------------|
| 0   | NVIDIA GeForce RTX 5090          | Yes: 0 |     | 32607   MB | 10de      | 0          |
|     |                                  |        |     |            | 2b85      | 73366f21.. |
|     |                                  |        |     |            | 1         |            |
|=============================================================================================|
| OS: 24.04.3 LTS (Noble Numbat) ubuntu, Version: 24.04.3, Kernel: 6.17.0-19-generic
| Processor: AMD Ryzen 9 9900X 12-Core Processor
| Cores: 12 | Logical Cores: 24
|---------------------------------------------------------------------------------------------|
| Total Memory (MB): 61829 | Free Memory: 36576
| Total Page/Swap (MB): 8191 | Free Page/Swap: 8191
|---------------------------------------------------------------------------------------------|
2026-04-13T03:04:36Z [2,522ms] [Warning] [gpu.foundation.plugin] CPU performance profile is set to powersave. This profile sets the CPU to the lowest frequency reducing performance.
2026-04-13T03:04:36Z [2,523ms] [Warning] [gpu.foundation.plugin] IOMMU is enabled.
2026-04-13T03:04:36Z [2,726ms] [Warning] [carb.windowing-glfw.plugin] GLFW initialization failed.
2026-04-13T03:04:36Z [2,726ms] [Warning] [carb] Failed to startup plugin carb.windowing-glfw.plugin (interfaces: [carb::windowing::IGLContext v1.0],[carb::windowing::IWindowing v1.5]) (impl: carb.windowing-glfw.plugin)
2026-04-13T03:04:36Z [2,737ms] [Warning] [carb.windowing-glfw.plugin] GLFW initialization failed.
2026-04-13T03:04:36Z [2,737ms] [Warning] [carb] Failed to startup plugin carb.windowing-glfw.plugin (interfaces: [carb::windowing::IGLContext v1.0],[carb::windowing::IWindowing v1.5]) (impl: carb.windowing-glfw.plugin)
2026-04-13T03:04:36Z [2,741ms] [Warning] [carb.windowing-glfw.plugin] GLFW initialization failed.
2026-04-13T03:04:36Z [2,741ms] [Warning] [carb] Failed to startup plugin carb.windowing-glfw.plugin (interfaces: [carb::windowing::IGLContext v1.0],[carb::windowing::IWindowing v1.5]) (impl: carb.windowing-glfw.plugin)
2026-04-13T03:04:36Z [2,745ms] [Warning] [carb.windowing-glfw.plugin] GLFW initialization failed.
2026-04-13T03:04:36Z [2,745ms] [Warning] [carb] Failed to startup plugin carb.windowing-glfw.plugin (interfaces: [carb::windowing::IGLContext v1.0],[carb::windowing::IWindowing v1.5]) (impl: carb.windowing-glfw.plugin)
2026-04-13T03:04:36Z [2,746ms] [Warning] [carb.windowing-glfw.plugin] GLFW initialization failed.
2026-04-13T03:04:36Z [2,746ms] [Warning] [carb] Failed to startup plugin carb.windowing-glfw.plugin (interfaces: [carb::windowing::IGLContext v1.0],[carb::windowing::IWindowing v1.5]) (impl: carb.windowing-glfw.plugin)
2026-04-13T03:04:36Z [2,747ms] [Warning] [carb.windowing-glfw.plugin] GLFW initialization failed.
2026-04-13T03:04:36Z [2,747ms] [Warning] [carb] Failed to startup plugin carb.windowing-glfw.plugin (interfaces: [carb::windowing::IGLContext v1.0],[carb::windowing::IWindowing v1.5]) (impl: carb.windowing-glfw.plugin)
2026-04-13T03:04:36Z [3,012ms] [Warning] [omni.graph.visualization.nodes._impl.extension] No Viewport Window to add omni.graph.visualization.nodes-2.1.3 scene to
2026-04-13T03:04:37Z [3,082ms] [Warning] [isaacsim.asset.importer.urdf] right_hand_back_joint: Joint Axis is not body aligned with X, Y or Z primary axis. Adjusting PhysX joint alignment to Axis X and reorienting bodies.
2026-04-13T03:04:37Z [3,087ms] [Warning] [isaacsim.asset.importer.urdf] right_hand_ee_joint: Joint Axis is not body aligned with X, Y or Z primary axis. Adjusting PhysX joint alignment to Axis X and reorienting bodies.
2026-04-13T03:04:37Z [3,115ms] [Warning] [isaacsim.asset.importer.urdf] right_hand_index_rota_joint3: Joint Axis is not body aligned with X, Y or Z primary axis. Adjusting PhysX joint alignment to Axis X and reorienting bodies.
2026-04-13T03:04:37Z [3,122ms] [Warning] [isaacsim.asset.importer.urdf] right_hand_index_rotaback_joint2: Joint Axis is not body aligned with X, Y or Z primary axis. Adjusting PhysX joint alignment to Axis X and reorienting bodies.
2026-04-13T03:04:37Z [3,131ms] [Warning] [isaacsim.asset.importer.urdf] right_hand_index_rotaback_joint1: Joint Axis is not body aligned with X, Y or Z primary axis. Adjusting PhysX joint alignment to Axis X and reorienting bodies.
2026-04-13T03:04:37Z [3,153ms] [Warning] [isaacsim.asset.importer.urdf] right_hand_mid_joint3: Joint Axis is not body aligned with X, Y or Z primary axis. Adjusting PhysX joint alignment to Axis X and reorienting bodies.
2026-04-13T03:04:37Z [3,160ms] [Warning] [isaacsim.asset.importer.urdf] right_hand_midback_joint2: Joint Axis is not body aligned with X, Y or Z primary axis. Adjusting PhysX joint alignment to Axis X and reorienting bodies.
2026-04-13T03:04:37Z [3,169ms] [Warning] [isaacsim.asset.importer.urdf] right_hand_midback_joint1: Joint Axis is not body aligned with X, Y or Z primary axis. Adjusting PhysX joint alignment to Axis X and reorienting bodies.
2026-04-13T03:04:37Z [3,190ms] [Warning] [isaacsim.asset.importer.urdf] right_hand_pinky_joint3: Joint Axis is not body aligned with X, Y or Z primary axis. Adjusting PhysX joint alignment to Axis X and reorienting bodies.
2026-04-13T03:04:37Z [3,197ms] [Warning] [isaacsim.asset.importer.urdf] right_hand_pinkyback_joint2: Joint Axis is not body aligned with X, Y or Z primary axis. Adjusting PhysX joint alignment to Axis X and reorienting bodies.
2026-04-13T03:04:37Z [3,206ms] [Warning] [isaacsim.asset.importer.urdf] right_hand_pinkyback_joint1: Joint Axis is not body aligned with X, Y or Z primary axis. Adjusting PhysX joint alignment to Axis X and reorienting bodies.
2026-04-13T03:04:37Z [3,228ms] [Warning] [isaacsim.asset.importer.urdf] right_hand_ring_joint3: Joint Axis is not body aligned with X, Y or Z primary axis. Adjusting PhysX joint alignment to Axis X and reorienting bodies.
2026-04-13T03:04:37Z [3,236ms] [Warning] [isaacsim.asset.importer.urdf] right_hand_ringback_joint2: Joint Axis is not body aligned with X, Y or Z primary axis. Adjusting PhysX joint alignment to Axis X and reorienting bodies.
2026-04-13T03:04:37Z [3,244ms] [Warning] [isaacsim.asset.importer.urdf] right_hand_ringback_joint1: Joint Axis is not body aligned with X, Y or Z primary axis. Adjusting PhysX joint alignment to Axis X and reorienting bodies.
2026-04-13T03:04:37Z [3,276ms] [Warning] [isaacsim.asset.importer.urdf] right_hand_thumb_rota_joint3: Joint Axis is not body aligned with X, Y or Z primary axis. Adjusting PhysX joint alignment to Axis X and reorienting bodies.
2026-04-13T03:04:37Z [3,284ms] [Warning] [isaacsim.asset.importer.urdf] right_hand_thumb_rotaback_joint2: Joint Axis is not body aligned with X, Y or Z primary axis. Adjusting PhysX joint alignment to Axis X and reorienting bodies.
2026-04-13T03:04:37Z [3,291ms] [Warning] [isaacsim.asset.importer.urdf] right_hand_thumb_rotaback_joint1: Joint Axis is not body aligned with X, Y or Z primary axis. Adjusting PhysX joint alignment to Axis X and reorienting bodies.
