[INFO][AppLauncher]: Using device: cuda:0
[INFO][AppLauncher]: Loading experience file: /home/lingfeng/playground/sharpa-rl-lab/.pixi/envs/default/lib/python3.11/site-packages/isaaclab/apps/isaaclab.python.headless.kit
[INFO]: Parsing configuration from: rl_isaaclab.tasks.inhand_rotate.xhand_env_cfg:XhandEnvCfg
[INFO]: Parsing configuration from: /home/lingfeng/playground/sharpa-rl-lab/rl_isaaclab/tasks/inhand_rotate/agents/ppo_cfg.yaml
[INFO] Logging experiment in directory: /home/lingfeng/playground/sharpa-rl-lab/logs/debug
Exact experiment name requested from command line: /home/lingfeng/playground/sharpa-rl-lab/logs/debug/2026-04-14_00-52-39

[36m======================================================================================[0m
[36m[1m[INFO][IsaacLab]: Logging to file: /tmp/isaaclab/logs/isaaclab_2026-04-14_00-52-39.log[0m
[36m======================================================================================[0m

[33m00:52:39 [simulation_context.py] WARNING: The `enable_external_forces_every_iteration` parameter in the PhysxCfg is set to False. If you are experiencing noisy velocities, consider enabling this flag. You may need to slightly increase the number of velocity iterations (setting it to 1 or 2 rather than 0), together with this flag, to improve the accuracy of velocity updates.[0m
[INFO]: Base environment:
	Environment device    : cuda:0
	Environment seed      : 42
	Physics step-size     : 0.004166666666666667
	Rendering step-size   : 0.008333333333333333
	Environment step-size : 0.05
[33m00:52:39 [direct_rl_env.py] WARNING: The render interval (2) is smaller than the decimation (12). Multiple render calls will happen for each environment step.If this is not intended, set the render interval to be equal to the decimation.[0m
[33m00:52:39 [prims.py] WARNING: Could not perform 'modify_collision_properties' on any prims under: '/World/envs/env_0/Robot'. This might be because of the following reasons:
	(1) The desired attribute does not exist on any of the prims.
	(2) The desired attribute exists on an instanced prim.
		Discovered list of instanced prim paths: ['/World/envs/env_0/Robot/right_hand_link/visuals', '/World/envs/env_0/Robot/right_hand_link/collisions', '/World/envs/env_0/Robot/right_hand_back_link/visuals', '/World/envs/env_0/Robot/right_hand_back_link/collisions', '/World/envs/env_0/Robot/right_hand_ee_link/visuals', '/World/envs/env_0/Robot/right_hand_ee_link/collisions', '/World/envs/env_0/Robot/right_hand_index_bend_link/visuals', '/World/envs/env_0/Robot/right_hand_index_bend_link/collisions', '/World/envs/env_0/Robot/right_hand_index_rota_link1/visuals', '/World/envs/env_0/Robot/right_hand_index_rota_link1/collisions', '/World/envs/env_0/Robot/right_hand_index_rota_link2/visuals', '/World/envs/env_0/Robot/right_hand_index_rota_link2/collisions', '/World/envs/env_0/Robot/right_hand_index_rota_tip/visuals', '/World/envs/env_0/Robot/right_hand_index_rota_tip/collisions', '/World/envs/env_0/Robot/right_hand_index_rotaback_link2/visuals', '/World/envs/env_0/Robot/right_hand_index_rotaback_link2/collisions', '/World/envs/env_0/Robot/right_hand_index_rotaback_link1/visuals', '/World/envs/env_0/Robot/right_hand_index_rotaback_link1/collisions', '/World/envs/env_0/Robot/right_hand_mid_link1/visuals', '/World/envs/env_0/Robot/right_hand_mid_link1/collisions', '/World/envs/env_0/Robot/right_hand_mid_link2/visuals', '/World/envs/env_0/Robot/right_hand_mid_link2/collisions', '/World/envs/env_0/Robot/right_hand_mid_tip/visuals', '/World/envs/env_0/Robot/right_hand_mid_tip/collisions', '/World/envs/env_0/Robot/right_hand_midback_link2/visuals', '/World/envs/env_0/Robot/right_hand_midback_link2/collisions', '/World/envs/env_0/Robot/right_hand_midback_link1/visuals', '/World/envs/env_0/Robot/right_hand_midback_link1/collisions', '/World/envs/env_0/Robot/right_hand_pinky_link1/visuals', '/World/envs/env_0/Robot/right_hand_pinky_link1/collisions', '/World/envs/env_0/Robot/right_hand_pinky_link2/visuals', '/World/envs/env_0/Robot/right_hand_pinky_link2/collisions', '/World/envs/env_0/Robot/right_hand_pinky_tip/visuals', '/World/envs/env_0/Robot/right_hand_pinky_tip/collisions', '/World/envs/env_0/Robot/right_hand_pinkyback_link2/visuals', '/World/envs/env_0/Robot/right_hand_pinkyback_link2/collisions', '/World/envs/env_0/Robot/right_hand_pinkyback_link1/visuals', '/World/envs/env_0/Robot/right_hand_pinkyback_link1/collisions', '/World/envs/env_0/Robot/right_hand_ring_link1/visuals', '/World/envs/env_0/Robot/right_hand_ring_link1/collisions', '/World/envs/env_0/Robot/right_hand_ring_link2/visuals', '/World/envs/env_0/Robot/right_hand_ring_link2/collisions', '/World/envs/env_0/Robot/right_hand_ring_tip/visuals', '/World/envs/env_0/Robot/right_hand_ring_tip/collisions', '/World/envs/env_0/Robot/right_hand_ringback_link2/visuals', '/World/envs/env_0/Robot/right_hand_ringback_link2/collisions', '/World/envs/env_0/Robot/right_hand_ringback_link1/visuals', '/World/envs/env_0/Robot/right_hand_ringback_link1/collisions', '/World/envs/env_0/Robot/right_hand_thumb_bend_link/visuals', '/World/envs/env_0/Robot/right_hand_thumb_bend_link/collisions', '/World/envs/env_0/Robot/right_hand_thumb_rota_link1/visuals', '/World/envs/env_0/Robot/right_hand_thumb_rota_link1/collisions', '/World/envs/env_0/Robot/right_hand_thumb_rota_link2/visuals', '/World/envs/env_0/Robot/right_hand_thumb_rota_link2/collisions', '/World/envs/env_0/Robot/right_hand_thumb_rota_tip/visuals', '/World/envs/env_0/Robot/right_hand_thumb_rota_tip/collisions', '/World/envs/env_0/Robot/right_hand_thumb_rotaback_link2/visuals', '/World/envs/env_0/Robot/right_hand_thumb_rotaback_link2/collisions', '/World/envs/env_0/Robot/right_hand_thumb_rotaback_link1/visuals', '/World/envs/env_0/Robot/right_hand_thumb_rotaback_link1/collisions'][0m
[33m00:52:42 [interactive_scene.py] WARNING: Collision filtering can only be automatically enabled when replicate_physics=True and using GPU simulation. Please call scene.filter_collisions(global_prim_paths) to filter collisions across environments.[0m
[INFO]: Time taken for scene creation : 3.621995 seconds
[INFO]: Scene manager:  <class InteractiveScene>
	Number of environments: 1024
	Environment spacing   : 0.75
	Source prim name      : /World/envs/env_0
	Global prim paths     : []
	Replicate physics     : False
[INFO]: Starting the simulation. This may take a few seconds. Please wait...
[INFO]: Time taken for simulation start : 4.700727 seconds
[INFO] Event Manager:  <EventManager> contains 1 active terms.
+----------------------------------------+
| Active Event Terms in Mode: 'prestartup' |
+-----------+----------------------------+
|   Index   | Name                       |
+-----------+----------------------------+
|     0     | randomize_scale            |
+-----------+----------------------------+

[INFO]: Completed setting up the environment...
RunningMeanStd:  (132,)
RunningMeanStd:  (1,)
[33m00:52:48 [rigid_object.py] WARNING: The function 'set_external_force_and_torque' will be deprecated in a future release. Please use 'permanent_wrench_composer.set_forces_and_torques' instead.[0m
Agent Steps: 0000M | FPS: 7770.4 | Last FPS: 3885.2 | Collect Time: 0.0 min | Train RL Time: 0.0 min | Mean Rewards: -10464.79 | Current Best: -10000.00
Agent Steps: 0000M | FPS: 8144.5 | Last FPS: 9012.3 | Collect Time: 0.0 min | Train RL Time: 0.0 min | Mean Rewards: -10516.61 | Current Best: -10000.00
Agent Steps: 0000M | FPS: 8355.7 | Last FPS: 9060.6 | Collect Time: 0.1 min | Train RL Time: 0.0 min | Mean Rewards: -10176.84 | Current Best: -10000.00
Agent Steps: 0000M | FPS: 8468.8 | Last FPS: 8953.5 | Collect Time: 0.1 min | Train RL Time: 0.0 min | Mean Rewards: -10945.42 | Current Best: -10000.00
[33m00:52:53 [rigid_object.py] WARNING: The function 'set_external_force_and_torque' will be deprecated in a future release. Please use 'permanent_wrench_composer.set_forces_and_torques' instead.[0m
Agent Steps: 0000M | FPS: 8549.4 | Last FPS: 8976.6 | Collect Time: 0.1 min | Train RL Time: 0.0 min | Mean Rewards: -10446.46 | Current Best: -10000.00
Agent Steps: 0000M | FPS: 8619.1 | Last FPS: 9062.1 | Collect Time: 0.1 min | Train RL Time: 0.0 min | Mean Rewards: -10691.25 | Current Best: -10000.00
Agent Steps: 0000M | FPS: 8699.1 | Last FPS: 9303.7 | Collect Time: 0.1 min | Train RL Time: 0.0 min | Mean Rewards: -10647.89 | Current Best: -10000.00
save current best reward: -9875.90
Agent Steps: 0000M | FPS: 8740.3 | Last FPS: 9085.0 | Collect Time: 0.1 min | Train RL Time: 0.0 min | Mean Rewards: -9875.90 | Current Best: -9875.90
Agent Steps: 0000M | FPS: 8774.5 | Last FPS: 9094.9 | Collect Time: 0.2 min | Train RL Time: 0.0 min | Mean Rewards: -10460.80 | Current Best: -9875.90
Agent Steps: 0000M | FPS: 8803.6 | Last FPS: 9105.3 | Collect Time: 0.2 min | Train RL Time: 0.0 min | Mean Rewards: -9957.36 | Current Best: -9875.90
[33m00:52:58 [rigid_object.py] WARNING: The function 'set_external_force_and_torque' will be deprecated in a future release. Please use 'permanent_wrench_composer.set_forces_and_torques' instead.[0m
Agent Steps: 0000M | FPS: 8842.8 | Last FPS: 9297.7 | Collect Time: 0.2 min | Train RL Time: 0.0 min | Mean Rewards: -10360.15 | Current Best: -9875.90
save current best reward: -9875.12
Agent Steps: 0000M | FPS: 8869.0 | Last FPS: 9196.5 | Collect Time: 0.2 min | Train RL Time: 0.0 min | Mean Rewards: -9875.12 | Current Best: -9875.12
Agent Steps: 0000M | FPS: 8859.4 | Last FPS: 8736.4 | Collect Time: 0.2 min | Train RL Time: 0.0 min | Mean Rewards: -10209.26 | Current Best: -9875.12
Agent Steps: 0000M | FPS: 8879.1 | Last FPS: 9164.0 | Collect Time: 0.2 min | Train RL Time: 0.0 min | Mean Rewards: -10144.54 | Current Best: -9875.12
Agent Steps: 0000M | FPS: 8900.7 | Last FPS: 9237.9 | Collect Time: 0.2 min | Train RL Time: 0.0 min | Mean Rewards: -10692.08 | Current Best: -9875.12
[33m00:53:03 [rigid_object.py] WARNING: The function 'set_external_force_and_torque' will be deprecated in a future release. Please use 'permanent_wrench_composer.set_forces_and_torques' instead.[0m
save current best reward: -9440.81
Agent Steps: 0000M | FPS: 8917.3 | Last FPS: 9191.9 | Collect Time: 0.3 min | Train RL Time: 0.0 min | Mean Rewards: -9440.81 | Current Best: -9440.81
Agent Steps: 0000M | FPS: 8937.6 | Last FPS: 9297.4 | Collect Time: 0.3 min | Train RL Time: 0.0 min | Mean Rewards: -10269.68 | Current Best: -9440.81
Agent Steps: 0000M | FPS: 8956.5 | Last FPS: 9311.0 | Collect Time: 0.3 min | Train RL Time: 0.0 min | Mean Rewards: -10344.52 | Current Best: -9440.81
Agent Steps: 0000M | FPS: 8973.2 | Last FPS: 9303.4 | Collect Time: 0.3 min | Train RL Time: 0.0 min | Mean Rewards: -10740.46 | Current Best: -9440.81
Agent Steps: 0000M | FPS: 8983.3 | Last FPS: 9188.6 | Collect Time: 0.3 min | Train RL Time: 0.0 min | Mean Rewards: -10644.56 | Current Best: -9440.81
Agent Steps: 0000M | FPS: 8999.5 | Last FPS: 9353.4 | Collect Time: 0.3 min | Train RL Time: 0.0 min | Mean Rewards: -10026.22 | Current Best: -9440.81
[33m00:53:08 [rigid_object.py] WARNING: The function 'set_external_force_and_torque' will be deprecated in a future release. Please use 'permanent_wrench_composer.set_forces_and_torques' instead.[0m
Agent Steps: 0000M | FPS: 9010.5 | Last FPS: 9260.2 | Collect Time: 0.3 min | Train RL Time: 0.0 min | Mean Rewards: -10382.70 | Current Best: -9440.81
Agent Steps: 0000M | FPS: 9023.4 | Last FPS: 9329.8 | Collect Time: 0.4 min | Train RL Time: 0.0 min | Mean Rewards: -10847.07 | Current Best: -9440.81
Agent Steps: 0000M | FPS: 9036.1 | Last FPS: 9353.6 | Collect Time: 0.4 min | Train RL Time: 0.0 min | Mean Rewards: -10492.69 | Current Best: -9440.81
Agent Steps: 0000M | FPS: 9028.3 | Last FPS: 8838.1 | Collect Time: 0.4 min | Train RL Time: 0.0 min | Mean Rewards: -10731.12 | Current Best: -9440.81
Agent Steps: 0000M | FPS: 9025.1 | Last FPS: 8942.4 | Collect Time: 0.4 min | Train RL Time: 0.0 min | Mean Rewards: -10419.79 | Current Best: -9440.81
Agent Steps: 0000M | FPS: 9030.7 | Last FPS: 9184.3 | Collect Time: 0.4 min | Train RL Time: 0.0 min | Mean Rewards: -10103.14 | Current Best: -9440.81
[33m00:53:13 [rigid_object.py] WARNING: The function 'set_external_force_and_torque' will be deprecated in a future release. Please use 'permanent_wrench_composer.set_forces_and_torques' instead.[0m
Agent Steps: 0000M | FPS: 9035.6 | Last FPS: 9174.0 | Collect Time: 0.4 min | Train RL Time: 0.0 min | Mean Rewards: -10210.98 | Current Best: -9440.81
Agent Steps: 0000M | FPS: 9045.7 | Last FPS: 9350.0 | Collect Time: 0.4 min | Train RL Time: 0.0 min | Mean Rewards: -10297.62 | Current Best: -9440.81
save current best reward: -9431.20
Agent Steps: 0000M | FPS: 9055.9 | Last FPS: 9372.9 | Collect Time: 0.5 min | Train RL Time: 0.0 min | Mean Rewards: -9431.20 | Current Best: -9431.20
save current best reward: -8970.67
Agent Steps: 0000M | FPS: 9049.2 | Last FPS: 8845.7 | Collect Time: 0.5 min | Train RL Time: 0.0 min | Mean Rewards: -8970.67 | Current Best: -8970.67
Agent Steps: 0000M | FPS: 9055.3 | Last FPS: 9253.7 | Collect Time: 0.5 min | Train RL Time: 0.0 min | Mean Rewards: -10015.94 | Current Best: -8970.67
[33m00:53:19 [rigid_object.py] WARNING: The function 'set_external_force_and_torque' will be deprecated in a future release. Please use 'permanent_wrench_composer.set_forces_and_torques' instead.[0m
Agent Steps: 0000M | FPS: 9061.1 | Last FPS: 9258.3 | Collect Time: 0.5 min | Train RL Time: 0.0 min | Mean Rewards: -10158.38 | Current Best: -8970.67
Agent Steps: 0000M | FPS: 9067.0 | Last FPS: 9273.5 | Collect Time: 0.5 min | Train RL Time: 0.0 min | Mean Rewards: -9971.60 | Current Best: -8970.67
Agent Steps: 0000M | FPS: 9069.4 | Last FPS: 9153.1 | Collect Time: 0.5 min | Train RL Time: 0.0 min | Mean Rewards: -10402.21 | Current Best: -8970.67
Agent Steps: 0000M | FPS: 9073.8 | Last FPS: 9236.1 | Collect Time: 0.5 min | Train RL Time: 0.0 min | Mean Rewards: -10411.84 | Current Best: -8970.67
Agent Steps: 0000M | FPS: 9078.7 | Last FPS: 9262.5 | Collect Time: 0.6 min | Train RL Time: 0.0 min | Mean Rewards: -9282.09 | Current Best: -8970.67
Agent Steps: 0000M | FPS: 9080.5 | Last FPS: 9150.1 | Collect Time: 0.6 min | Train RL Time: 0.0 min | Mean Rewards: -10349.89 | Current Best: -8970.67
[33m00:53:24 [rigid_object.py] WARNING: The function 'set_external_force_and_torque' will be deprecated in a future release. Please use 'permanent_wrench_composer.set_forces_and_torques' instead.[0m
Agent Steps: 0000M | FPS: 9086.3 | Last FPS: 9318.4 | Collect Time: 0.6 min | Train RL Time: 0.0 min | Mean Rewards: -10048.96 | Current Best: -8970.67
Agent Steps: 0000M | FPS: 9088.9 | Last FPS: 9193.6 | Collect Time: 0.6 min | Train RL Time: 0.0 min | Mean Rewards: -10100.11 | Current Best: -8970.67
Agent Steps: 0000M | FPS: 9091.1 | Last FPS: 9183.7 | Collect Time: 0.6 min | Train RL Time: 0.0 min | Mean Rewards: -10464.96 | Current Best: -8970.67
Agent Steps: 0000M | FPS: 9094.9 | Last FPS: 9254.4 | Collect Time: 0.6 min | Train RL Time: 0.0 min | Mean Rewards: -10129.09 | Current Best: -8970.67
Agent Steps: 0000M | FPS: 9099.0 | Last FPS: 9280.6 | Collect Time: 0.6 min | Train RL Time: 0.0 min | Mean Rewards: -9711.91 | Current Best: -8970.67
Agent Steps: 0000M | FPS: 9102.9 | Last FPS: 9278.4 | Collect Time: 0.7 min | Train RL Time: 0.0 min | Mean Rewards: -10168.27 | Current Best: -8970.67
[33m00:53:29 [rigid_object.py] WARNING: The function 'set_external_force_and_torque' will be deprecated in a future release. Please use 'permanent_wrench_composer.set_forces_and_torques' instead.[0m
Agent Steps: 0000M | FPS: 9106.9 | Last FPS: 9291.1 | Collect Time: 0.7 min | Train RL Time: 0.0 min | Mean Rewards: -10740.26 | Current Best: -8970.67
Agent Steps: 0000M | FPS: 9113.7 | Last FPS: 9437.8 | Collect Time: 0.7 min | Train RL Time: 0.0 min | Mean Rewards: -9911.99 | Current Best: -8970.67
Agent Steps: 0000M | FPS: 9116.7 | Last FPS: 9258.9 | Collect Time: 0.7 min | Train RL Time: 0.0 min | Mean Rewards: -10023.36 | Current Best: -8970.67
Agent Steps: 0000M | FPS: 9121.5 | Last FPS: 9357.4 | Collect Time: 0.7 min | Train RL Time: 0.0 min | Mean Rewards: -9829.41 | Current Best: -8970.67
Agent Steps: 0000M | FPS: 9127.5 | Last FPS: 9429.5 | Collect Time: 0.7 min | Train RL Time: 0.0 min | Mean Rewards: -10234.29 | Current Best: -8970.67
Agent Steps: 0000M | FPS: 9132.1 | Last FPS: 9371.4 | Collect Time: 0.7 min | Train RL Time: 0.0 min | Mean Rewards: -9549.77 | Current Best: -8970.67
[33m00:53:34 [rigid_object.py] WARNING: The function 'set_external_force_and_torque' will be deprecated in a future release. Please use 'permanent_wrench_composer.set_forces_and_torques' instead.[0m
Agent Steps: 0000M | FPS: 9132.1 | Last FPS: 9130.7 | Collect Time: 0.8 min | Train RL Time: 0.0 min | Mean Rewards: -10194.63 | Current Best: -8970.67
Agent Steps: 0000M | FPS: 9134.0 | Last FPS: 9232.7 | Collect Time: 0.8 min | Train RL Time: 0.0 min | Mean Rewards: -9943.00 | Current Best: -8970.67
Agent Steps: 0000M | FPS: 9134.1 | Last FPS: 9143.6 | Collect Time: 0.8 min | Train RL Time: 0.0 min | Mean Rewards: -10581.93 | Current Best: -8970.67
Agent Steps: 0000M | FPS: 9134.4 | Last FPS: 9148.5 | Collect Time: 0.8 min | Train RL Time: 0.0 min | Mean Rewards: -10174.02 | Current Best: -8970.67
Agent Steps: 0000M | FPS: 9135.6 | Last FPS: 9199.9 | Collect Time: 0.8 min | Train RL Time: 0.0 min | Mean Rewards: -9550.46 | Current Best: -8970.67
[33m00:53:39 [rigid_object.py] WARNING: The function 'set_external_force_and_torque' will be deprecated in a future release. Please use 'permanent_wrench_composer.set_forces_and_torques' instead.[0m
Agent Steps: 0000M | FPS: 9135.4 | Last FPS: 9123.2 | Collect Time: 0.8 min | Train RL Time: 0.0 min | Mean Rewards: -9022.49 | Current Best: -8970.67
Agent Steps: 0000M | FPS: 9133.6 | Last FPS: 9037.2 | Collect Time: 0.9 min | Train RL Time: 0.0 min | Mean Rewards: -9188.94 | Current Best: -8970.67
Agent Steps: 0000M | FPS: 9134.0 | Last FPS: 9154.3 | Collect Time: 0.9 min | Train RL Time: 0.0 min | Mean Rewards: -9134.10 | Current Best: -8970.67
Agent Steps: 0000M | FPS: 9134.5 | Last FPS: 9164.5 | Collect Time: 0.9 min | Train RL Time: 0.0 min | Mean Rewards: -9195.31 | Current Best: -8970.67
Agent Steps: 0000M | FPS: 9136.2 | Last FPS: 9239.2 | Collect Time: 0.9 min | Train RL Time: 0.0 min | Mean Rewards: -9746.90 | Current Best: -8970.67
Agent Steps: 0000M | FPS: 9137.2 | Last FPS: 9198.8 | Collect Time: 0.9 min | Train RL Time: 0.0 min | Mean Rewards: -9756.50 | Current Best: -8970.67
[33m00:53:44 [rigid_object.py] WARNING: The function 'set_external_force_and_torque' will be deprecated in a future release. Please use 'permanent_wrench_composer.set_forces_and_torques' instead.[0m
Agent Steps: 0000M | FPS: 9137.8 | Last FPS: 9176.4 | Collect Time: 0.9 min | Train RL Time: 0.0 min | Mean Rewards: -9709.79 | Current Best: -8970.67
Agent Steps: 0000M | FPS: 9141.4 | Last FPS: 9373.3 | Collect Time: 0.9 min | Train RL Time: 0.0 min | Mean Rewards: -9922.28 | Current Best: -8970.67
Agent Steps: 0000M | FPS: 9143.6 | Last FPS: 9286.5 | Collect Time: 1.0 min | Train RL Time: 0.0 min | Mean Rewards: -9816.29 | Current Best: -8970.67
Agent Steps: 0000M | FPS: 9145.1 | Last FPS: 9245.6 | Collect Time: 1.0 min | Train RL Time: 0.0 min | Mean Rewards: -9632.20 | Current Best: -8970.67
Agent Steps: 0000M | FPS: 9146.3 | Last FPS: 9224.2 | Collect Time: 1.0 min | Train RL Time: 0.0 min | Mean Rewards: -9810.05 | Current Best: -8970.67
Agent Steps: 0000M | FPS: 9147.7 | Last FPS: 9243.4 | Collect Time: 1.0 min | Train RL Time: 0.0 min | Mean Rewards: -10401.34 | Current Best: -8970.67
[33m00:53:49 [rigid_object.py] WARNING: The function 'set_external_force_and_torque' will be deprecated in a future release. Please use 'permanent_wrench_composer.set_forces_and_torques' instead.[0m
Agent Steps: 0000M | FPS: 9151.4 | Last FPS: 9410.2 | Collect Time: 1.0 min | Train RL Time: 0.0 min | Mean Rewards: -9407.47 | Current Best: -8970.67
Agent Steps: 0000M | FPS: 9152.9 | Last FPS: 9253.2 | Collect Time: 1.0 min | Train RL Time: 0.0 min | Mean Rewards: -9748.71 | Current Best: -8970.67
Agent Steps: 0000M | FPS: 9152.6 | Last FPS: 9132.0 | Collect Time: 1.0 min | Train RL Time: 0.0 min | Mean Rewards: -9488.89 | Current Best: -8970.67
Agent Steps: 0000M | FPS: 9154.6 | Last FPS: 9303.0 | Collect Time: 1.1 min | Train RL Time: 0.0 min | Mean Rewards: -9968.78 | Current Best: -8970.67
Agent Steps: 0000M | FPS: 9156.1 | Last FPS: 9265.3 | Collect Time: 1.1 min | Train RL Time: 0.0 min | Mean Rewards: -9705.57 | Current Best: -8970.67
[33m00:53:54 [rigid_object.py] WARNING: The function 'set_external_force_and_torque' will be deprecated in a future release. Please use 'permanent_wrench_composer.set_forces_and_torques' instead.[0m
Agent Steps: 0000M | FPS: 9158.4 | Last FPS: 9329.2 | Collect Time: 1.1 min | Train RL Time: 0.0 min | Mean Rewards: -9453.64 | Current Best: -8970.67
Agent Steps: 0000M | FPS: 9161.7 | Last FPS: 9410.9 | Collect Time: 1.1 min | Train RL Time: 0.0 min | Mean Rewards: -9586.80 | Current Best: -8970.67
Agent Steps: 0000M | FPS: 9162.5 | Last FPS: 9225.8 | Collect Time: 1.1 min | Train RL Time: 0.0 min | Mean Rewards: -9517.95 | Current Best: -8970.67
Agent Steps: 0000M | FPS: 9162.5 | Last FPS: 9159.8 | Collect Time: 1.1 min | Train RL Time: 0.0 min | Mean Rewards: -9731.18 | Current Best: -8970.67
Agent Steps: 0000M | FPS: 9164.2 | Last FPS: 9298.1 | Collect Time: 1.1 min | Train RL Time: 0.0 min | Mean Rewards: -9732.22 | Current Best: -8970.67
Agent Steps: 0000M | FPS: 9167.1 | Last FPS: 9397.7 | Collect Time: 1.2 min | Train RL Time: 0.0 min | Mean Rewards: -9304.14 | Current Best: -8970.67
[33m00:53:59 [rigid_object.py] WARNING: The function 'set_external_force_and_torque' will be deprecated in a future release. Please use 'permanent_wrench_composer.set_forces_and_torques' instead.[0m
Agent Steps: 0000M | FPS: 9168.7 | Last FPS: 9298.1 | Collect Time: 1.2 min | Train RL Time: 0.0 min | Mean Rewards: -9315.62 | Current Best: -8970.67
Agent Steps: 0000M | FPS: 9169.0 | Last FPS: 9192.9 | Collect Time: 1.2 min | Train RL Time: 0.0 min | Mean Rewards: -9091.76 | Current Best: -8970.67
Agent Steps: 0000M | FPS: 9168.8 | Last FPS: 9152.6 | Collect Time: 1.2 min | Train RL Time: 0.0 min | Mean Rewards: -9160.68 | Current Best: -8970.67
Agent Steps: 0000M | FPS: 9169.2 | Last FPS: 9198.3 | Collect Time: 1.2 min | Train RL Time: 0.0 min | Mean Rewards: -9428.34 | Current Best: -8970.67
Agent Steps: 0000M | FPS: 9170.5 | Last FPS: 9283.3 | Collect Time: 1.2 min | Train RL Time: 0.0 min | Mean Rewards: -9218.93 | Current Best: -8970.67
Agent Steps: 0000M | FPS: 9169.9 | Last FPS: 9121.0 | Collect Time: 1.2 min | Train RL Time: 0.0 min | Mean Rewards: -9320.42 | Current Best: -8970.67
[33m00:54:04 [rigid_object.py] WARNING: The function 'set_external_force_and_torque' will be deprecated in a future release. Please use 'permanent_wrench_composer.set_forces_and_torques' instead.[0m
Agent Steps: 0000M | FPS: 9171.3 | Last FPS: 9286.6 | Collect Time: 1.3 min | Train RL Time: 0.0 min | Mean Rewards: -9659.64 | Current Best: -8970.67
Agent Steps: 0000M | FPS: 9174.0 | Last FPS: 9416.0 | Collect Time: 1.3 min | Train RL Time: 0.0 min | Mean Rewards: -9122.36 | Current Best: -8970.67
Agent Steps: 0000M | FPS: 9175.2 | Last FPS: 9278.9 | Collect Time: 1.3 min | Train RL Time: 0.0 min | Mean Rewards: -9635.57 | Current Best: -8970.67
Agent Steps: 0000M | FPS: 9172.9 | Last FPS: 8979.4 | Collect Time: 1.3 min | Train RL Time: 0.0 min | Mean Rewards: -9902.24 | Current Best: -8970.67
Agent Steps: 0000M | FPS: 9174.2 | Last FPS: 9289.3 | Collect Time: 1.3 min | Train RL Time: 0.0 min | Mean Rewards: -9363.42 | Current Best: -8970.67
[33m00:54:09 [rigid_object.py] WARNING: The function 'set_external_force_and_torque' will be deprecated in a future release. Please use 'permanent_wrench_composer.set_forces_and_torques' instead.[0m
Agent Steps: 0000M | FPS: 9174.7 | Last FPS: 9218.9 | Collect Time: 1.3 min | Train RL Time: 0.0 min | Mean Rewards: -9302.51 | Current Best: -8970.67
save current best reward: -8886.00
Agent Steps: 0000M | FPS: 9175.5 | Last FPS: 9245.5 | Collect Time: 1.3 min | Train RL Time: 0.0 min | Mean Rewards: -8886.00 | Current Best: -8886.00
Agent Steps: 0000M | FPS: 9175.8 | Last FPS: 9203.5 | Collect Time: 1.4 min | Train RL Time: 0.0 min | Mean Rewards: -9366.72 | Current Best: -8886.00
Agent Steps: 0000M | FPS: 9177.0 | Last FPS: 9297.9 | Collect Time: 1.4 min | Train RL Time: 0.0 min | Mean Rewards: -9975.59 | Current Best: -8886.00
Agent Steps: 0000M | FPS: 9178.6 | Last FPS: 9331.1 | Collect Time: 1.4 min | Train RL Time: 0.0 min | Mean Rewards: -8916.59 | Current Best: -8886.00
Agent Steps: 0000M | FPS: 9178.6 | Last FPS: 9171.2 | Collect Time: 1.4 min | Train RL Time: 0.0 min | Mean Rewards: -8927.16 | Current Best: -8886.00
[33m00:54:14 [rigid_object.py] WARNING: The function 'set_external_force_and_torque' will be deprecated in a future release. Please use 'permanent_wrench_composer.set_forces_and_torques' instead.[0m
Agent Steps: 0000M | FPS: 9178.5 | Last FPS: 9170.5 | Collect Time: 1.4 min | Train RL Time: 0.0 min | Mean Rewards: -8952.38 | Current Best: -8886.00
Agent Steps: 0000M | FPS: 9178.5 | Last FPS: 9184.1 | Collect Time: 1.4 min | Train RL Time: 0.0 min | Mean Rewards: -9463.66 | Current Best: -8886.00
Agent Steps: 0000M | FPS: 9179.1 | Last FPS: 9231.8 | Collect Time: 1.4 min | Train RL Time: 0.0 min | Mean Rewards: -8982.11 | Current Best: -8886.00
Agent Steps: 0000M | FPS: 9176.9 | Last FPS: 8964.6 | Collect Time: 1.5 min | Train RL Time: 0.0 min | Mean Rewards: -9246.49 | Current Best: -8886.00
Agent Steps: 0000M | FPS: 9177.0 | Last FPS: 9187.2 | Collect Time: 1.5 min | Train RL Time: 0.0 min | Mean Rewards: -9539.90 | Current Best: -8886.00
save current best reward: -8576.53
Agent Steps: 0000M | FPS: 9178.0 | Last FPS: 9283.3 | Collect Time: 1.5 min | Train RL Time: 0.0 min | Mean Rewards: -8576.53 | Current Best: -8576.53
[33m00:54:19 [rigid_object.py] WARNING: The function 'set_external_force_and_torque' will be deprecated in a future release. Please use 'permanent_wrench_composer.set_forces_and_torques' instead.[0m
Agent Steps: 0000M | FPS: 9177.9 | Last FPS: 9162.8 | Collect Time: 1.5 min | Train RL Time: 0.0 min | Mean Rewards: -9742.95 | Current Best: -8576.53
Agent Steps: 0000M | FPS: 9179.1 | Last FPS: 9305.0 | Collect Time: 1.5 min | Train RL Time: 0.0 min | Mean Rewards: -8577.23 | Current Best: -8576.53
Agent Steps: 0000M | FPS: 9177.7 | Last FPS: 9035.5 | Collect Time: 1.5 min | Train RL Time: 0.0 min | Mean Rewards: -9380.36 | Current Best: -8576.53
Agent Steps: 0000M | FPS: 9177.2 | Last FPS: 9129.7 | Collect Time: 1.6 min | Train RL Time: 0.0 min | Mean Rewards: -9143.95 | Current Best: -8576.53
Agent Steps: 0000M | FPS: 9178.1 | Last FPS: 9274.7 | Collect Time: 1.6 min | Train RL Time: 0.0 min | Mean Rewards: -8656.85 | Current Best: -8576.53
[33m00:54:24 [rigid_object.py] WARNING: The function 'set_external_force_and_torque' will be deprecated in a future release. Please use 'permanent_wrench_composer.set_forces_and_torques' instead.[0m
Agent Steps: 0000M | FPS: 9178.2 | Last FPS: 9184.2 | Collect Time: 1.6 min | Train RL Time: 0.0 min | Mean Rewards: -9053.84 | Current Best: -8576.53
Agent Steps: 0000M | FPS: 9178.3 | Last FPS: 9193.2 | Collect Time: 1.6 min | Train RL Time: 0.0 min | Mean Rewards: -9757.49 | Current Best: -8576.53
Agent Steps: 0000M | FPS: 9180.6 | Last FPS: 9440.8 | Collect Time: 1.6 min | Train RL Time: 0.0 min | Mean Rewards: -8820.18 | Current Best: -8576.53
Agent Steps: 0000M | FPS: 9181.8 | Last FPS: 9316.8 | Collect Time: 1.6 min | Train RL Time: 0.0 min | Mean Rewards: -9087.75 | Current Best: -8576.53
Agent Steps: 0000M | FPS: 9182.7 | Last FPS: 9281.7 | Collect Time: 1.6 min | Train RL Time: 0.0 min | Mean Rewards: -8631.35 | Current Best: -8576.53
Agent Steps: 0000M | FPS: 9182.4 | Last FPS: 9151.7 | Collect Time: 1.7 min | Train RL Time: 0.0 min | Mean Rewards: -9287.83 | Current Best: -8576.53
[33m00:54:29 [rigid_object.py] WARNING: The function 'set_external_force_and_torque' will be deprecated in a future release. Please use 'permanent_wrench_composer.set_forces_and_torques' instead.[0m
Agent Steps: 0000M | FPS: 9183.3 | Last FPS: 9279.7 | Collect Time: 1.7 min | Train RL Time: 0.0 min | Mean Rewards: -8918.86 | Current Best: -8576.53
Agent Steps: 0000M | FPS: 9185.1 | Last FPS: 9390.8 | Collect Time: 1.7 min | Train RL Time: 0.0 min | Mean Rewards: -8727.58 | Current Best: -8576.53
Agent Steps: 0000M | FPS: 9185.9 | Last FPS: 9279.4 | Collect Time: 1.7 min | Train RL Time: 0.0 min | Mean Rewards: -9271.76 | Current Best: -8576.53
Agent Steps: 0000M | FPS: 9185.3 | Last FPS: 9126.3 | Collect Time: 1.7 min | Train RL Time: 0.0 min | Mean Rewards: -9326.22 | Current Best: -8576.53
Agent Steps: 0000M | FPS: 9185.1 | Last FPS: 9156.6 | Collect Time: 1.7 min | Train RL Time: 0.0 min | Mean Rewards: -9037.48 | Current Best: -8576.53
Agent Steps: 0000M | FPS: 9186.2 | Last FPS: 9317.9 | Collect Time: 1.7 min | Train RL Time: 0.0 min | Mean Rewards: -8937.25 | Current Best: -8576.53
[33m00:54:34 [rigid_object.py] WARNING: The function 'set_external_force_and_torque' will be deprecated in a future release. Please use 'permanent_wrench_composer.set_forces_and_torques' instead.[0m
Agent Steps: 0000M | FPS: 9187.2 | Last FPS: 9301.8 | Collect Time: 1.8 min | Train RL Time: 0.0 min | Mean Rewards: -9299.87 | Current Best: -8576.53
Agent Steps: 0000M | FPS: 9187.7 | Last FPS: 9249.7 | Collect Time: 1.8 min | Train RL Time: 0.0 min | Mean Rewards: -9173.46 | Current Best: -8576.53
Agent Steps: 0000M | FPS: 9187.2 | Last FPS: 9127.9 | Collect Time: 1.8 min | Train RL Time: 0.0 min | Mean Rewards: -9222.09 | Current Best: -8576.53
Agent Steps: 0001M | FPS: 9187.3 | Last FPS: 9201.2 | Collect Time: 1.8 min | Train RL Time: 0.0 min | Mean Rewards: -9118.18 | Current Best: -8576.53
max steps achieved
Loading user config located at: '/home/lingfeng/playground/sharpa-rl-lab/.pixi/envs/default/lib/python3.11/site-packages/isaacsim/kit/data/Kit/Isaac-Sim/5.1/user.config.json'
[Info] [carb] Logging to file: /home/lingfeng/playground/sharpa-rl-lab/.pixi/envs/default/lib/python3.11/site-packages/isaacsim/kit/logs/Kit/Isaac-Sim/5.1/kit_20260414_005236.log
2026-04-14T04:52:36Z [58ms] [Warning] [omni.usd_config.extension] Enable omni.materialx.libs extension to use MaterialX
2026-04-14T04:52:36Z [219ms] [Warning] [omni.platforminfo.plugin] failed to open the default display.  Can't verify X Server version.
2026-04-14T04:52:36Z [309ms] [Warning] [carb] Acquiring non optional plugin interface which is not listed as dependency: [omni::physx::IPhysxBenchmarks v1.0] (plugin: <default plugin>), by client: omni.physics.physx.plugin. Add it to CARB_PLUGIN_IMPL_DEPS() macro of a client.
2026-04-14T04:52:36Z [314ms] [Warning] [omni.isaac.dynamic_control] omni.isaac.dynamic_control is deprecated as of Isaac Sim 4.5. No action is needed from end-users.

|---------------------------------------------------------------------------------------------|
| Driver Version: 580.126.09    | Graphics API: Vulkan
|=============================================================================================|
| GPU | Name                             | Active | LDA | GPU Memory | Vendor-ID | LUID       |
|     |                                  |        |     |            | Device-ID | UUID       |
|     |                                  |        |     |            | Bus-ID    |            |
|---------------------------------------------------------------------------------------------|
| 0   | NVIDIA GeForce RTX 5090          | Yes: 0 |     | 32607   MB | 10de      | 0          |
|     |                                  |        |     |            | 2b85      | 73366f21.. |
|     |                                  |        |     |            | 1         |            |
|=============================================================================================|
| OS: 24.04.3 LTS (Noble Numbat) ubuntu, Version: 24.04.3, Kernel: 6.17.0-19-generic
| Processor: AMD Ryzen 9 9900X 12-Core Processor
| Cores: 12 | Logical Cores: 24
|---------------------------------------------------------------------------------------------|
| Total Memory (MB): 61829 | Free Memory: 55144
| Total Page/Swap (MB): 8191 | Free Page/Swap: 8191
|---------------------------------------------------------------------------------------------|
2026-04-14T04:52:38Z [2,231ms] [Warning] [gpu.foundation.plugin] CPU performance profile is set to powersave. This profile sets the CPU to the lowest frequency reducing performance.
2026-04-14T04:52:38Z [2,242ms] [Warning] [gpu.foundation.plugin] IOMMU is enabled.
2026-04-14T04:52:47Z [11,287ms] [Warning] [rl_isaaclab.tasks.inhand_rotate.sharpa_wave_env] cfg.num_hand_materials=30 but physx reports 390; using actual.
