[INFO][AppLauncher]: Using device: cuda:0
[INFO][AppLauncher]: Loading experience file: /home/lingfeng/playground/sharpa-rl-lab/.pixi/envs/default/lib/python3.11/site-packages/isaaclab/apps/isaaclab.python.headless.kit
[INFO]: Parsing configuration from: rl_isaaclab.tasks.inhand_rotate.xhand_grasp_env_cfg:XhandGraspEnvCfg
[INFO]: Parsing configuration from: /home/lingfeng/playground/sharpa-rl-lab/rl_isaaclab/tasks/inhand_rotate/agents/ppo_cfg.yaml

[36m======================================================================================[0m
[36m[1m[INFO][IsaacLab]: Logging to file: /tmp/isaaclab/logs/isaaclab_2026-04-14_03-29-44.log[0m
[36m======================================================================================[0m

[33m03:29:44 [simulation_context.py] WARNING: The `enable_external_forces_every_iteration` parameter in the PhysxCfg is set to False. If you are experiencing noisy velocities, consider enabling this flag. You may need to slightly increase the number of velocity iterations (setting it to 1 or 2 rather than 0), together with this flag, to improve the accuracy of velocity updates.[0m
[INFO]: Base environment:
	Environment device    : cuda:0
	Environment seed      : 42
	Physics step-size     : 0.004166666666666667
	Rendering step-size   : 0.008333333333333333
	Environment step-size : 0.05
[33m03:29:44 [direct_rl_env.py] WARNING: The render interval (2) is smaller than the decimation (12). Multiple render calls will happen for each environment step.If this is not intended, set the render interval to be equal to the decimation.[0m
[33m03:29:44 [prims.py] WARNING: Could not perform 'modify_collision_properties' on any prims under: '/World/envs/env_0/Robot'. This might be because of the following reasons:
	(1) The desired attribute does not exist on any of the prims.
	(2) The desired attribute exists on an instanced prim.
		Discovered list of instanced prim paths: ['/World/envs/env_0/Robot/right_hand_link/visuals', '/World/envs/env_0/Robot/right_hand_link/collisions', '/World/envs/env_0/Robot/right_hand_back_link/visuals', '/World/envs/env_0/Robot/right_hand_back_link/collisions', '/World/envs/env_0/Robot/right_hand_ee_link/visuals', '/World/envs/env_0/Robot/right_hand_ee_link/collisions', '/World/envs/env_0/Robot/right_hand_index_bend_link/visuals', '/World/envs/env_0/Robot/right_hand_index_bend_link/collisions', '/World/envs/env_0/Robot/right_hand_index_rota_link1/visuals', '/World/envs/env_0/Robot/right_hand_index_rota_link1/collisions', '/World/envs/env_0/Robot/right_hand_index_rota_link2/visuals', '/World/envs/env_0/Robot/right_hand_index_rota_link2/collisions', '/World/envs/env_0/Robot/right_hand_index_rota_tip/visuals', '/World/envs/env_0/Robot/right_hand_index_rota_tip/collisions', '/World/envs/env_0/Robot/right_hand_index_rotaback_link2/visuals', '/World/envs/env_0/Robot/right_hand_index_rotaback_link2/collisions', '/World/envs/env_0/Robot/right_hand_index_rotaback_link1/visuals', '/World/envs/env_0/Robot/right_hand_index_rotaback_link1/collisions', '/World/envs/env_0/Robot/right_hand_mid_link1/visuals', '/World/envs/env_0/Robot/right_hand_mid_link1/collisions', '/World/envs/env_0/Robot/right_hand_mid_link2/visuals', '/World/envs/env_0/Robot/right_hand_mid_link2/collisions', '/World/envs/env_0/Robot/right_hand_mid_tip/visuals', '/World/envs/env_0/Robot/right_hand_mid_tip/collisions', '/World/envs/env_0/Robot/right_hand_midback_link2/visuals', '/World/envs/env_0/Robot/right_hand_midback_link2/collisions', '/World/envs/env_0/Robot/right_hand_midback_link1/visuals', '/World/envs/env_0/Robot/right_hand_midback_link1/collisions', '/World/envs/env_0/Robot/right_hand_pinky_link1/visuals', '/World/envs/env_0/Robot/right_hand_pinky_link1/collisions', '/World/envs/env_0/Robot/right_hand_pinky_link2/visuals', '/World/envs/env_0/Robot/right_hand_pinky_link2/collisions', '/World/envs/env_0/Robot/right_hand_pinky_tip/visuals', '/World/envs/env_0/Robot/right_hand_pinky_tip/collisions', '/World/envs/env_0/Robot/right_hand_pinkyback_link2/visuals', '/World/envs/env_0/Robot/right_hand_pinkyback_link2/collisions', '/World/envs/env_0/Robot/right_hand_pinkyback_link1/visuals', '/World/envs/env_0/Robot/right_hand_pinkyback_link1/collisions', '/World/envs/env_0/Robot/right_hand_ring_link1/visuals', '/World/envs/env_0/Robot/right_hand_ring_link1/collisions', '/World/envs/env_0/Robot/right_hand_ring_link2/visuals', '/World/envs/env_0/Robot/right_hand_ring_link2/collisions', '/World/envs/env_0/Robot/right_hand_ring_tip/visuals', '/World/envs/env_0/Robot/right_hand_ring_tip/collisions', '/World/envs/env_0/Robot/right_hand_ringback_link2/visuals', '/World/envs/env_0/Robot/right_hand_ringback_link2/collisions', '/World/envs/env_0/Robot/right_hand_ringback_link1/visuals', '/World/envs/env_0/Robot/right_hand_ringback_link1/collisions', '/World/envs/env_0/Robot/right_hand_thumb_bend_link/visuals', '/World/envs/env_0/Robot/right_hand_thumb_bend_link/collisions', '/World/envs/env_0/Robot/right_hand_thumb_rota_link1/visuals', '/World/envs/env_0/Robot/right_hand_thumb_rota_link1/collisions', '/World/envs/env_0/Robot/right_hand_thumb_rota_link2/visuals', '/World/envs/env_0/Robot/right_hand_thumb_rota_link2/collisions', '/World/envs/env_0/Robot/right_hand_thumb_rota_tip/visuals', '/World/envs/env_0/Robot/right_hand_thumb_rota_tip/collisions', '/World/envs/env_0/Robot/right_hand_thumb_rotaback_link2/visuals', '/World/envs/env_0/Robot/right_hand_thumb_rotaback_link2/collisions', '/World/envs/env_0/Robot/right_hand_thumb_rotaback_link1/visuals', '/World/envs/env_0/Robot/right_hand_thumb_rotaback_link1/collisions'][0m
[33m03:29:57 [interactive_scene.py] WARNING: Collision filtering can only be automatically enabled when replicate_physics=True and using GPU simulation. Please call scene.filter_collisions(global_prim_paths) to filter collisions across environments.[0m
[INFO]: Time taken for scene creation : 13.824018 seconds
[INFO]: Scene manager:  <class InteractiveScene>
	Number of environments: 4096
	Environment spacing   : 0.75
	Source prim name      : /World/envs/env_0
	Global prim paths     : []
	Replicate physics     : False
[INFO]: Starting the simulation. This may take a few seconds. Please wait...
[INFO]: Time taken for simulation start : 18.522132 seconds
[INFO] Event Manager:  <EventManager> contains 1 active terms.
+----------------------------------------+
| Active Event Terms in Mode: 'prestartup' |
+-----------+----------------------------+
|   Index   | Name                       |
+-----------+----------------------------+
|     0     | randomize_scale            |
+-----------+----------------------------+

[INFO]: Completed setting up the environment...
[2026-04-14 03:30:17] current cache size: 0, finished: 0
[2026-04-14 03:30:17] current cache size: 0, finished: 0
[2026-04-14 03:30:18] current cache size: 0, finished: 0
[2026-04-14 03:30:19] current cache size: 0, finished: 0
[2026-04-14 03:30:20] current cache size: 3, finished: 0
[2026-04-14 03:30:21] current cache size: 3, finished: 0
[2026-04-14 03:30:21] current cache size: 3, finished: 0
[2026-04-14 03:30:22] current cache size: 6, finished: 0
[2026-04-14 03:30:23] current cache size: 7, finished: 0
[2026-04-14 03:30:23] current cache size: 9, finished: 0
[2026-04-14 03:30:24] current cache size: 9, finished: 0
[2026-04-14 03:30:25] current cache size: 10, finished: 0
[2026-04-14 03:30:25] current cache size: 10, finished: 0
[2026-04-14 03:30:26] current cache size: 13, finished: 0
[2026-04-14 03:30:27] current cache size: 13, finished: 0
[2026-04-14 03:30:28] current cache size: 15, finished: 0
[2026-04-14 03:30:28] current cache size: 17, finished: 0
[2026-04-14 03:30:29] current cache size: 19, finished: 0
[2026-04-14 03:30:30] current cache size: 20, finished: 0
[2026-04-14 03:30:30] current cache size: 24, finished: 0
[2026-04-14 03:30:31] current cache size: 25, finished: 0
[2026-04-14 03:30:32] current cache size: 25, finished: 0
[2026-04-14 03:30:32] current cache size: 25, finished: 0
[2026-04-14 03:30:33] current cache size: 27, finished: 0
[2026-04-14 03:30:34] current cache size: 29, finished: 0
[2026-04-14 03:30:34] current cache size: 30, finished: 0
[2026-04-14 03:30:35] current cache size: 30, finished: 0
[2026-04-14 03:30:36] current cache size: 32, finished: 0
[2026-04-14 03:30:36] current cache size: 34, finished: 0
[2026-04-14 03:30:37] current cache size: 36, finished: 0
[2026-04-14 03:30:38] current cache size: 38, finished: 0
[2026-04-14 03:30:38] current cache size: 40, finished: 0
[2026-04-14 03:30:39] current cache size: 41, finished: 0
[2026-04-14 03:30:40] current cache size: 42, finished: 0
[2026-04-14 03:30:40] current cache size: 45, finished: 0
[2026-04-14 03:30:41] current cache size: 45, finished: 0
[2026-04-14 03:30:42] current cache size: 45, finished: 0
[2026-04-14 03:30:43] current cache size: 45, finished: 0
[2026-04-14 03:30:43] current cache size: 47, finished: 0
[2026-04-14 03:30:44] current cache size: 47, finished: 0
[2026-04-14 03:30:45] current cache size: 48, finished: 0
[2026-04-14 03:30:45] current cache size: 49, finished: 0
[2026-04-14 03:30:46] current cache size: 51, finished: 0
[2026-04-14 03:30:47] current cache size: 51, finished: 0
[2026-04-14 03:30:47] current cache size: 51, finished: 0
[2026-04-14 03:30:48] current cache size: 54, finished: 0
[2026-04-14 03:30:49] current cache size: 57, finished: 0
[2026-04-14 03:30:50] current cache size: 57, finished: 0
[2026-04-14 03:30:50] current cache size: 59, finished: 0
[2026-04-14 03:30:51] current cache size: 60, finished: 0
[2026-04-14 03:30:52] current cache size: 62, finished: 0
[2026-04-14 03:30:52] current cache size: 63, finished: 0
[2026-04-14 03:30:53] current cache size: 63, finished: 0
[2026-04-14 03:30:54] current cache size: 63, finished: 0
[2026-04-14 03:30:54] current cache size: 64, finished: 0
[2026-04-14 03:30:55] current cache size: 65, finished: 0
[2026-04-14 03:30:56] current cache size: 68, finished: 0
[2026-04-14 03:30:56] current cache size: 69, finished: 0
[2026-04-14 03:30:57] current cache size: 71, finished: 0
[2026-04-14 03:30:58] current cache size: 73, finished: 0
[2026-04-14 03:30:59] current cache size: 73, finished: 0
[2026-04-14 03:30:59] current cache size: 74, finished: 0
[2026-04-14 03:31:00] current cache size: 74, finished: 0
[2026-04-14 03:31:01] current cache size: 74, finished: 0
[2026-04-14 03:31:01] current cache size: 74, finished: 0
[2026-04-14 03:31:02] current cache size: 76, finished: 0
[2026-04-14 03:31:03] current cache size: 78, finished: 0
[2026-04-14 03:31:03] current cache size: 80, finished: 0
[2026-04-14 03:31:04] current cache size: 81, finished: 0
[2026-04-14 03:31:05] current cache size: 84, finished: 0
[2026-04-14 03:31:05] current cache size: 86, finished: 0
[2026-04-14 03:31:06] current cache size: 86, finished: 0
[2026-04-14 03:31:07] current cache size: 88, finished: 0
[2026-04-14 03:31:08] current cache size: 90, finished: 0
[2026-04-14 03:31:08] current cache size: 90, finished: 0
[2026-04-14 03:31:09] current cache size: 90, finished: 0
[2026-04-14 03:31:10] current cache size: 92, finished: 0
[2026-04-14 03:31:10] current cache size: 92, finished: 0
[2026-04-14 03:31:11] current cache size: 93, finished: 0
[2026-04-14 03:31:12] current cache size: 93, finished: 0
[2026-04-14 03:31:12] current cache size: 93, finished: 0
[2026-04-14 03:31:13] current cache size: 94, finished: 0
[2026-04-14 03:31:14] current cache size: 95, finished: 0
[2026-04-14 03:31:14] current cache size: 98, finished: 0
[2026-04-14 03:31:15] current cache size: 101, finished: 0
[2026-04-14 03:31:16] current cache size: 102, finished: 0
[2026-04-14 03:31:17] current cache size: 103, finished: 0
[2026-04-14 03:31:17] current cache size: 103, finished: 0
[2026-04-14 03:31:18] current cache size: 104, finished: 0
[2026-04-14 03:31:19] current cache size: 106, finished: 0
[2026-04-14 03:31:19] current cache size: 107, finished: 0
[2026-04-14 03:31:20] current cache size: 108, finished: 0
[2026-04-14 03:31:21] current cache size: 108, finished: 0
[2026-04-14 03:31:21] current cache size: 111, finished: 0
[2026-04-14 03:31:22] current cache size: 112, finished: 0
[2026-04-14 03:31:23] current cache size: 113, finished: 0
[2026-04-14 03:31:23] current cache size: 113, finished: 0
[2026-04-14 03:31:24] current cache size: 114, finished: 0
[2026-04-14 03:31:25] current cache size: 116, finished: 0
[2026-04-14 03:31:25] current cache size: 119, finished: 0
[2026-04-14 03:31:26] current cache size: 120, finished: 0
[2026-04-14 03:31:27] current cache size: 120, finished: 0
[2026-04-14 03:31:27] current cache size: 121, finished: 0
[2026-04-14 03:31:28] current cache size: 121, finished: 0
[2026-04-14 03:31:29] current cache size: 122, finished: 0
[2026-04-14 03:31:30] current cache size: 124, finished: 0
[2026-04-14 03:31:30] current cache size: 125, finished: 0
[2026-04-14 03:31:31] current cache size: 125, finished: 0
[2026-04-14 03:31:32] current cache size: 126, finished: 0
[2026-04-14 03:31:32] current cache size: 126, finished: 0
[2026-04-14 03:31:33] current cache size: 127, finished: 0
[2026-04-14 03:31:34] current cache size: 128, finished: 0
[2026-04-14 03:31:34] current cache size: 131, finished: 0
[2026-04-14 03:31:35] current cache size: 133, finished: 0
[2026-04-14 03:31:36] current cache size: 133, finished: 0
[2026-04-14 03:31:36] current cache size: 134, finished: 0
[2026-04-14 03:31:37] current cache size: 135, finished: 0
[2026-04-14 03:31:38] current cache size: 135, finished: 0
[2026-04-14 03:31:38] current cache size: 135, finished: 0
[2026-04-14 03:31:39] current cache size: 137, finished: 0
[2026-04-14 03:31:40] current cache size: 142, finished: 0
[2026-04-14 03:31:40] current cache size: 143, finished: 0
[2026-04-14 03:31:41] current cache size: 146, finished: 0
[2026-04-14 03:31:42] current cache size: 147, finished: 0
[2026-04-14 03:31:43] current cache size: 148, finished: 0
[2026-04-14 03:31:43] current cache size: 150, finished: 0
[2026-04-14 03:31:44] current cache size: 152, finished: 0
[2026-04-14 03:31:45] current cache size: 154, finished: 0
[2026-04-14 03:31:45] current cache size: 157, finished: 0
[2026-04-14 03:31:46] current cache size: 160, finished: 0
[2026-04-14 03:31:47] current cache size: 162, finished: 0
[2026-04-14 03:31:47] current cache size: 165, finished: 0
[2026-04-14 03:31:48] current cache size: 165, finished: 0
[2026-04-14 03:31:49] current cache size: 167, finished: 0
[2026-04-14 03:31:49] current cache size: 167, finished: 0
[2026-04-14 03:31:50] current cache size: 168, finished: 0
[2026-04-14 03:31:51] current cache size: 169, finished: 0
[2026-04-14 03:31:51] current cache size: 170, finished: 0
[2026-04-14 03:31:52] current cache size: 171, finished: 0
[2026-04-14 03:31:53] current cache size: 172, finished: 0
[2026-04-14 03:31:53] current cache size: 173, finished: 0
[2026-04-14 03:31:54] current cache size: 174, finished: 0
[2026-04-14 03:31:55] current cache size: 174, finished: 0
[2026-04-14 03:31:56] current cache size: 174, finished: 0
[2026-04-14 03:31:56] current cache size: 176, finished: 0
[2026-04-14 03:31:57] current cache size: 177, finished: 0
[2026-04-14 03:31:58] current cache size: 179, finished: 0
[2026-04-14 03:31:58] current cache size: 179, finished: 0
[2026-04-14 03:31:59] current cache size: 180, finished: 0
[2026-04-14 03:32:00] current cache size: 180, finished: 0
[2026-04-14 03:32:00] current cache size: 181, finished: 0
[2026-04-14 03:32:01] current cache size: 182, finished: 0
[2026-04-14 03:32:02] current cache size: 183, finished: 0
[2026-04-14 03:32:02] current cache size: 186, finished: 0
[2026-04-14 03:32:03] current cache size: 187, finished: 0
[2026-04-14 03:32:04] current cache size: 188, finished: 0
[2026-04-14 03:32:04] current cache size: 189, finished: 0
[2026-04-14 03:32:05] current cache size: 190, finished: 0
[2026-04-14 03:32:06] current cache size: 191, finished: 0
[2026-04-14 03:32:06] current cache size: 192, finished: 0
[2026-04-14 03:32:07] current cache size: 193, finished: 0
[2026-04-14 03:32:08] current cache size: 193, finished: 0
[2026-04-14 03:32:08] current cache size: 195, finished: 0
[2026-04-14 03:32:09] current cache size: 196, finished: 0
[2026-04-14 03:32:10] current cache size: 197, finished: 0
[2026-04-14 03:32:11] current cache size: 198, finished: 0
[2026-04-14 03:32:11] current cache size: 199, finished: 0
[2026-04-14 03:32:12] current cache size: 201, finished: 0
[2026-04-14 03:32:13] current cache size: 202, finished: 0
[2026-04-14 03:32:13] current cache size: 203, finished: 0
[2026-04-14 03:32:14] current cache size: 204, finished: 0
[2026-04-14 03:32:15] current cache size: 204, finished: 0
[2026-04-14 03:32:15] current cache size: 204, finished: 0
[2026-04-14 03:32:16] current cache size: 205, finished: 0
[2026-04-14 03:32:17] current cache size: 208, finished: 0
[2026-04-14 03:32:17] current cache size: 209, finished: 0
[2026-04-14 03:32:18] current cache size: 212, finished: 0
[2026-04-14 03:32:19] current cache size: 213, finished: 0
[2026-04-14 03:32:19] current cache size: 214, finished: 0
[2026-04-14 03:32:20] current cache size: 214, finished: 0
[2026-04-14 03:32:21] current cache size: 214, finished: 0
[2026-04-14 03:32:21] current cache size: 220, finished: 0
[2026-04-14 03:32:22] current cache size: 222, finished: 0
[2026-04-14 03:32:23] current cache size: 223, finished: 0
[2026-04-14 03:32:23] current cache size: 227, finished: 0
[2026-04-14 03:32:24] current cache size: 228, finished: 0
[2026-04-14 03:32:25] current cache size: 229, finished: 0
[2026-04-14 03:32:25] current cache size: 231, finished: 0
[2026-04-14 03:32:26] current cache size: 233, finished: 0
[2026-04-14 03:32:27] current cache size: 235, finished: 0
[2026-04-14 03:32:28] current cache size: 236, finished: 0
[2026-04-14 03:32:28] current cache size: 238, finished: 0
[2026-04-14 03:32:29] current cache size: 239, finished: 0
[2026-04-14 03:32:30] current cache size: 240, finished: 0
[2026-04-14 03:32:30] current cache size: 241, finished: 0
[2026-04-14 03:32:31] current cache size: 241, finished: 0
[2026-04-14 03:32:32] current cache size: 241, finished: 0
[2026-04-14 03:32:32] current cache size: 242, finished: 0
[2026-04-14 03:32:33] current cache size: 243, finished: 0
[2026-04-14 03:32:34] current cache size: 246, finished: 0
[2026-04-14 03:32:34] current cache size: 250, finished: 0
[GRASP DEBUG] step=200 grav=(0,-9.81,0) | cond1(dist<0.1)=4017/4096 cond2(>=2 forces>0.2)=207/4096 cond3(quat<thresh)=3000/4096 all=207/4096 | ft_dist mean=0.0623 max=0.2966 | force mean=0.1920 max=30.7063
[GRASP DEBUG env0] obj_pos=[-0.0553436279296875, -0.0035724639892578125, 0.6360718607902527]
[GRASP DEBUG env0]   ft0 pos=[-0.015209197998046875, 0.04396247863769531, 0.6394117474555969] dist=0.0623
[GRASP DEBUG env0]   ft1 pos=[-0.09123420715332031, 0.026325225830078125, 0.6031138300895691] dist=0.0572
[GRASP DEBUG env0]   ft2 pos=[-0.10987663269042969, 0.0039997100830078125, 0.6045336723327637] dist=0.0634
[GRASP DEBUG env0]   ft3 pos=[-0.10375022888183594, -0.016000747680664062, 0.6045376062393188] dist=0.0591
[GRASP DEBUG env0]   ft4 pos=[-0.09136199951171875, -0.035999298095703125, 0.603904128074646] dist=0.0582
[2026-04-14 03:32:35] current cache size: 250, finished: 0
[2026-04-14 03:32:36] current cache size: 250, finished: 0
[2026-04-14 03:32:36] current cache size: 252, finished: 0
[2026-04-14 03:32:37] current cache size: 253, finished: 0
[2026-04-14 03:32:38] current cache size: 253, finished: 0
[2026-04-14 03:32:38] current cache size: 254, finished: 0
[2026-04-14 03:32:39] current cache size: 255, finished: 0
[2026-04-14 03:32:40] current cache size: 256, finished: 0
[2026-04-14 03:32:40] current cache size: 256, finished: 0
[2026-04-14 03:32:41] current cache size: 257, finished: 0
[2026-04-14 03:32:42] current cache size: 257, finished: 0
[2026-04-14 03:32:43] current cache size: 257, finished: 0
[2026-04-14 03:32:43] current cache size: 257, finished: 0
[2026-04-14 03:32:44] current cache size: 257, finished: 0
[2026-04-14 03:32:45] current cache size: 260, finished: 0
[2026-04-14 03:32:45] current cache size: 261, finished: 0
[2026-04-14 03:32:46] current cache size: 261, finished: 0
[2026-04-14 03:32:47] current cache size: 262, finished: 0
[2026-04-14 03:32:47] current cache size: 263, finished: 0
[2026-04-14 03:32:48] current cache size: 263, finished: 0
[2026-04-14 03:32:49] current cache size: 263, finished: 0
[2026-04-14 03:32:49] current cache size: 263, finished: 0
[2026-04-14 03:32:50] current cache size: 264, finished: 0
[2026-04-14 03:32:51] current cache size: 265, finished: 0
[2026-04-14 03:32:51] current cache size: 265, finished: 0
[2026-04-14 03:32:52] current cache size: 265, finished: 0
[2026-04-14 03:32:53] current cache size: 266, finished: 0
[2026-04-14 03:32:54] current cache size: 266, finished: 0
[2026-04-14 03:32:54] current cache size: 267, finished: 0
[2026-04-14 03:32:55] current cache size: 267, finished: 0
[2026-04-14 03:32:56] current cache size: 268, finished: 0
[2026-04-14 03:32:56] current cache size: 268, finished: 0
[2026-04-14 03:32:57] current cache size: 269, finished: 0
[2026-04-14 03:32:58] current cache size: 269, finished: 0
[2026-04-14 03:32:58] current cache size: 269, finished: 0
[2026-04-14 03:32:59] current cache size: 270, finished: 0
[2026-04-14 03:33:00] current cache size: 272, finished: 0
[2026-04-14 03:33:01] current cache size: 272, finished: 0
[2026-04-14 03:33:01] current cache size: 273, finished: 0
[2026-04-14 03:33:02] current cache size: 274, finished: 0
[2026-04-14 03:33:03] current cache size: 274, finished: 0
[2026-04-14 03:33:03] current cache size: 276, finished: 0
[2026-04-14 03:33:04] current cache size: 279, finished: 0
[2026-04-14 03:33:05] current cache size: 279, finished: 0
[2026-04-14 03:33:05] current cache size: 279, finished: 0
[2026-04-14 03:33:06] current cache size: 282, finished: 0
[2026-04-14 03:33:07] current cache size: 286, finished: 0
[2026-04-14 03:33:07] current cache size: 286, finished: 0
[2026-04-14 03:33:08] current cache size: 288, finished: 0
[2026-04-14 03:33:09] current cache size: 290, finished: 0
[2026-04-14 03:33:10] current cache size: 290, finished: 0
[2026-04-14 03:33:10] current cache size: 294, finished: 0
[2026-04-14 03:33:11] current cache size: 294, finished: 0
[2026-04-14 03:33:12] current cache size: 294, finished: 0
[2026-04-14 03:33:12] current cache size: 294, finished: 0
[2026-04-14 03:33:13] current cache size: 294, finished: 0
[2026-04-14 03:33:14] current cache size: 294, finished: 0
[2026-04-14 03:33:14] current cache size: 294, finished: 0
[2026-04-14 03:33:15] current cache size: 295, finished: 0
[2026-04-14 03:33:16] current cache size: 297, finished: 0
[2026-04-14 03:33:16] current cache size: 297, finished: 0
[2026-04-14 03:33:17] current cache size: 297, finished: 0
[2026-04-14 03:33:18] current cache size: 297, finished: 0
[2026-04-14 03:33:18] current cache size: 300, finished: 0
[2026-04-14 03:33:19] current cache size: 300, finished: 0
[2026-04-14 03:33:20] current cache size: 301, finished: 0
[2026-04-14 03:33:20] current cache size: 301, finished: 0
[2026-04-14 03:33:21] current cache size: 302, finished: 0
[2026-04-14 03:33:22] current cache size: 304, finished: 0
[2026-04-14 03:33:22] current cache size: 304, finished: 0
[2026-04-14 03:33:23] current cache size: 306, finished: 0
[2026-04-14 03:33:24] current cache size: 307, finished: 0
[2026-04-14 03:33:25] current cache size: 308, finished: 0
[2026-04-14 03:33:25] current cache size: 310, finished: 0
[2026-04-14 03:33:26] current cache size: 310, finished: 0
[2026-04-14 03:33:27] current cache size: 311, finished: 0
[2026-04-14 03:33:27] current cache size: 313, finished: 0
[2026-04-14 03:33:28] current cache size: 313, finished: 0
[2026-04-14 03:33:29] current cache size: 313, finished: 0
[2026-04-14 03:33:29] current cache size: 315, finished: 0
[2026-04-14 03:33:30] current cache size: 319, finished: 0
[2026-04-14 03:33:31] current cache size: 319, finished: 0
[2026-04-14 03:33:31] current cache size: 323, finished: 0
[2026-04-14 03:33:32] current cache size: 325, finished: 0
[2026-04-14 03:33:33] current cache size: 325, finished: 0
[2026-04-14 03:33:33] current cache size: 327, finished: 0
[2026-04-14 03:33:34] current cache size: 328, finished: 0
[2026-04-14 03:33:35] current cache size: 329, finished: 0
[2026-04-14 03:33:36] current cache size: 330, finished: 0
[2026-04-14 03:33:36] current cache size: 331, finished: 0
[2026-04-14 03:33:37] current cache size: 333, finished: 0
[2026-04-14 03:33:38] current cache size: 333, finished: 0
[2026-04-14 03:33:38] current cache size: 334, finished: 0
[2026-04-14 03:33:39] current cache size: 335, finished: 0
[2026-04-14 03:33:40] current cache size: 337, finished: 0
[2026-04-14 03:33:40] current cache size: 339, finished: 0
[2026-04-14 03:33:41] current cache size: 340, finished: 0
[2026-04-14 03:33:42] current cache size: 341, finished: 0
[2026-04-14 03:33:42] current cache size: 343, finished: 0
[2026-04-14 03:33:43] current cache size: 343, finished: 0
[2026-04-14 03:33:44] current cache size: 345, finished: 0
[2026-04-14 03:33:45] current cache size: 347, finished: 0
[2026-04-14 03:33:45] current cache size: 348, finished: 0
[2026-04-14 03:33:46] current cache size: 351, finished: 0
[2026-04-14 03:33:47] current cache size: 352, finished: 0
[2026-04-14 03:33:47] current cache size: 352, finished: 0
[2026-04-14 03:33:48] current cache size: 353, finished: 0
[2026-04-14 03:33:49] current cache size: 355, finished: 0
[2026-04-14 03:33:49] current cache size: 355, finished: 0
[2026-04-14 03:33:50] current cache size: 355, finished: 0
[2026-04-14 03:33:51] current cache size: 358, finished: 0
[2026-04-14 03:33:52] current cache size: 358, finished: 0
[2026-04-14 03:33:52] current cache size: 360, finished: 0
[2026-04-14 03:33:53] current cache size: 361, finished: 0
[2026-04-14 03:33:54] current cache size: 362, finished: 0
[2026-04-14 03:33:54] current cache size: 363, finished: 0
[2026-04-14 03:33:55] current cache size: 365, finished: 0
[2026-04-14 03:33:56] current cache size: 368, finished: 0
[2026-04-14 03:33:56] current cache size: 369, finished: 0
[2026-04-14 03:33:57] current cache size: 370, finished: 0
[2026-04-14 03:33:58] current cache size: 370, finished: 0
[2026-04-14 03:33:58] current cache size: 370, finished: 0
[2026-04-14 03:33:59] current cache size: 370, finished: 0
[2026-04-14 03:34:00] current cache size: 371, finished: 0
[2026-04-14 03:34:01] current cache size: 371, finished: 0
[2026-04-14 03:34:01] current cache size: 371, finished: 0
[2026-04-14 03:34:02] current cache size: 373, finished: 0
[2026-04-14 03:34:03] current cache size: 373, finished: 0
[2026-04-14 03:34:03] current cache size: 378, finished: 0
[2026-04-14 03:34:04] current cache size: 378, finished: 0
[2026-04-14 03:34:05] current cache size: 380, finished: 0
[2026-04-14 03:34:05] current cache size: 381, finished: 0
[2026-04-14 03:34:06] current cache size: 385, finished: 0
[2026-04-14 03:34:07] current cache size: 385, finished: 0
[2026-04-14 03:34:07] current cache size: 385, finished: 0
[2026-04-14 03:34:08] current cache size: 386, finished: 0
[2026-04-14 03:34:09] current cache size: 387, finished: 0
[2026-04-14 03:34:09] current cache size: 390, finished: 0
[2026-04-14 03:34:10] current cache size: 393, finished: 0
[2026-04-14 03:34:11] current cache size: 394, finished: 0
[2026-04-14 03:34:11] current cache size: 395, finished: 0
[2026-04-14 03:34:12] current cache size: 395, finished: 0
[2026-04-14 03:34:13] current cache size: 397, finished: 0
[2026-04-14 03:34:13] current cache size: 399, finished: 0
[2026-04-14 03:34:14] current cache size: 399, finished: 0
[2026-04-14 03:34:15] current cache size: 399, finished: 0
[2026-04-14 03:34:15] current cache size: 399, finished: 0
[2026-04-14 03:34:16] current cache size: 401, finished: 0
[2026-04-14 03:34:17] current cache size: 401, finished: 0
[2026-04-14 03:34:18] current cache size: 402, finished: 0
[2026-04-14 03:34:18] current cache size: 404, finished: 0
[2026-04-14 03:34:19] current cache size: 405, finished: 0
[2026-04-14 03:34:20] current cache size: 405, finished: 0
[2026-04-14 03:34:20] current cache size: 409, finished: 0
[2026-04-14 03:34:21] current cache size: 410, finished: 0
[2026-04-14 03:34:22] current cache size: 411, finished: 0
[2026-04-14 03:34:22] current cache size: 412, finished: 0
[2026-04-14 03:34:23] current cache size: 412, finished: 0
[2026-04-14 03:34:24] current cache size: 413, finished: 0
[2026-04-14 03:34:24] current cache size: 415, finished: 0
[2026-04-14 03:34:25] current cache size: 416, finished: 0
[2026-04-14 03:34:26] current cache size: 416, finished: 0
[2026-04-14 03:34:26] current cache size: 420, finished: 0
[2026-04-14 03:34:27] current cache size: 420, finished: 0
[2026-04-14 03:34:28] current cache size: 420, finished: 0
[2026-04-14 03:34:28] current cache size: 423, finished: 0
[2026-04-14 03:34:29] current cache size: 424, finished: 0
[2026-04-14 03:34:30] current cache size: 426, finished: 0
[2026-04-14 03:34:30] current cache size: 428, finished: 0
[2026-04-14 03:34:31] current cache size: 428, finished: 0
[2026-04-14 03:34:32] current cache size: 429, finished: 0
[2026-04-14 03:34:32] current cache size: 432, finished: 0
[2026-04-14 03:34:33] current cache size: 432, finished: 0
[2026-04-14 03:34:34] current cache size: 433, finished: 0
[2026-04-14 03:34:35] current cache size: 436, finished: 0
[2026-04-14 03:34:35] current cache size: 439, finished: 0
[2026-04-14 03:34:36] current cache size: 439, finished: 0
[2026-04-14 03:34:37] current cache size: 441, finished: 0
[2026-04-14 03:34:37] current cache size: 443, finished: 0
[2026-04-14 03:34:38] current cache size: 444, finished: 0
[2026-04-14 03:34:39] current cache size: 444, finished: 0
[2026-04-14 03:34:39] current cache size: 445, finished: 0
[2026-04-14 03:34:40] current cache size: 445, finished: 0
[2026-04-14 03:34:41] current cache size: 446, finished: 0
[2026-04-14 03:34:41] current cache size: 447, finished: 0
[2026-04-14 03:34:42] current cache size: 448, finished: 0
[2026-04-14 03:34:43] current cache size: 450, finished: 0
[2026-04-14 03:34:43] current cache size: 452, finished: 0
[2026-04-14 03:34:44] current cache size: 452, finished: 0
[2026-04-14 03:34:45] current cache size: 454, finished: 0
[2026-04-14 03:34:45] current cache size: 456, finished: 0
[2026-04-14 03:34:46] current cache size: 457, finished: 0
[2026-04-14 03:34:47] current cache size: 458, finished: 0
[2026-04-14 03:34:47] current cache size: 460, finished: 0
[2026-04-14 03:34:48] current cache size: 460, finished: 0
[2026-04-14 03:34:49] current cache size: 461, finished: 0
[2026-04-14 03:34:49] current cache size: 462, finished: 0
[2026-04-14 03:34:50] current cache size: 462, finished: 0
[2026-04-14 03:34:51] current cache size: 462, finished: 0
[2026-04-14 03:34:52] current cache size: 464, finished: 0
[INCREMENTAL] cache size: 465, finished scales: 0/1
[GRASP DEBUG] step=400 grav=(0,9.81,0) | cond1(dist<0.1)=4006/4096 cond2(>=2 forces>0.2)=179/4096 cond3(quat<thresh)=2974/4096 all=177/4096 | ft_dist mean=0.0627 max=0.3030 | force mean=0.1961 max=28.4321
[GRASP DEBUG env0] obj_pos=[-0.05471038818359375, 0.008245468139648438, 0.6342218518257141]
[GRASP DEBUG env0]   ft0 pos=[-0.0053920745849609375, 0.04986572265625, 0.6372600197792053] dist=0.0646
[GRASP DEBUG env0]   ft1 pos=[-0.10773086547851562, 0.025197982788085938, 0.6045482754707336] dist=0.0631
[GRASP DEBUG env0]   ft2 pos=[-0.10216331481933594, 0.0039997100830078125, 0.6043187975883484] dist=0.0562
[GRASP DEBUG env0]   ft3 pos=[-0.10799598693847656, -0.016000747680664062, 0.6045084595680237] dist=0.0657
[GRASP DEBUG env0]   ft4 pos=[-0.08632278442382812, -0.035999298095703125, 0.6031016111373901] dist=0.0627
[2026-04-14 03:34:52] current cache size: 465, finished: 0
[2026-04-14 03:34:53] current cache size: 465, finished: 0
[2026-04-14 03:34:54] current cache size: 466, finished: 0
[2026-04-14 03:34:54] current cache size: 469, finished: 0
[2026-04-14 03:34:55] current cache size: 472, finished: 0
[2026-04-14 03:34:56] current cache size: 473, finished: 0
[2026-04-14 03:34:56] current cache size: 478, finished: 0
[2026-04-14 03:34:57] current cache size: 479, finished: 0
[2026-04-14 03:34:58] current cache size: 482, finished: 0
[2026-04-14 03:34:58] current cache size: 485, finished: 0
[2026-04-14 03:34:59] current cache size: 486, finished: 0
[2026-04-14 03:35:00] current cache size: 488, finished: 0
[2026-04-14 03:35:00] current cache size: 488, finished: 0
[2026-04-14 03:35:01] current cache size: 489, finished: 0
[2026-04-14 03:35:02] current cache size: 489, finished: 0
[2026-04-14 03:35:02] current cache size: 492, finished: 0
[2026-04-14 03:35:03] current cache size: 493, finished: 0
[2026-04-14 03:35:04] current cache size: 494, finished: 0
[2026-04-14 03:35:04] current cache size: 496, finished: 0
[2026-04-14 03:35:05] current cache size: 496, finished: 0
[2026-04-14 03:35:06] current cache size: 498, finished: 0
[2026-04-14 03:35:06] current cache size: 500, finished: 0
[2026-04-14 03:35:07] current cache size: 500, finished: 0
[2026-04-14 03:35:08] current cache size: 502, finished: 0
[2026-04-14 03:35:08] current cache size: 504, finished: 0
[2026-04-14 03:35:09] current cache size: 505, finished: 0
[2026-04-14 03:35:10] current cache size: 505, finished: 0
[2026-04-14 03:35:10] current cache size: 508, finished: 0
[2026-04-14 03:35:11] current cache size: 509, finished: 0
[2026-04-14 03:35:12] current cache size: 511, finished: 0
[2026-04-14 03:35:12] current cache size: 511, finished: 0
[2026-04-14 03:35:13] current cache size: 511, finished: 0
[2026-04-14 03:35:14] current cache size: 512, finished: 0
[2026-04-14 03:35:15] current cache size: 515, finished: 0
[2026-04-14 03:35:15] current cache size: 519, finished: 0
[2026-04-14 03:35:16] current cache size: 523, finished: 0
[2026-04-14 03:35:17] current cache size: 524, finished: 0
[2026-04-14 03:35:17] current cache size: 525, finished: 0
[2026-04-14 03:35:18] current cache size: 527, finished: 0
[2026-04-14 03:35:19] current cache size: 527, finished: 0
[2026-04-14 03:35:19] current cache size: 528, finished: 0
[2026-04-14 03:35:20] current cache size: 531, finished: 0
[2026-04-14 03:35:21] current cache size: 532, finished: 0
[2026-04-14 03:35:21] current cache size: 534, finished: 0
[2026-04-14 03:35:22] current cache size: 534, finished: 0
[2026-04-14 03:35:23] current cache size: 534, finished: 0
[2026-04-14 03:35:23] current cache size: 534, finished: 0
[2026-04-14 03:35:24] current cache size: 536, finished: 0
[2026-04-14 03:35:25] current cache size: 538, finished: 0
[2026-04-14 03:35:25] current cache size: 538, finished: 0
[2026-04-14 03:35:26] current cache size: 538, finished: 0
[2026-04-14 03:35:27] current cache size: 539, finished: 0
[2026-04-14 03:35:28] current cache size: 539, finished: 0
[2026-04-14 03:35:28] current cache size: 540, finished: 0
[2026-04-14 03:35:29] current cache size: 542, finished: 0
[2026-04-14 03:35:30] current cache size: 543, finished: 0
[2026-04-14 03:35:30] current cache size: 545, finished: 0
[2026-04-14 03:35:31] current cache size: 548, finished: 0
[2026-04-14 03:35:32] current cache size: 548, finished: 0
[2026-04-14 03:35:32] current cache size: 548, finished: 0
[2026-04-14 03:35:33] current cache size: 549, finished: 0
[2026-04-14 03:35:34] current cache size: 550, finished: 0
[2026-04-14 03:35:34] current cache size: 551, finished: 0
[2026-04-14 03:35:35] current cache size: 551, finished: 0
[2026-04-14 03:35:36] current cache size: 551, finished: 0
[2026-04-14 03:35:36] current cache size: 551, finished: 0
[2026-04-14 03:35:37] current cache size: 553, finished: 0
[2026-04-14 03:35:38] current cache size: 553, finished: 0
[2026-04-14 03:35:39] current cache size: 553, finished: 0
[2026-04-14 03:35:39] current cache size: 553, finished: 0
[2026-04-14 03:35:40] current cache size: 554, finished: 0
[2026-04-14 03:35:41] current cache size: 554, finished: 0
[2026-04-14 03:35:41] current cache size: 556, finished: 0
[2026-04-14 03:35:42] current cache size: 558, finished: 0
[2026-04-14 03:35:43] current cache size: 559, finished: 0
[2026-04-14 03:35:43] current cache size: 559, finished: 0
[2026-04-14 03:35:44] current cache size: 559, finished: 0
[2026-04-14 03:35:45] current cache size: 559, finished: 0
[2026-04-14 03:35:45] current cache size: 560, finished: 0
[2026-04-14 03:35:46] current cache size: 560, finished: 0
[2026-04-14 03:35:47] current cache size: 560, finished: 0
[2026-04-14 03:35:48] current cache size: 560, finished: 0
[2026-04-14 03:35:48] current cache size: 562, finished: 0
[2026-04-14 03:35:49] current cache size: 563, finished: 0
[2026-04-14 03:35:50] current cache size: 566, finished: 0
[2026-04-14 03:35:50] current cache size: 567, finished: 0
[2026-04-14 03:35:51] current cache size: 569, finished: 0
[2026-04-14 03:35:52] current cache size: 571, finished: 0
[2026-04-14 03:35:52] current cache size: 572, finished: 0
[2026-04-14 03:35:53] current cache size: 573, finished: 0
[2026-04-14 03:35:54] current cache size: 573, finished: 0
[2026-04-14 03:35:54] current cache size: 573, finished: 0
[2026-04-14 03:35:55] current cache size: 574, finished: 0
[2026-04-14 03:35:56] current cache size: 577, finished: 0
[2026-04-14 03:35:56] current cache size: 578, finished: 0
[2026-04-14 03:35:57] current cache size: 578, finished: 0
[2026-04-14 03:35:58] current cache size: 582, finished: 0
[2026-04-14 03:35:59] current cache size: 582, finished: 0
[2026-04-14 03:35:59] current cache size: 582, finished: 0
[2026-04-14 03:36:00] current cache size: 583, finished: 0
[2026-04-14 03:36:01] current cache size: 583, finished: 0
[2026-04-14 03:36:01] current cache size: 583, finished: 0
[2026-04-14 03:36:02] current cache size: 583, finished: 0
[2026-04-14 03:36:03] current cache size: 583, finished: 0
[2026-04-14 03:36:03] current cache size: 583, finished: 0
[2026-04-14 03:36:04] current cache size: 583, finished: 0
[2026-04-14 03:36:05] current cache size: 586, finished: 0
[2026-04-14 03:36:05] current cache size: 586, finished: 0
[2026-04-14 03:36:06] current cache size: 588, finished: 0
[2026-04-14 03:36:07] current cache size: 588, finished: 0
[2026-04-14 03:36:07] current cache size: 590, finished: 0
[2026-04-14 03:36:08] current cache size: 590, finished: 0
[2026-04-14 03:36:09] current cache size: 591, finished: 0
[2026-04-14 03:36:09] current cache size: 592, finished: 0
[2026-04-14 03:36:10] current cache size: 593, finished: 0
[2026-04-14 03:36:11] current cache size: 594, finished: 0
[2026-04-14 03:36:12] current cache size: 595, finished: 0
[2026-04-14 03:36:12] current cache size: 598, finished: 0
[2026-04-14 03:36:13] current cache size: 599, finished: 0
[2026-04-14 03:36:14] current cache size: 599, finished: 0
[2026-04-14 03:36:14] current cache size: 600, finished: 0
[2026-04-14 03:36:15] current cache size: 601, finished: 0
[2026-04-14 03:36:16] current cache size: 601, finished: 0
[2026-04-14 03:36:16] current cache size: 603, finished: 0
[2026-04-14 03:36:17] current cache size: 604, finished: 0
[2026-04-14 03:36:18] current cache size: 604, finished: 0
[2026-04-14 03:36:18] current cache size: 605, finished: 0
[2026-04-14 03:36:19] current cache size: 606, finished: 0
[2026-04-14 03:36:20] current cache size: 606, finished: 0
[2026-04-14 03:36:21] current cache size: 607, finished: 0
[2026-04-14 03:36:21] current cache size: 608, finished: 0
[2026-04-14 03:36:22] current cache size: 609, finished: 0
[2026-04-14 03:36:23] current cache size: 611, finished: 0
[2026-04-14 03:36:23] current cache size: 613, finished: 0
[2026-04-14 03:36:24] current cache size: 613, finished: 0
[2026-04-14 03:36:25] current cache size: 614, finished: 0
[2026-04-14 03:36:25] current cache size: 615, finished: 0
[2026-04-14 03:36:26] current cache size: 617, finished: 0
[2026-04-14 03:36:27] current cache size: 617, finished: 0
[2026-04-14 03:36:27] current cache size: 620, finished: 0
[2026-04-14 03:36:28] current cache size: 622, finished: 0
[2026-04-14 03:36:29] current cache size: 623, finished: 0
[2026-04-14 03:36:30] current cache size: 628, finished: 0
[2026-04-14 03:36:30] current cache size: 632, finished: 0
[2026-04-14 03:36:31] current cache size: 633, finished: 0
[2026-04-14 03:36:32] current cache size: 634, finished: 0
[2026-04-14 03:36:32] current cache size: 636, finished: 0
[2026-04-14 03:36:33] current cache size: 639, finished: 0
[2026-04-14 03:36:34] current cache size: 639, finished: 0
[2026-04-14 03:36:34] current cache size: 639, finished: 0
[2026-04-14 03:36:35] current cache size: 639, finished: 0
[2026-04-14 03:36:36] current cache size: 640, finished: 0
[2026-04-14 03:36:37] current cache size: 640, finished: 0
[2026-04-14 03:36:37] current cache size: 641, finished: 0
[2026-04-14 03:36:38] current cache size: 641, finished: 0
[2026-04-14 03:36:39] current cache size: 643, finished: 0
[2026-04-14 03:36:39] current cache size: 643, finished: 0
[2026-04-14 03:36:40] current cache size: 645, finished: 0
[2026-04-14 03:36:41] current cache size: 648, finished: 0
[2026-04-14 03:36:41] current cache size: 649, finished: 0
[2026-04-14 03:36:42] current cache size: 649, finished: 0
[2026-04-14 03:36:43] current cache size: 650, finished: 0
[2026-04-14 03:36:44] current cache size: 651, finished: 0
[2026-04-14 03:36:44] current cache size: 655, finished: 0
[2026-04-14 03:36:45] current cache size: 657, finished: 0
[2026-04-14 03:36:46] current cache size: 659, finished: 0
[2026-04-14 03:36:46] current cache size: 661, finished: 0
[2026-04-14 03:36:47] current cache size: 662, finished: 0
[2026-04-14 03:36:48] current cache size: 664, finished: 0
[2026-04-14 03:36:48] current cache size: 664, finished: 0
[2026-04-14 03:36:49] current cache size: 664, finished: 0
[2026-04-14 03:36:50] current cache size: 665, finished: 0
[2026-04-14 03:36:50] current cache size: 667, finished: 0
[2026-04-14 03:36:51] current cache size: 667, finished: 0
[2026-04-14 03:36:52] current cache size: 671, finished: 0
[2026-04-14 03:36:52] current cache size: 672, finished: 0
[2026-04-14 03:36:53] current cache size: 674, finished: 0
[2026-04-14 03:36:54] current cache size: 675, finished: 0
[2026-04-14 03:36:54] current cache size: 678, finished: 0
[2026-04-14 03:36:55] current cache size: 679, finished: 0
[2026-04-14 03:36:56] current cache size: 681, finished: 0
[2026-04-14 03:36:56] current cache size: 682, finished: 0
[2026-04-14 03:36:57] current cache size: 683, finished: 0
[2026-04-14 03:36:58] current cache size: 684, finished: 0
[2026-04-14 03:36:59] current cache size: 684, finished: 0
[2026-04-14 03:36:59] current cache size: 684, finished: 0
[2026-04-14 03:37:00] current cache size: 686, finished: 0
[2026-04-14 03:37:01] current cache size: 687, finished: 0
[2026-04-14 03:37:01] current cache size: 688, finished: 0
[2026-04-14 03:37:02] current cache size: 691, finished: 0
[2026-04-14 03:37:03] current cache size: 691, finished: 0
[2026-04-14 03:37:03] current cache size: 694, finished: 0
[2026-04-14 03:37:04] current cache size: 695, finished: 0
[2026-04-14 03:37:05] current cache size: 696, finished: 0
[2026-04-14 03:37:05] current cache size: 696, finished: 0
[2026-04-14 03:37:06] current cache size: 696, finished: 0
[2026-04-14 03:37:07] current cache size: 697, finished: 0
[2026-04-14 03:37:07] current cache size: 701, finished: 0
[2026-04-14 03:37:08] current cache size: 701, finished: 0
[2026-04-14 03:37:09] current cache size: 701, finished: 0
[INCREMENTAL] cache size: 703, finished scales: 0/1
[GRASP DEBUG] step=600 grav=(0,0,-9.81) | cond1(dist<0.1)=4009/4096 cond2(>=2 forces>0.2)=191/4096 cond3(quat<thresh)=2854/4096 all=191/4096 | ft_dist mean=0.0623 max=0.2923 | force mean=0.1761 max=28.4980
[GRASP DEBUG env0] obj_pos=[-0.0776824951171875, 0.008014678955078125, 0.6427018046379089]
[GRASP DEBUG env0]   ft0 pos=[-0.02105712890625, 0.009815216064453125, 0.6418749690055847] dist=0.0567
[GRASP DEBUG env0]   ft1 pos=[-0.11088752746582031, 0.029314041137695312, 0.6044670343399048] dist=0.0549
[GRASP DEBUG env0]   ft2 pos=[-0.11418724060058594, 0.0039997100830078125, 0.6043626070022583] dist=0.0531
[GRASP DEBUG env0]   ft3 pos=[-0.11127853393554688, -0.016000747680664062, 0.6043598055839539] dist=0.0564
[GRASP DEBUG env0]   ft4 pos=[-0.10042190551757812, -0.035999298095703125, 0.6045321226119995] dist=0.0625
[2026-04-14 03:37:09] current cache size: 703, finished: 0
[2026-04-14 03:37:10] current cache size: 705, finished: 0
[2026-04-14 03:37:11] current cache size: 706, finished: 0
[2026-04-14 03:37:11] current cache size: 707, finished: 0
[2026-04-14 03:37:12] current cache size: 708, finished: 0
[2026-04-14 03:37:13] current cache size: 711, finished: 0
[2026-04-14 03:37:14] current cache size: 711, finished: 0
[2026-04-14 03:37:14] current cache size: 712, finished: 0
[2026-04-14 03:37:15] current cache size: 713, finished: 0
[2026-04-14 03:37:16] current cache size: 715, finished: 0
[2026-04-14 03:37:16] current cache size: 716, finished: 0
[2026-04-14 03:37:17] current cache size: 719, finished: 0
[2026-04-14 03:37:18] current cache size: 720, finished: 0
[2026-04-14 03:37:18] current cache size: 720, finished: 0
[2026-04-14 03:37:19] current cache size: 722, finished: 0
[2026-04-14 03:37:20] current cache size: 722, finished: 0
[2026-04-14 03:37:20] current cache size: 723, finished: 0
[2026-04-14 03:37:21] current cache size: 724, finished: 0
[2026-04-14 03:37:22] current cache size: 726, finished: 0
[2026-04-14 03:37:22] current cache size: 726, finished: 0
[2026-04-14 03:37:23] current cache size: 729, finished: 0
[2026-04-14 03:37:24] current cache size: 730, finished: 0
[2026-04-14 03:37:24] current cache size: 730, finished: 0
[2026-04-14 03:37:25] current cache size: 731, finished: 0
[2026-04-14 03:37:26] current cache size: 733, finished: 0
[2026-04-14 03:37:26] current cache size: 733, finished: 0
[2026-04-14 03:37:27] current cache size: 733, finished: 0
[2026-04-14 03:37:28] current cache size: 737, finished: 0
[2026-04-14 03:37:28] current cache size: 740, finished: 0
[2026-04-14 03:37:29] current cache size: 741, finished: 0
[2026-04-14 03:37:30] current cache size: 743, finished: 0
[2026-04-14 03:37:31] current cache size: 746, finished: 0
[2026-04-14 03:37:31] current cache size: 746, finished: 0
[2026-04-14 03:37:32] current cache size: 747, finished: 0
[2026-04-14 03:37:33] current cache size: 748, finished: 0
[2026-04-14 03:37:33] current cache size: 749, finished: 0
[2026-04-14 03:37:34] current cache size: 751, finished: 0
[2026-04-14 03:37:35] current cache size: 754, finished: 0
[2026-04-14 03:37:35] current cache size: 756, finished: 0
[2026-04-14 03:37:36] current cache size: 759, finished: 0
[2026-04-14 03:37:37] current cache size: 762, finished: 0
[2026-04-14 03:37:37] current cache size: 763, finished: 0
[2026-04-14 03:37:38] current cache size: 763, finished: 0
[2026-04-14 03:37:39] current cache size: 765, finished: 0
[2026-04-14 03:37:39] current cache size: 768, finished: 0
[2026-04-14 03:37:40] current cache size: 771, finished: 0
[2026-04-14 03:37:41] current cache size: 773, finished: 0
[2026-04-14 03:37:41] current cache size: 776, finished: 0
[2026-04-14 03:37:42] current cache size: 778, finished: 0
[2026-04-14 03:37:43] current cache size: 779, finished: 0
[2026-04-14 03:37:43] current cache size: 781, finished: 0
[2026-04-14 03:37:44] current cache size: 784, finished: 0
[2026-04-14 03:37:45] current cache size: 784, finished: 0
[2026-04-14 03:37:46] current cache size: 784, finished: 0
[2026-04-14 03:37:46] current cache size: 787, finished: 0
[2026-04-14 03:37:47] current cache size: 788, finished: 0
[2026-04-14 03:37:48] current cache size: 791, finished: 0
[2026-04-14 03:37:48] current cache size: 793, finished: 0
[2026-04-14 03:37:49] current cache size: 793, finished: 0
[2026-04-14 03:37:50] current cache size: 795, finished: 0
[2026-04-14 03:37:50] current cache size: 798, finished: 0
[2026-04-14 03:37:51] current cache size: 798, finished: 0
[2026-04-14 03:37:52] current cache size: 800, finished: 0
[2026-04-14 03:37:52] current cache size: 800, finished: 0
[2026-04-14 03:37:53] current cache size: 803, finished: 0
[2026-04-14 03:37:54] current cache size: 805, finished: 0
[2026-04-14 03:37:54] current cache size: 806, finished: 0
[2026-04-14 03:37:55] current cache size: 810, finished: 0
[2026-04-14 03:37:56] current cache size: 810, finished: 0
[2026-04-14 03:37:56] current cache size: 815, finished: 0
[2026-04-14 03:37:57] current cache size: 815, finished: 0
[2026-04-14 03:37:58] current cache size: 818, finished: 0
[2026-04-14 03:37:58] current cache size: 820, finished: 0
[2026-04-14 03:37:59] current cache size: 822, finished: 0
[2026-04-14 03:38:00] current cache size: 825, finished: 0
[2026-04-14 03:38:00] current cache size: 829, finished: 0
[2026-04-14 03:38:01] current cache size: 832, finished: 0
[2026-04-14 03:38:02] current cache size: 834, finished: 0
[2026-04-14 03:38:02] current cache size: 835, finished: 0
[2026-04-14 03:38:03] current cache size: 835, finished: 0
[2026-04-14 03:38:04] current cache size: 836, finished: 0
[2026-04-14 03:38:05] current cache size: 837, finished: 0
[2026-04-14 03:38:05] current cache size: 837, finished: 0
[2026-04-14 03:38:06] current cache size: 837, finished: 0
[2026-04-14 03:38:07] current cache size: 838, finished: 0
[2026-04-14 03:38:07] current cache size: 839, finished: 0
[2026-04-14 03:38:08] current cache size: 840, finished: 0
[2026-04-14 03:38:09] current cache size: 841, finished: 0
[2026-04-14 03:38:09] current cache size: 842, finished: 0
[2026-04-14 03:38:10] current cache size: 842, finished: 0
[2026-04-14 03:38:11] current cache size: 842, finished: 0
[2026-04-14 03:38:11] current cache size: 842, finished: 0
[2026-04-14 03:38:12] current cache size: 842, finished: 0
[2026-04-14 03:38:13] current cache size: 842, finished: 0
[2026-04-14 03:38:14] current cache size: 844, finished: 0
[2026-04-14 03:38:14] current cache size: 844, finished: 0
[2026-04-14 03:38:15] current cache size: 844, finished: 0
[2026-04-14 03:38:16] current cache size: 844, finished: 0
[2026-04-14 03:38:16] current cache size: 845, finished: 0
[2026-04-14 03:38:17] current cache size: 846, finished: 0
[2026-04-14 03:38:18] current cache size: 846, finished: 0
[2026-04-14 03:38:18] current cache size: 846, finished: 0
[2026-04-14 03:38:19] current cache size: 847, finished: 0
[2026-04-14 03:38:20] current cache size: 847, finished: 0
[2026-04-14 03:38:20] current cache size: 847, finished: 0
[2026-04-14 03:38:21] current cache size: 848, finished: 0
[2026-04-14 03:38:22] current cache size: 849, finished: 0
[2026-04-14 03:38:23] current cache size: 849, finished: 0
[2026-04-14 03:38:23] current cache size: 850, finished: 0
[2026-04-14 03:38:24] current cache size: 850, finished: 0
[2026-04-14 03:38:25] current cache size: 851, finished: 0
[2026-04-14 03:38:25] current cache size: 851, finished: 0
[2026-04-14 03:38:26] current cache size: 851, finished: 0
[2026-04-14 03:38:27] current cache size: 851, finished: 0
[2026-04-14 03:38:27] current cache size: 853, finished: 0
[2026-04-14 03:38:28] current cache size: 854, finished: 0
[2026-04-14 03:38:29] current cache size: 854, finished: 0
[2026-04-14 03:38:29] current cache size: 856, finished: 0
[2026-04-14 03:38:30] current cache size: 856, finished: 0
[2026-04-14 03:38:31] current cache size: 856, finished: 0
[2026-04-14 03:38:31] current cache size: 856, finished: 0
[2026-04-14 03:38:32] current cache size: 858, finished: 0
[2026-04-14 03:38:33] current cache size: 859, finished: 0
[2026-04-14 03:38:34] current cache size: 859, finished: 0
[2026-04-14 03:38:34] current cache size: 859, finished: 0
[2026-04-14 03:38:35] current cache size: 861, finished: 0
[2026-04-14 03:38:36] current cache size: 861, finished: 0
[2026-04-14 03:38:36] current cache size: 862, finished: 0
[2026-04-14 03:38:37] current cache size: 866, finished: 0
[2026-04-14 03:38:38] current cache size: 869, finished: 0
[2026-04-14 03:38:38] current cache size: 870, finished: 0
[2026-04-14 03:38:39] current cache size: 870, finished: 0
[2026-04-14 03:38:40] current cache size: 872, finished: 0
[2026-04-14 03:38:40] current cache size: 874, finished: 0
[2026-04-14 03:38:41] current cache size: 876, finished: 0
[2026-04-14 03:38:42] current cache size: 877, finished: 0
[2026-04-14 03:38:42] current cache size: 878, finished: 0
[2026-04-14 03:38:43] current cache size: 878, finished: 0
[2026-04-14 03:38:44] current cache size: 880, finished: 0
[2026-04-14 03:38:44] current cache size: 881, finished: 0
[2026-04-14 03:38:45] current cache size: 882, finished: 0
[2026-04-14 03:38:46] current cache size: 884, finished: 0
[2026-04-14 03:38:46] current cache size: 887, finished: 0
[2026-04-14 03:38:47] current cache size: 889, finished: 0
[2026-04-14 03:38:48] current cache size: 889, finished: 0
[2026-04-14 03:38:49] current cache size: 889, finished: 0
[2026-04-14 03:38:49] current cache size: 889, finished: 0
[2026-04-14 03:38:50] current cache size: 891, finished: 0
[2026-04-14 03:38:51] current cache size: 891, finished: 0
[2026-04-14 03:38:51] current cache size: 894, finished: 0
[2026-04-14 03:38:52] current cache size: 896, finished: 0
[2026-04-14 03:38:53] current cache size: 897, finished: 0
[2026-04-14 03:38:53] current cache size: 897, finished: 0
[2026-04-14 03:38:54] current cache size: 899, finished: 0
[2026-04-14 03:38:55] current cache size: 899, finished: 0
[2026-04-14 03:38:55] current cache size: 899, finished: 0
[2026-04-14 03:38:56] current cache size: 900, finished: 0
[2026-04-14 03:38:57] current cache size: 900, finished: 0
[2026-04-14 03:38:57] current cache size: 902, finished: 0
[2026-04-14 03:38:58] current cache size: 902, finished: 0
[2026-04-14 03:38:59] current cache size: 904, finished: 0
[2026-04-14 03:38:59] current cache size: 906, finished: 0
[2026-04-14 03:39:00] current cache size: 908, finished: 0
[2026-04-14 03:39:01] current cache size: 909, finished: 0
[2026-04-14 03:39:02] current cache size: 910, finished: 0
[2026-04-14 03:39:02] current cache size: 911, finished: 0
[2026-04-14 03:39:03] current cache size: 912, finished: 0
[2026-04-14 03:39:04] current cache size: 912, finished: 0
[2026-04-14 03:39:04] current cache size: 915, finished: 0
[2026-04-14 03:39:05] current cache size: 917, finished: 0
[2026-04-14 03:39:06] current cache size: 918, finished: 0
[2026-04-14 03:39:06] current cache size: 918, finished: 0
[2026-04-14 03:39:07] current cache size: 920, finished: 0
[2026-04-14 03:39:08] current cache size: 921, finished: 0
[2026-04-14 03:39:08] current cache size: 923, finished: 0
[2026-04-14 03:39:09] current cache size: 923, finished: 0
[2026-04-14 03:39:10] current cache size: 925, finished: 0
[2026-04-14 03:39:11] current cache size: 925, finished: 0
[2026-04-14 03:39:11] current cache size: 930, finished: 0
[2026-04-14 03:39:12] current cache size: 931, finished: 0
[2026-04-14 03:39:13] current cache size: 931, finished: 0
[2026-04-14 03:39:13] current cache size: 931, finished: 0
[2026-04-14 03:39:14] current cache size: 932, finished: 0
[2026-04-14 03:39:15] current cache size: 933, finished: 0
[2026-04-14 03:39:15] current cache size: 934, finished: 0
[2026-04-14 03:39:16] current cache size: 934, finished: 0
[2026-04-14 03:39:17] current cache size: 934, finished: 0
[2026-04-14 03:39:18] current cache size: 936, finished: 0
[2026-04-14 03:39:18] current cache size: 939, finished: 0
[2026-04-14 03:39:19] current cache size: 939, finished: 0
[2026-04-14 03:39:20] current cache size: 940, finished: 0
[2026-04-14 03:39:20] current cache size: 942, finished: 0
[2026-04-14 03:39:21] current cache size: 943, finished: 0
[2026-04-14 03:39:22] current cache size: 943, finished: 0
[2026-04-14 03:39:22] current cache size: 944, finished: 0
[2026-04-14 03:39:23] current cache size: 946, finished: 0
[2026-04-14 03:39:24] current cache size: 947, finished: 0
[2026-04-14 03:39:24] current cache size: 947, finished: 0
[2026-04-14 03:39:25] current cache size: 948, finished: 0
[2026-04-14 03:39:26] current cache size: 949, finished: 0
[INCREMENTAL] cache size: 951, finished scales: 0/1
[GRASP DEBUG] step=800 grav=(0,0,9.81) | cond1(dist<0.1)=3959/4096 cond2(>=2 forces>0.2)=187/4096 cond3(quat<thresh)=2448/4096 all=184/4096 | ft_dist mean=0.0650 max=0.3340 | force mean=0.1791 max=57.6771
[GRASP DEBUG env0] obj_pos=[-0.04482841491699219, -0.028890609741210938, 0.6424537897109985]
[GRASP DEBUG env0]   ft0 pos=[-0.015432357788085938, 0.038875579833984375, 0.6415113806724548] dist=0.0739
[GRASP DEBUG env0]   ft1 pos=[-0.10581779479980469, 0.025241851806640625, 0.6045312285423279] dist=0.0899
[GRASP DEBUG env0]   ft2 pos=[-0.10315132141113281, 0.0039997100830078125, 0.6044048070907593] dist=0.0770
[GRASP DEBUG env0]   ft3 pos=[-0.10375404357910156, -0.016000747680664062, 0.6045376658439636] dist=0.0712
[GRASP DEBUG env0]   ft4 pos=[-0.09085273742675781, -0.035999298095703125, 0.6038461327552795] dist=0.0605
[2026-04-14 03:39:27] current cache size: 951, finished: 0
[2026-04-14 03:39:27] current cache size: 953, finished: 0
[2026-04-14 03:39:28] current cache size: 953, finished: 0
[2026-04-14 03:39:29] current cache size: 954, finished: 0
[2026-04-14 03:39:29] current cache size: 954, finished: 0
[2026-04-14 03:39:30] current cache size: 957, finished: 0
[2026-04-14 03:39:31] current cache size: 957, finished: 0
[2026-04-14 03:39:31] current cache size: 961, finished: 0
[2026-04-14 03:39:32] current cache size: 963, finished: 0
[2026-04-14 03:39:33] current cache size: 966, finished: 0
[2026-04-14 03:39:33] current cache size: 968, finished: 0
[2026-04-14 03:39:34] current cache size: 969, finished: 0
[2026-04-14 03:39:35] current cache size: 973, finished: 0
[2026-04-14 03:39:35] current cache size: 975, finished: 0
[2026-04-14 03:39:36] current cache size: 978, finished: 0
[2026-04-14 03:39:37] current cache size: 979, finished: 0
[2026-04-14 03:39:37] current cache size: 982, finished: 0
[2026-04-14 03:39:38] current cache size: 983, finished: 0
[2026-04-14 03:39:39] current cache size: 983, finished: 0
[2026-04-14 03:39:40] current cache size: 984, finished: 0
[2026-04-14 03:39:40] current cache size: 984, finished: 0
[2026-04-14 03:39:41] current cache size: 986, finished: 0
[2026-04-14 03:39:42] current cache size: 989, finished: 0
[2026-04-14 03:39:42] current cache size: 990, finished: 0
[2026-04-14 03:39:43] current cache size: 995, finished: 0
[2026-04-14 03:39:44] current cache size: 995, finished: 0
[2026-04-14 03:39:44] current cache size: 996, finished: 0
[2026-04-14 03:39:45] current cache size: 998, finished: 0
[2026-04-14 03:39:46] current cache size: 1001, finished: 0
[2026-04-14 03:39:46] current cache size: 1002, finished: 0
[2026-04-14 03:39:47] current cache size: 1006, finished: 0
[2026-04-14 03:39:48] current cache size: 1008, finished: 0
[2026-04-14 03:39:48] current cache size: 1010, finished: 0
[2026-04-14 03:39:49] current cache size: 1010, finished: 0
[2026-04-14 03:39:50] current cache size: 1012, finished: 0
[2026-04-14 03:39:50] current cache size: 1013, finished: 0
[2026-04-14 03:39:51] current cache size: 1014, finished: 0
[2026-04-14 03:39:52] current cache size: 1015, finished: 0
[2026-04-14 03:39:52] current cache size: 1017, finished: 0
[2026-04-14 03:39:53] current cache size: 1017, finished: 0
[2026-04-14 03:39:54] current cache size: 1021, finished: 0
[2026-04-14 03:39:55] current cache size: 1026, finished: 0
[2026-04-14 03:39:55] current cache size: 1028, finished: 0
[2026-04-14 03:39:56] current cache size: 1029, finished: 0
[2026-04-14 03:39:57] current cache size: 1029, finished: 0
[2026-04-14 03:39:57] current cache size: 1030, finished: 0
[2026-04-14 03:39:58] current cache size: 1031, finished: 0
[2026-04-14 03:39:59] current cache size: 1033, finished: 0
[2026-04-14 03:39:59] current cache size: 1033, finished: 0
[2026-04-14 03:40:00] current cache size: 1034, finished: 0
[2026-04-14 03:40:01] current cache size: 1035, finished: 0
[2026-04-14 03:40:01] current cache size: 1037, finished: 0
[2026-04-14 03:40:02] current cache size: 1039, finished: 0
[2026-04-14 03:40:03] current cache size: 1039, finished: 0
[2026-04-14 03:40:03] current cache size: 1039, finished: 0
[2026-04-14 03:40:04] current cache size: 1039, finished: 0
[2026-04-14 03:40:05] current cache size: 1041, finished: 0
[2026-04-14 03:40:05] current cache size: 1042, finished: 0
[2026-04-14 03:40:06] current cache size: 1043, finished: 0
[2026-04-14 03:40:07] current cache size: 1044, finished: 0
[2026-04-14 03:40:07] current cache size: 1045, finished: 0
[2026-04-14 03:40:08] current cache size: 1048, finished: 0
[2026-04-14 03:40:09] current cache size: 1050, finished: 0
[2026-04-14 03:40:10] current cache size: 1051, finished: 0
[2026-04-14 03:40:10] current cache size: 1053, finished: 0
[2026-04-14 03:40:11] current cache size: 1054, finished: 0
[2026-04-14 03:40:12] current cache size: 1056, finished: 0
[2026-04-14 03:40:12] current cache size: 1056, finished: 0
[2026-04-14 03:40:13] current cache size: 1057, finished: 0
[2026-04-14 03:40:14] current cache size: 1057, finished: 0
[2026-04-14 03:40:14] current cache size: 1057, finished: 0
[2026-04-14 03:40:15] current cache size: 1057, finished: 0
[2026-04-14 03:40:16] current cache size: 1057, finished: 0
[2026-04-14 03:40:16] current cache size: 1058, finished: 0
[2026-04-14 03:40:17] current cache size: 1061, finished: 0
[2026-04-14 03:40:18] current cache size: 1061, finished: 0
[2026-04-14 03:40:18] current cache size: 1062, finished: 0
[2026-04-14 03:40:19] current cache size: 1063, finished: 0
[2026-04-14 03:40:20] current cache size: 1065, finished: 0
[2026-04-14 03:40:20] current cache size: 1067, finished: 0
[2026-04-14 03:40:21] current cache size: 1068, finished: 0
[2026-04-14 03:40:22] current cache size: 1068, finished: 0
[2026-04-14 03:40:23] current cache size: 1068, finished: 0
[2026-04-14 03:40:23] current cache size: 1070, finished: 0
[2026-04-14 03:40:24] current cache size: 1071, finished: 0
[2026-04-14 03:40:25] current cache size: 1072, finished: 0
[2026-04-14 03:40:25] current cache size: 1077, finished: 0
[2026-04-14 03:40:26] current cache size: 1078, finished: 0
[2026-04-14 03:40:27] current cache size: 1080, finished: 0
[2026-04-14 03:40:27] current cache size: 1082, finished: 0
[2026-04-14 03:40:28] current cache size: 1084, finished: 0
[2026-04-14 03:40:29] current cache size: 1087, finished: 0
[2026-04-14 03:40:29] current cache size: 1090, finished: 0
[2026-04-14 03:40:30] current cache size: 1091, finished: 0
[2026-04-14 03:40:31] current cache size: 1093, finished: 0
[2026-04-14 03:40:31] current cache size: 1094, finished: 0
[2026-04-14 03:40:32] current cache size: 1095, finished: 0
[2026-04-14 03:40:33] current cache size: 1097, finished: 0
[2026-04-14 03:40:33] current cache size: 1099, finished: 0
[2026-04-14 03:40:34] current cache size: 1101, finished: 0
[2026-04-14 03:40:35] current cache size: 1105, finished: 0
[2026-04-14 03:40:35] current cache size: 1106, finished: 0
[2026-04-14 03:40:36] current cache size: 1107, finished: 0
[2026-04-14 03:40:37] current cache size: 1111, finished: 0
[2026-04-14 03:40:38] current cache size: 1116, finished: 0
[2026-04-14 03:40:38] current cache size: 1117, finished: 0
[2026-04-14 03:40:39] current cache size: 1119, finished: 0
[2026-04-14 03:40:40] current cache size: 1119, finished: 0
[2026-04-14 03:40:40] current cache size: 1123, finished: 0
[2026-04-14 03:40:41] current cache size: 1125, finished: 0
[2026-04-14 03:40:42] current cache size: 1128, finished: 0
[2026-04-14 03:40:42] current cache size: 1130, finished: 0
[2026-04-14 03:40:43] current cache size: 1132, finished: 0
[2026-04-14 03:40:44] current cache size: 1135, finished: 0
[2026-04-14 03:40:44] current cache size: 1137, finished: 0
[2026-04-14 03:40:45] current cache size: 1140, finished: 0
[2026-04-14 03:40:46] current cache size: 1141, finished: 0
[2026-04-14 03:40:46] current cache size: 1142, finished: 0
[2026-04-14 03:40:47] current cache size: 1142, finished: 0
[2026-04-14 03:40:48] current cache size: 1143, finished: 0
[2026-04-14 03:40:48] current cache size: 1145, finished: 0
[2026-04-14 03:40:49] current cache size: 1145, finished: 0
[2026-04-14 03:40:50] current cache size: 1146, finished: 0
[2026-04-14 03:40:50] current cache size: 1147, finished: 0
[2026-04-14 03:40:51] current cache size: 1151, finished: 0
[2026-04-14 03:40:52] current cache size: 1151, finished: 0
[2026-04-14 03:40:53] current cache size: 1152, finished: 0
[2026-04-14 03:40:53] current cache size: 1152, finished: 0
[2026-04-14 03:40:54] current cache size: 1153, finished: 0
[2026-04-14 03:40:55] current cache size: 1153, finished: 0
[2026-04-14 03:40:55] current cache size: 1155, finished: 0
[2026-04-14 03:40:56] current cache size: 1155, finished: 0
[2026-04-14 03:40:57] current cache size: 1155, finished: 0
[2026-04-14 03:40:57] current cache size: 1156, finished: 0
[2026-04-14 03:40:58] current cache size: 1156, finished: 0
[2026-04-14 03:40:59] current cache size: 1157, finished: 0
[2026-04-14 03:40:59] current cache size: 1158, finished: 0
[2026-04-14 03:41:00] current cache size: 1158, finished: 0
[2026-04-14 03:41:01] current cache size: 1159, finished: 0
[2026-04-14 03:41:02] current cache size: 1159, finished: 0
[2026-04-14 03:41:02] current cache size: 1161, finished: 0
[2026-04-14 03:41:03] current cache size: 1162, finished: 0
[2026-04-14 03:41:04] current cache size: 1163, finished: 0
[2026-04-14 03:41:04] current cache size: 1163, finished: 0
[2026-04-14 03:41:05] current cache size: 1164, finished: 0
[2026-04-14 03:41:06] current cache size: 1164, finished: 0
[2026-04-14 03:41:06] current cache size: 1164, finished: 0
[2026-04-14 03:41:07] current cache size: 1165, finished: 0
[2026-04-14 03:41:08] current cache size: 1165, finished: 0
[2026-04-14 03:41:08] current cache size: 1165, finished: 0
[2026-04-14 03:41:09] current cache size: 1166, finished: 0
[2026-04-14 03:41:10] current cache size: 1167, finished: 0
[2026-04-14 03:41:11] current cache size: 1167, finished: 0
[2026-04-14 03:41:11] current cache size: 1167, finished: 0
[2026-04-14 03:41:12] current cache size: 1167, finished: 0
[2026-04-14 03:41:13] current cache size: 1167, finished: 0
[2026-04-14 03:41:13] current cache size: 1169, finished: 0
[2026-04-14 03:41:14] current cache size: 1169, finished: 0
[2026-04-14 03:41:15] current cache size: 1169, finished: 0
[2026-04-14 03:41:15] current cache size: 1169, finished: 0
[2026-04-14 03:41:16] current cache size: 1171, finished: 0
[2026-04-14 03:41:17] current cache size: 1171, finished: 0
[2026-04-14 03:41:17] current cache size: 1172, finished: 0
[2026-04-14 03:41:18] current cache size: 1173, finished: 0
[2026-04-14 03:41:19] current cache size: 1174, finished: 0
[2026-04-14 03:41:19] current cache size: 1176, finished: 0
[2026-04-14 03:41:20] current cache size: 1180, finished: 0
[2026-04-14 03:41:21] current cache size: 1181, finished: 0
[2026-04-14 03:41:21] current cache size: 1181, finished: 0
[2026-04-14 03:41:22] current cache size: 1181, finished: 0
[2026-04-14 03:41:23] current cache size: 1186, finished: 0
[2026-04-14 03:41:24] current cache size: 1187, finished: 0
[2026-04-14 03:41:24] current cache size: 1189, finished: 0
[2026-04-14 03:41:25] current cache size: 1191, finished: 0
[2026-04-14 03:41:26] current cache size: 1191, finished: 0
[2026-04-14 03:41:26] current cache size: 1191, finished: 0
[2026-04-14 03:41:27] current cache size: 1192, finished: 0
[2026-04-14 03:41:28] current cache size: 1193, finished: 0
[2026-04-14 03:41:28] current cache size: 1193, finished: 0
[2026-04-14 03:41:29] current cache size: 1194, finished: 0
[2026-04-14 03:41:30] current cache size: 1195, finished: 0
[2026-04-14 03:41:30] current cache size: 1196, finished: 0
[2026-04-14 03:41:31] current cache size: 1201, finished: 0
[2026-04-14 03:41:32] current cache size: 1203, finished: 0
[2026-04-14 03:41:32] current cache size: 1205, finished: 0
[2026-04-14 03:41:33] current cache size: 1207, finished: 0
[2026-04-14 03:41:34] current cache size: 1210, finished: 0
[2026-04-14 03:41:34] current cache size: 1213, finished: 0
[2026-04-14 03:41:35] current cache size: 1214, finished: 0
[2026-04-14 03:41:36] current cache size: 1215, finished: 0
[2026-04-14 03:41:36] current cache size: 1216, finished: 0
[2026-04-14 03:41:37] current cache size: 1216, finished: 0
[2026-04-14 03:41:38] current cache size: 1218, finished: 0
[2026-04-14 03:41:39] current cache size: 1221, finished: 0
[2026-04-14 03:41:39] current cache size: 1221, finished: 0
[2026-04-14 03:41:40] current cache size: 1221, finished: 0
[2026-04-14 03:41:41] current cache size: 1223, finished: 0
[2026-04-14 03:41:41] current cache size: 1223, finished: 0
[2026-04-14 03:41:42] current cache size: 1224, finished: 0
[2026-04-14 03:41:43] current cache size: 1224, finished: 0
[INCREMENTAL] cache size: 1225, finished scales: 0/1
[GRASP DEBUG] step=1000 grav=(-9.81,0,0) | cond1(dist<0.1)=4035/4096 cond2(>=2 forces>0.2)=164/4096 cond3(quat<thresh)=3059/4096 all=163/4096 | ft_dist mean=0.0621 max=0.3186 | force mean=0.1574 max=34.7901
[GRASP DEBUG env0] obj_pos=[-0.0703125, 0.0058441162109375, 0.6441900730133057]
[GRASP DEBUG env0]   ft0 pos=[-0.01502227783203125, 0.016210556030273438, 0.6419427394866943] dist=0.0563
[GRASP DEBUG env0]   ft1 pos=[-0.10638618469238281, 0.028621673583984375, 0.604331910610199] dist=0.0584
[GRASP DEBUG env0]   ft2 pos=[-0.10528373718261719, 0.0039997100830078125, 0.6044481992721558] dist=0.0530
[GRASP DEBUG env0]   ft3 pos=[-0.11489105224609375, -0.016000747680664062, 0.6040681600570679] dist=0.0638
[GRASP DEBUG env0]   ft4 pos=[-0.0889892578125, -0.035999298095703125, 0.6036109328269958] dist=0.0612
