Loading user config located at: '/home/lingfeng/playground/sharpa-rl-lab/.pixi/envs/default/lib/python3.11/site-packages/isaacsim/kit/data/Kit/Isaac-Sim/5.1/user.config.json'
[Info] [carb] Logging to file: /home/lingfeng/playground/sharpa-rl-lab/.pixi/envs/default/lib/python3.11/site-packages/isaacsim/kit/logs/Kit/Isaac-Sim/5.1/kit_20260412_235424.log
2026-04-13T03:54:24Z [74ms] [Warning] [carb.windowing-glfw.plugin] GLFW initialization failed.
2026-04-13T03:54:24Z [74ms] [Warning] [carb] Failed to startup plugin carb.windowing-glfw.plugin (interfaces: [carb::windowing::IGLContext v1.0],[carb::windowing::IWindowing v1.5]) (impl: carb.windowing-glfw.plugin)
2026-04-13T03:54:24Z [81ms] [Warning] [omni.platforminfo.plugin] failed to open the default display.  Can't verify X Server version.

|---------------------------------------------------------------------------------------------|
| Driver Version: 580.126.09    | Graphics API: Vulkan
|=============================================================================================|
| GPU | Name                             | Active | LDA | GPU Memory | Vendor-ID | LUID       |
|     |                                  |        |     |            | Device-ID | UUID       |
|     |                                  |        |     |            | Bus-ID    |            |
|---------------------------------------------------------------------------------------------|
| 0   | NVIDIA GeForce RTX 5090          | Yes: 0 |     | 32607   MB | 10de      | 0          |
|     |                                  |        |     |            | 2b85      | 73366f21.. |
|     |                                  |        |     |            | 1         |            |
|=============================================================================================|
| OS: 24.04.3 LTS (Noble Numbat) ubuntu, Version: 24.04.3, Kernel: 6.17.0-19-generic
| Processor: AMD Ryzen 9 9900X 12-Core Processor
| Cores: 12 | Logical Cores: 24
|---------------------------------------------------------------------------------------------|
| Total Memory (MB): 61829 | Free Memory: 56910
| Total Page/Swap (MB): 8191 | Free Page/Swap: 8191
|---------------------------------------------------------------------------------------------|
2026-04-13T03:54:24Z [544ms] [Warning] [gpu.foundation.plugin] CPU performance profile is set to powersave. This profile sets the CPU to the lowest frequency reducing performance.
2026-04-13T03:54:24Z [555ms] [Warning] [gpu.foundation.plugin] IOMMU is enabled.
2026-04-13T03:54:25Z [894ms] [Warning] [carb.windowing-glfw.plugin] GLFW initialization failed.
2026-04-13T03:54:25Z [894ms] [Warning] [carb] Failed to startup plugin carb.windowing-glfw.plugin (interfaces: [carb::windowing::IGLContext v1.0],[carb::windowing::IWindowing v1.5]) (impl: carb.windowing-glfw.plugin)
2026-04-13T03:54:25Z [905ms] [Warning] [carb.windowing-glfw.plugin] GLFW initialization failed.
2026-04-13T03:54:25Z [905ms] [Warning] [carb] Failed to startup plugin carb.windowing-glfw.plugin (interfaces: [carb::windowing::IGLContext v1.0],[carb::windowing::IWindowing v1.5]) (impl: carb.windowing-glfw.plugin)
2026-04-13T03:54:25Z [909ms] [Warning] [carb.windowing-glfw.plugin] GLFW initialization failed.
2026-04-13T03:54:25Z [909ms] [Warning] [carb] Failed to startup plugin carb.windowing-glfw.plugin (interfaces: [carb::windowing::IGLContext v1.0],[carb::windowing::IWindowing v1.5]) (impl: carb.windowing-glfw.plugin)
2026-04-13T03:54:25Z [912ms] [Warning] [carb.windowing-glfw.plugin] GLFW initialization failed.
2026-04-13T03:54:25Z [912ms] [Warning] [carb] Failed to startup plugin carb.windowing-glfw.plugin (interfaces: [carb::windowing::IGLContext v1.0],[carb::windowing::IWindowing v1.5]) (impl: carb.windowing-glfw.plugin)
2026-04-13T03:54:25Z [913ms] [Warning] [carb.windowing-glfw.plugin] GLFW initialization failed.
2026-04-13T03:54:25Z [913ms] [Warning] [carb] Failed to startup plugin carb.windowing-glfw.plugin (interfaces: [carb::windowing::IGLContext v1.0],[carb::windowing::IWindowing v1.5]) (impl: carb.windowing-glfw.plugin)
/home/lingfeng/playground/sharpa-rl-lab/rl_isaaclab/scripts/visual_check.py:70: DeprecationWarning: The module actuator_cfg.py is deprecated. Please import IdealPDActuatorCfg directly from the isaaclab.actuators package, or from its new module isaaclab.actuators.actuator_pd_cfg.
  from isaaclab.actuators.actuator_cfg import IdealPDActuatorCfg
[INFO][AppLauncher]: Using device: cuda:0
[INFO][AppLauncher]: Loading experience file: /home/lingfeng/playground/sharpa-rl-lab/.pixi/envs/default/lib/python3.11/site-packages/isaaclab/apps/isaaclab.python.headless.rendering.kit

[36m======================================================================================[0m
[36m[1m[INFO][IsaacLab]: Logging to file: /tmp/isaaclab/logs/isaaclab_2026-04-12_23-54-28.log[0m
[36m======================================================================================[0m

[33m23:54:28 [simulation_context.py] WARNING: The `enable_external_forces_every_iteration` parameter in the PhysxCfg is set to False. If you are experiencing noisy velocities, consider enabling this flag. You may need to slightly increase the number of velocity iterations (setting it to 1 or 2 rather than 0), together with this flag, to improve the accuracy of velocity updates.[0m
[VIZ] Cache: (50000, 29) row 0, cyl_pos=(-0.09040069580078125, -0.012449264526367188, 0.6193956732749939)
[VIZ] Robot: SharpaWave
[VIZ] USD:   /home/lingfeng/playground/sharpa-rl-lab/assets/SharpaWave/right_sharpa_wave.usda
[VIZ] Hand pose: pos=(0.0, 0.0, 0.5), rot=(0.819152, 0.0, -0.5735764, 0.0)
[VIZ] Cyl pos: (-0.09040069580078125, -0.012449264526367188, 0.6193956732749939)
[VIZ DEBUG] Articulation joint_names (order is what the cache row uses):
  [ 0] right_index_MCP_FE: pos=+1.1381 default=+1.1381 limits=[-0.1745, +1.5708]
  [ 1] right_middle_MCP_FE: pos=+0.5540 default=+0.5540 limits=[-0.1745, +1.5708]
  [ 2] right_pinky_CMC: pos=+0.1915 default=+0.1915 limits=[+0.0000, +0.2618]
  [ 3] right_ring_MCP_FE: pos=+0.5537 default=+0.5537 limits=[-0.1745, +1.5708]
  [ 4] right_thumb_CMC_FE: pos=+1.6603 default=+1.6603 limits=[-0.1745, +1.9199]
  [ 5] right_index_MCP_AA: pos=+0.1067 default=+0.1067 limits=[-0.3491, +0.3491]
  [ 6] right_middle_MCP_AA: pos=-0.0167 default=-0.0167 limits=[-0.3491, +0.3491]
  [ 7] right_pinky_MCP_FE: pos=+1.1922 default=+1.1922 limits=[-0.1745, +1.5708]
  [ 8] right_ring_MCP_AA: pos=+0.1718 default=+0.1718 limits=[-0.3491, +0.3491]
  [ 9] right_thumb_CMC_AA: pos=-0.0543 default=-0.0543 limits=[-0.3491, +0.3491]
  [10] right_index_PIP: pos=+0.2720 default=+0.2720 limits=[+0.0000, +1.7453]
  [11] right_middle_PIP: pos=+0.7310 default=+0.7310 limits=[+0.0000, +1.7453]
  [12] right_pinky_MCP_AA: pos=+0.1395 default=+0.1395 limits=[-0.3491, +0.3491]
  [13] right_ring_PIP: pos=+0.6148 default=+0.6148 limits=[+0.0000, +1.7453]
  [14] right_thumb_MCP_FE: pos=+0.2586 default=+0.2586 limits=[-0.5236, +1.3963]
  [15] right_index_DIP: pos=+0.1030 default=+0.1030 limits=[+0.0000, +1.3963]
  [16] right_middle_DIP: pos=+0.2242 default=+0.2242 limits=[+0.0000, +1.3963]
  [17] right_pinky_PIP: pos=+0.1029 default=+0.1029 limits=[+0.0000, +1.7453]
  [18] right_ring_DIP: pos=+0.3147 default=+0.3147 limits=[+0.0000, +1.3963]
  [19] right_thumb_MCP_AA: pos=-0.0181 default=-0.0181 limits=[-0.3491, +0.3491]
  [20] right_pinky_DIP: pos=+0.1030 default=+0.1030 limits=[+0.0000, +1.3963]
  [21] right_thumb_IP: pos=+0.2136 default=+0.2136 limits=[+0.0000, +1.7453]
[VIZ DEBUG] total joints=22
/home/lingfeng/playground/sharpa-rl-lab/rl_isaaclab/scripts/visual_check.py:324: UserWarning: Creating a tensor from a list of numpy.ndarrays is extremely slow. Please consider converting the list to a single numpy.ndarray with numpy.array() before converting to a tensor. (Triggered internally at /pytorch/torch/csrc/utils/tensor_new.cpp:254.)
  obj_pos = torch.tensor([cache_row[D:D+3]], dtype=torch.float32, device=sim.device)
