[INFO][AppLauncher]: Using device: cuda:0
[INFO][AppLauncher]: Loading experience file: /home/lingfeng/playground/sharpa-rl-lab/.pixi/envs/default/lib/python3.11/site-packages/isaaclab/apps/isaaclab.python.headless.kit
[INFO]: Parsing configuration from: rl_isaaclab.tasks.inhand_rotate.xhand_grasp_env_cfg:XhandGraspEnvCfg
[INFO]: Parsing configuration from: /home/lingfeng/playground/sharpa-rl-lab/rl_isaaclab/tasks/inhand_rotate/agents/ppo_cfg.yaml

[36m======================================================================================[0m
[36m[1m[INFO][IsaacLab]: Logging to file: /tmp/isaaclab/logs/isaaclab_2026-04-14_00-27-57.log[0m
[36m======================================================================================[0m

[33m00:27:57 [simulation_context.py] WARNING: The `enable_external_forces_every_iteration` parameter in the PhysxCfg is set to False. If you are experiencing noisy velocities, consider enabling this flag. You may need to slightly increase the number of velocity iterations (setting it to 1 or 2 rather than 0), together with this flag, to improve the accuracy of velocity updates.[0m
[INFO]: Base environment:
	Environment device    : cuda:0
	Environment seed      : 42
	Physics step-size     : 0.004166666666666667
	Rendering step-size   : 0.008333333333333333
	Environment step-size : 0.05
[33m00:27:57 [direct_rl_env.py] WARNING: The render interval (2) is smaller than the decimation (12). Multiple render calls will happen for each environment step.If this is not intended, set the render interval to be equal to the decimation.[0m
[33m00:27:57 [prims.py] WARNING: Could not perform 'modify_collision_properties' on any prims under: '/World/envs/env_0/Robot'. This might be because of the following reasons:
	(1) The desired attribute does not exist on any of the prims.
	(2) The desired attribute exists on an instanced prim.
		Discovered list of instanced prim paths: ['/World/envs/env_0/Robot/right_hand_link/visuals', '/World/envs/env_0/Robot/right_hand_link/collisions', '/World/envs/env_0/Robot/right_hand_back_link/visuals', '/World/envs/env_0/Robot/right_hand_back_link/collisions', '/World/envs/env_0/Robot/right_hand_ee_link/visuals', '/World/envs/env_0/Robot/right_hand_ee_link/collisions', '/World/envs/env_0/Robot/right_hand_index_bend_link/visuals', '/World/envs/env_0/Robot/right_hand_index_bend_link/collisions', '/World/envs/env_0/Robot/right_hand_index_rota_link1/visuals', '/World/envs/env_0/Robot/right_hand_index_rota_link1/collisions', '/World/envs/env_0/Robot/right_hand_index_rota_link2/visuals', '/World/envs/env_0/Robot/right_hand_index_rota_link2/collisions', '/World/envs/env_0/Robot/right_hand_index_rota_tip/visuals', '/World/envs/env_0/Robot/right_hand_index_rota_tip/collisions', '/World/envs/env_0/Robot/right_hand_index_rotaback_link2/visuals', '/World/envs/env_0/Robot/right_hand_index_rotaback_link2/collisions', '/World/envs/env_0/Robot/right_hand_index_rotaback_link1/visuals', '/World/envs/env_0/Robot/right_hand_index_rotaback_link1/collisions', '/World/envs/env_0/Robot/right_hand_mid_link1/visuals', '/World/envs/env_0/Robot/right_hand_mid_link1/collisions', '/World/envs/env_0/Robot/right_hand_mid_link2/visuals', '/World/envs/env_0/Robot/right_hand_mid_link2/collisions', '/World/envs/env_0/Robot/right_hand_mid_tip/visuals', '/World/envs/env_0/Robot/right_hand_mid_tip/collisions', '/World/envs/env_0/Robot/right_hand_midback_link2/visuals', '/World/envs/env_0/Robot/right_hand_midback_link2/collisions', '/World/envs/env_0/Robot/right_hand_midback_link1/visuals', '/World/envs/env_0/Robot/right_hand_midback_link1/collisions', '/World/envs/env_0/Robot/right_hand_pinky_link1/visuals', '/World/envs/env_0/Robot/right_hand_pinky_link1/collisions', '/World/envs/env_0/Robot/right_hand_pinky_link2/visuals', '/World/envs/env_0/Robot/right_hand_pinky_link2/collisions', '/World/envs/env_0/Robot/right_hand_pinky_tip/visuals', '/World/envs/env_0/Robot/right_hand_pinky_tip/collisions', '/World/envs/env_0/Robot/right_hand_pinkyback_link2/visuals', '/World/envs/env_0/Robot/right_hand_pinkyback_link2/collisions', '/World/envs/env_0/Robot/right_hand_pinkyback_link1/visuals', '/World/envs/env_0/Robot/right_hand_pinkyback_link1/collisions', '/World/envs/env_0/Robot/right_hand_ring_link1/visuals', '/World/envs/env_0/Robot/right_hand_ring_link1/collisions', '/World/envs/env_0/Robot/right_hand_ring_link2/visuals', '/World/envs/env_0/Robot/right_hand_ring_link2/collisions', '/World/envs/env_0/Robot/right_hand_ring_tip/visuals', '/World/envs/env_0/Robot/right_hand_ring_tip/collisions', '/World/envs/env_0/Robot/right_hand_ringback_link2/visuals', '/World/envs/env_0/Robot/right_hand_ringback_link2/collisions', '/World/envs/env_0/Robot/right_hand_ringback_link1/visuals', '/World/envs/env_0/Robot/right_hand_ringback_link1/collisions', '/World/envs/env_0/Robot/right_hand_thumb_bend_link/visuals', '/World/envs/env_0/Robot/right_hand_thumb_bend_link/collisions', '/World/envs/env_0/Robot/right_hand_thumb_rota_link1/visuals', '/World/envs/env_0/Robot/right_hand_thumb_rota_link1/collisions', '/World/envs/env_0/Robot/right_hand_thumb_rota_link2/visuals', '/World/envs/env_0/Robot/right_hand_thumb_rota_link2/collisions', '/World/envs/env_0/Robot/right_hand_thumb_rota_tip/visuals', '/World/envs/env_0/Robot/right_hand_thumb_rota_tip/collisions', '/World/envs/env_0/Robot/right_hand_thumb_rotaback_link2/visuals', '/World/envs/env_0/Robot/right_hand_thumb_rotaback_link2/collisions', '/World/envs/env_0/Robot/right_hand_thumb_rotaback_link1/visuals', '/World/envs/env_0/Robot/right_hand_thumb_rotaback_link1/collisions'][0m
[33m00:28:00 [interactive_scene.py] WARNING: Collision filtering can only be automatically enabled when replicate_physics=True and using GPU simulation. Please call scene.filter_collisions(global_prim_paths) to filter collisions across environments.[0m
[INFO]: Time taken for scene creation : 3.579531 seconds
[INFO]: Scene manager:  <class InteractiveScene>
	Number of environments: 1024
	Environment spacing   : 0.75
	Source prim name      : /World/envs/env_0
	Global prim paths     : []
	Replicate physics     : False
[INFO]: Starting the simulation. This may take a few seconds. Please wait...
[INFO]: Time taken for simulation start : 4.695167 seconds
[INFO] Event Manager:  <EventManager> contains 1 active terms.
+----------------------------------------+
| Active Event Terms in Mode: 'prestartup' |
+-----------+----------------------------+
|   Index   | Name                       |
+-----------+----------------------------+
|     0     | randomize_scale            |
+-----------+----------------------------+

[INFO]: Completed setting up the environment...
[2026-04-14 00:28:06] current cache size: 0, finished: 0
[2026-04-14 00:28:06] current cache size: 0, finished: 0
[2026-04-14 00:28:06] current cache size: 0, finished: 0
[2026-04-14 00:28:06] current cache size: 0, finished: 0
[2026-04-14 00:28:07] current cache size: 0, finished: 0
[2026-04-14 00:28:07] current cache size: 0, finished: 0
[2026-04-14 00:28:08] current cache size: 0, finished: 0
[2026-04-14 00:28:08] current cache size: 0, finished: 0
[2026-04-14 00:28:08] current cache size: 0, finished: 0
[2026-04-14 00:28:08] current cache size: 0, finished: 0
[2026-04-14 00:28:08] current cache size: 0, finished: 0
[2026-04-14 00:28:08] current cache size: 0, finished: 0
[2026-04-14 00:28:09] current cache size: 0, finished: 0
[2026-04-14 00:28:09] current cache size: 0, finished: 0
[2026-04-14 00:28:09] current cache size: 0, finished: 0
[2026-04-14 00:28:09] current cache size: 0, finished: 0
[2026-04-14 00:28:09] current cache size: 0, finished: 0
[2026-04-14 00:28:10] current cache size: 0, finished: 0
[2026-04-14 00:28:10] current cache size: 0, finished: 0
[2026-04-14 00:28:10] current cache size: 0, finished: 0
[2026-04-14 00:28:10] current cache size: 0, finished: 0
[2026-04-14 00:28:10] current cache size: 0, finished: 0
[2026-04-14 00:28:11] current cache size: 0, finished: 0
[2026-04-14 00:28:11] current cache size: 0, finished: 0
[2026-04-14 00:28:11] current cache size: 0, finished: 0
[2026-04-14 00:28:11] current cache size: 0, finished: 0
[2026-04-14 00:28:11] current cache size: 0, finished: 0
[2026-04-14 00:28:12] current cache size: 0, finished: 0
[2026-04-14 00:28:12] current cache size: 0, finished: 0
[2026-04-14 00:28:12] current cache size: 0, finished: 0
[2026-04-14 00:28:12] current cache size: 0, finished: 0
[2026-04-14 00:28:12] current cache size: 0, finished: 0
[2026-04-14 00:28:13] current cache size: 0, finished: 0
[2026-04-14 00:28:13] current cache size: 0, finished: 0
[2026-04-14 00:28:13] current cache size: 0, finished: 0
[2026-04-14 00:28:13] current cache size: 0, finished: 0
[2026-04-14 00:28:13] current cache size: 0, finished: 0
[2026-04-14 00:28:14] current cache size: 0, finished: 0
[2026-04-14 00:28:14] current cache size: 0, finished: 0
[2026-04-14 00:28:14] current cache size: 0, finished: 0
[2026-04-14 00:28:14] current cache size: 0, finished: 0
[2026-04-14 00:28:14] current cache size: 0, finished: 0
[2026-04-14 00:28:14] current cache size: 0, finished: 0
[2026-04-14 00:28:15] current cache size: 0, finished: 0
[2026-04-14 00:28:15] current cache size: 0, finished: 0
[2026-04-14 00:28:15] current cache size: 0, finished: 0
[2026-04-14 00:28:15] current cache size: 0, finished: 0
[2026-04-14 00:28:15] current cache size: 0, finished: 0
[2026-04-14 00:28:16] current cache size: 0, finished: 0
[2026-04-14 00:28:16] current cache size: 0, finished: 0
[2026-04-14 00:28:16] current cache size: 0, finished: 0
[2026-04-14 00:28:16] current cache size: 0, finished: 0
[2026-04-14 00:28:16] current cache size: 0, finished: 0
[2026-04-14 00:28:17] current cache size: 0, finished: 0
[2026-04-14 00:28:17] current cache size: 0, finished: 0
[2026-04-14 00:28:17] current cache size: 0, finished: 0
[2026-04-14 00:28:17] current cache size: 0, finished: 0
[2026-04-14 00:28:17] current cache size: 0, finished: 0
[2026-04-14 00:28:18] current cache size: 0, finished: 0
[2026-04-14 00:28:18] current cache size: 0, finished: 0
[2026-04-14 00:28:18] current cache size: 0, finished: 0
[2026-04-14 00:28:18] current cache size: 0, finished: 0
[2026-04-14 00:28:18] current cache size: 0, finished: 0
[2026-04-14 00:28:18] current cache size: 0, finished: 0
[2026-04-14 00:28:19] current cache size: 0, finished: 0
[2026-04-14 00:28:19] current cache size: 0, finished: 0
[2026-04-14 00:28:19] current cache size: 0, finished: 0
[2026-04-14 00:28:19] current cache size: 0, finished: 0
[2026-04-14 00:28:19] current cache size: 0, finished: 0
[2026-04-14 00:28:20] current cache size: 0, finished: 0
[2026-04-14 00:28:20] current cache size: 0, finished: 0
[2026-04-14 00:28:20] current cache size: 0, finished: 0
[2026-04-14 00:28:20] current cache size: 0, finished: 0
[2026-04-14 00:28:20] current cache size: 0, finished: 0
[2026-04-14 00:28:21] current cache size: 0, finished: 0
[2026-04-14 00:28:21] current cache size: 0, finished: 0
[2026-04-14 00:28:21] current cache size: 0, finished: 0
[2026-04-14 00:28:21] current cache size: 0, finished: 0
[2026-04-14 00:28:21] current cache size: 0, finished: 0
[2026-04-14 00:28:22] current cache size: 0, finished: 0
[2026-04-14 00:28:22] current cache size: 0, finished: 0
[2026-04-14 00:28:22] current cache size: 0, finished: 0
[2026-04-14 00:28:22] current cache size: 0, finished: 0
[2026-04-14 00:28:22] current cache size: 0, finished: 0
[2026-04-14 00:28:22] current cache size: 0, finished: 0
[2026-04-14 00:28:23] current cache size: 0, finished: 0
[2026-04-14 00:28:23] current cache size: 0, finished: 0
[2026-04-14 00:28:23] current cache size: 0, finished: 0
[2026-04-14 00:28:23] current cache size: 0, finished: 0
[2026-04-14 00:28:23] current cache size: 0, finished: 0
[2026-04-14 00:28:24] current cache size: 0, finished: 0
[2026-04-14 00:28:24] current cache size: 0, finished: 0
[2026-04-14 00:28:24] current cache size: 0, finished: 0
[2026-04-14 00:28:24] current cache size: 0, finished: 0
[2026-04-14 00:28:24] current cache size: 0, finished: 0
[2026-04-14 00:28:25] current cache size: 0, finished: 0
[2026-04-14 00:28:25] current cache size: 0, finished: 0
[2026-04-14 00:28:25] current cache size: 0, finished: 0
[2026-04-14 00:28:25] current cache size: 0, finished: 0
[2026-04-14 00:28:25] current cache size: 0, finished: 0
[2026-04-14 00:28:26] current cache size: 0, finished: 0
[2026-04-14 00:28:26] current cache size: 0, finished: 0
[2026-04-14 00:28:26] current cache size: 0, finished: 0
[2026-04-14 00:28:26] current cache size: 0, finished: 0
[2026-04-14 00:28:26] current cache size: 0, finished: 0
[2026-04-14 00:28:27] current cache size: 0, finished: 0
[2026-04-14 00:28:27] current cache size: 0, finished: 0
[2026-04-14 00:28:27] current cache size: 0, finished: 0
[2026-04-14 00:28:27] current cache size: 0, finished: 0
[2026-04-14 00:28:27] current cache size: 0, finished: 0
[2026-04-14 00:28:27] current cache size: 0, finished: 0
[2026-04-14 00:28:28] current cache size: 0, finished: 0
[2026-04-14 00:28:28] current cache size: 0, finished: 0
[2026-04-14 00:28:28] current cache size: 0, finished: 0
[2026-04-14 00:28:28] current cache size: 0, finished: 0
[2026-04-14 00:28:28] current cache size: 0, finished: 0
[2026-04-14 00:28:29] current cache size: 0, finished: 0
[2026-04-14 00:28:29] current cache size: 0, finished: 0
[2026-04-14 00:28:29] current cache size: 0, finished: 0
[2026-04-14 00:28:29] current cache size: 0, finished: 0
[2026-04-14 00:28:29] current cache size: 0, finished: 0
[2026-04-14 00:28:30] current cache size: 0, finished: 0
[2026-04-14 00:28:30] current cache size: 0, finished: 0
[2026-04-14 00:28:30] current cache size: 0, finished: 0
[2026-04-14 00:28:30] current cache size: 0, finished: 0
[2026-04-14 00:28:30] current cache size: 0, finished: 0
[2026-04-14 00:28:31] current cache size: 0, finished: 0
[2026-04-14 00:28:31] current cache size: 0, finished: 0
[2026-04-14 00:28:31] current cache size: 0, finished: 0
[2026-04-14 00:28:31] current cache size: 0, finished: 0
[2026-04-14 00:28:31] current cache size: 0, finished: 0
[2026-04-14 00:28:32] current cache size: 0, finished: 0
[2026-04-14 00:28:32] current cache size: 0, finished: 0
[2026-04-14 00:28:32] current cache size: 0, finished: 0
[2026-04-14 00:28:32] current cache size: 0, finished: 0
[2026-04-14 00:28:32] current cache size: 0, finished: 0
[2026-04-14 00:28:33] current cache size: 0, finished: 0
[2026-04-14 00:28:33] current cache size: 0, finished: 0
[2026-04-14 00:28:33] current cache size: 0, finished: 0
[2026-04-14 00:28:33] current cache size: 0, finished: 0
[2026-04-14 00:28:33] current cache size: 0, finished: 0
[2026-04-14 00:28:34] current cache size: 0, finished: 0
[2026-04-14 00:28:34] current cache size: 0, finished: 0
[2026-04-14 00:28:34] current cache size: 0, finished: 0
[2026-04-14 00:28:34] current cache size: 0, finished: 0
[2026-04-14 00:28:34] current cache size: 0, finished: 0
[2026-04-14 00:28:34] current cache size: 0, finished: 0
[2026-04-14 00:28:35] current cache size: 0, finished: 0
[2026-04-14 00:28:35] current cache size: 0, finished: 0
[2026-04-14 00:28:35] current cache size: 0, finished: 0
[2026-04-14 00:28:35] current cache size: 0, finished: 0
[2026-04-14 00:28:35] current cache size: 0, finished: 0
[2026-04-14 00:28:36] current cache size: 0, finished: 0
[2026-04-14 00:28:36] current cache size: 0, finished: 0
[2026-04-14 00:28:36] current cache size: 0, finished: 0
[2026-04-14 00:28:36] current cache size: 0, finished: 0
[2026-04-14 00:28:36] current cache size: 0, finished: 0
[2026-04-14 00:28:37] current cache size: 0, finished: 0
[2026-04-14 00:28:37] current cache size: 0, finished: 0
[2026-04-14 00:28:37] current cache size: 0, finished: 0
[2026-04-14 00:28:37] current cache size: 0, finished: 0
[2026-04-14 00:28:37] current cache size: 0, finished: 0
[2026-04-14 00:28:37] current cache size: 0, finished: 0
[2026-04-14 00:28:38] current cache size: 0, finished: 0
[2026-04-14 00:28:38] current cache size: 0, finished: 0
[2026-04-14 00:28:38] current cache size: 0, finished: 0
[2026-04-14 00:28:38] current cache size: 0, finished: 0
[2026-04-14 00:28:38] current cache size: 0, finished: 0
[2026-04-14 00:28:39] current cache size: 0, finished: 0
[2026-04-14 00:28:39] current cache size: 0, finished: 0
[2026-04-14 00:28:39] current cache size: 0, finished: 0
[2026-04-14 00:28:39] current cache size: 0, finished: 0
[2026-04-14 00:28:39] current cache size: 0, finished: 0
[2026-04-14 00:28:40] current cache size: 0, finished: 0
[2026-04-14 00:28:40] current cache size: 0, finished: 0
[2026-04-14 00:28:40] current cache size: 0, finished: 0
[2026-04-14 00:28:40] current cache size: 0, finished: 0
[2026-04-14 00:28:40] current cache size: 0, finished: 0
[2026-04-14 00:28:41] current cache size: 0, finished: 0
[2026-04-14 00:28:41] current cache size: 0, finished: 0
[2026-04-14 00:28:41] current cache size: 0, finished: 0
[2026-04-14 00:28:41] current cache size: 0, finished: 0
[2026-04-14 00:28:41] current cache size: 0, finished: 0
[2026-04-14 00:28:42] current cache size: 0, finished: 0
[2026-04-14 00:28:42] current cache size: 0, finished: 0
[2026-04-14 00:28:42] current cache size: 0, finished: 0
[2026-04-14 00:28:42] current cache size: 0, finished: 0
[2026-04-14 00:28:42] current cache size: 0, finished: 0
[2026-04-14 00:28:42] current cache size: 0, finished: 0
[2026-04-14 00:28:43] current cache size: 0, finished: 0
[2026-04-14 00:28:43] current cache size: 0, finished: 0
[2026-04-14 00:28:43] current cache size: 0, finished: 0
[2026-04-14 00:28:43] current cache size: 0, finished: 0
[2026-04-14 00:28:43] current cache size: 0, finished: 0
[2026-04-14 00:28:44] current cache size: 0, finished: 0
[2026-04-14 00:28:44] current cache size: 0, finished: 0
[2026-04-14 00:28:44] current cache size: 0, finished: 0
[2026-04-14 00:28:44] current cache size: 0, finished: 0
[2026-04-14 00:28:44] current cache size: 0, finished: 0
[2026-04-14 00:28:45] current cache size: 0, finished: 0
[2026-04-14 00:28:45] current cache size: 0, finished: 0
[GRASP DEBUG] step=200 grav=(0,-9.81,0) | cond1(dist<0.1)=1003/1024 cond2(>=2 forces>0.2)=5/1024 cond3(quat<thresh)=338/1024 all=5/1024 | ft_dist mean=0.0570 max=0.1529 | force mean=0.0457 max=11.1980
[GRASP DEBUG env0] obj_pos=[-0.05540275573730469, 0.005115509033203125, 0.624777615070343]
[GRASP DEBUG env0]   ft0 pos=[-0.017004966735839844, 0.047339439392089844, 0.6394763588905334] dist=0.0589
[GRASP DEBUG env0]   ft1 pos=[-0.09207725524902344, 0.026434898376464844, 0.603245198726654] dist=0.0476
[GRASP DEBUG env0]   ft2 pos=[-0.0991058349609375, 0.003998756408691406, 0.6040820479393005] dist=0.0484
[GRASP DEBUG env0]   ft3 pos=[-0.0967721939086914, -0.016000747680664062, 0.604073166847229] dist=0.0509
[GRASP DEBUG env0]   ft4 pos=[-0.08765697479248047, -0.03600120544433594, 0.603420078754425] dist=0.0565
[2026-04-14 00:28:45] current cache size: 0, finished: 0
[2026-04-14 00:28:45] current cache size: 0, finished: 0
[2026-04-14 00:28:45] current cache size: 0, finished: 0
[2026-04-14 00:28:46] current cache size: 0, finished: 0
[2026-04-14 00:28:46] current cache size: 0, finished: 0
[2026-04-14 00:28:46] current cache size: 0, finished: 0
[2026-04-14 00:28:46] current cache size: 0, finished: 0
[2026-04-14 00:28:46] current cache size: 0, finished: 0
[2026-04-14 00:28:47] current cache size: 0, finished: 0
[2026-04-14 00:28:47] current cache size: 0, finished: 0
[2026-04-14 00:28:47] current cache size: 0, finished: 0
[2026-04-14 00:28:47] current cache size: 0, finished: 0
[2026-04-14 00:28:47] current cache size: 0, finished: 0
[2026-04-14 00:28:47] current cache size: 0, finished: 0
[2026-04-14 00:28:48] current cache size: 0, finished: 0
[2026-04-14 00:28:48] current cache size: 0, finished: 0
[2026-04-14 00:28:48] current cache size: 0, finished: 0
[2026-04-14 00:28:48] current cache size: 0, finished: 0
[2026-04-14 00:28:48] current cache size: 0, finished: 0
[2026-04-14 00:28:49] current cache size: 0, finished: 0
[2026-04-14 00:28:49] current cache size: 0, finished: 0
[2026-04-14 00:28:49] current cache size: 0, finished: 0
[2026-04-14 00:28:49] current cache size: 0, finished: 0
[2026-04-14 00:28:49] current cache size: 0, finished: 0
[2026-04-14 00:28:50] current cache size: 0, finished: 0
[2026-04-14 00:28:50] current cache size: 0, finished: 0
[2026-04-14 00:28:50] current cache size: 0, finished: 0
[2026-04-14 00:28:50] current cache size: 0, finished: 0
[2026-04-14 00:28:50] current cache size: 0, finished: 0
[2026-04-14 00:28:51] current cache size: 0, finished: 0
[2026-04-14 00:28:51] current cache size: 0, finished: 0
[2026-04-14 00:28:51] current cache size: 0, finished: 0
[2026-04-14 00:28:51] current cache size: 0, finished: 0
[2026-04-14 00:28:51] current cache size: 0, finished: 0
[2026-04-14 00:28:51] current cache size: 0, finished: 0
[2026-04-14 00:28:52] current cache size: 0, finished: 0
[2026-04-14 00:28:52] current cache size: 0, finished: 0
[2026-04-14 00:28:52] current cache size: 0, finished: 0
[2026-04-14 00:28:52] current cache size: 0, finished: 0
[2026-04-14 00:28:52] current cache size: 0, finished: 0
[2026-04-14 00:28:53] current cache size: 0, finished: 0
[2026-04-14 00:28:53] current cache size: 0, finished: 0
[2026-04-14 00:28:53] current cache size: 0, finished: 0
[2026-04-14 00:28:53] current cache size: 0, finished: 0
[2026-04-14 00:28:53] current cache size: 0, finished: 0
[2026-04-14 00:28:54] current cache size: 0, finished: 0
[2026-04-14 00:28:54] current cache size: 0, finished: 0
[2026-04-14 00:28:54] current cache size: 0, finished: 0
[2026-04-14 00:28:54] current cache size: 0, finished: 0
[2026-04-14 00:28:54] current cache size: 0, finished: 0
[2026-04-14 00:28:54] current cache size: 0, finished: 0
[2026-04-14 00:28:55] current cache size: 0, finished: 0
[2026-04-14 00:28:55] current cache size: 0, finished: 0
[2026-04-14 00:28:55] current cache size: 0, finished: 0
[2026-04-14 00:28:55] current cache size: 0, finished: 0
[2026-04-14 00:28:55] current cache size: 0, finished: 0
[2026-04-14 00:28:56] current cache size: 0, finished: 0
[2026-04-14 00:28:56] current cache size: 0, finished: 0
[2026-04-14 00:28:56] current cache size: 0, finished: 0
[2026-04-14 00:28:56] current cache size: 0, finished: 0
[2026-04-14 00:28:56] current cache size: 0, finished: 0
[2026-04-14 00:28:57] current cache size: 0, finished: 0
[2026-04-14 00:28:57] current cache size: 0, finished: 0
[2026-04-14 00:28:57] current cache size: 0, finished: 0
[2026-04-14 00:28:57] current cache size: 0, finished: 0
[2026-04-14 00:28:57] current cache size: 0, finished: 0
[2026-04-14 00:28:58] current cache size: 0, finished: 0
[2026-04-14 00:28:58] current cache size: 0, finished: 0
[2026-04-14 00:28:58] current cache size: 0, finished: 0
[2026-04-14 00:28:58] current cache size: 0, finished: 0
[2026-04-14 00:28:58] current cache size: 0, finished: 0
[2026-04-14 00:28:59] current cache size: 0, finished: 0
[2026-04-14 00:28:59] current cache size: 0, finished: 0
[2026-04-14 00:28:59] current cache size: 0, finished: 0
[2026-04-14 00:28:59] current cache size: 0, finished: 0
[2026-04-14 00:28:59] current cache size: 0, finished: 0
[2026-04-14 00:28:59] current cache size: 0, finished: 0
[2026-04-14 00:29:00] current cache size: 0, finished: 0
[2026-04-14 00:29:00] current cache size: 0, finished: 0
[2026-04-14 00:29:00] current cache size: 0, finished: 0
[2026-04-14 00:29:00] current cache size: 0, finished: 0
[2026-04-14 00:29:00] current cache size: 0, finished: 0
[2026-04-14 00:29:01] current cache size: 0, finished: 0
[2026-04-14 00:29:01] current cache size: 0, finished: 0
[2026-04-14 00:29:01] current cache size: 0, finished: 0
[2026-04-14 00:29:01] current cache size: 0, finished: 0
[2026-04-14 00:29:01] current cache size: 0, finished: 0
[2026-04-14 00:29:02] current cache size: 0, finished: 0
[2026-04-14 00:29:02] current cache size: 0, finished: 0
[2026-04-14 00:29:02] current cache size: 0, finished: 0
[2026-04-14 00:29:02] current cache size: 0, finished: 0
[2026-04-14 00:29:02] current cache size: 0, finished: 0
[2026-04-14 00:29:03] current cache size: 0, finished: 0
[2026-04-14 00:29:03] current cache size: 0, finished: 0
[2026-04-14 00:29:03] current cache size: 0, finished: 0
[2026-04-14 00:29:03] current cache size: 0, finished: 0
[2026-04-14 00:29:03] current cache size: 0, finished: 0
[2026-04-14 00:29:04] current cache size: 0, finished: 0
[2026-04-14 00:29:04] current cache size: 0, finished: 0
[2026-04-14 00:29:04] current cache size: 0, finished: 0
[2026-04-14 00:29:04] current cache size: 0, finished: 0
[2026-04-14 00:29:04] current cache size: 0, finished: 0
[2026-04-14 00:29:04] current cache size: 0, finished: 0
[2026-04-14 00:29:05] current cache size: 0, finished: 0
[2026-04-14 00:29:05] current cache size: 0, finished: 0
[2026-04-14 00:29:05] current cache size: 0, finished: 0
[2026-04-14 00:29:05] current cache size: 0, finished: 0
[2026-04-14 00:29:05] current cache size: 0, finished: 0
[2026-04-14 00:29:06] current cache size: 0, finished: 0
[2026-04-14 00:29:06] current cache size: 0, finished: 0
[2026-04-14 00:29:06] current cache size: 0, finished: 0
[2026-04-14 00:29:06] current cache size: 0, finished: 0
[2026-04-14 00:29:06] current cache size: 0, finished: 0
[2026-04-14 00:29:07] current cache size: 0, finished: 0
[2026-04-14 00:29:07] current cache size: 0, finished: 0
[2026-04-14 00:29:07] current cache size: 0, finished: 0
[2026-04-14 00:29:07] current cache size: 0, finished: 0
[2026-04-14 00:29:07] current cache size: 0, finished: 0
[2026-04-14 00:29:08] current cache size: 0, finished: 0
[2026-04-14 00:29:08] current cache size: 0, finished: 0
[2026-04-14 00:29:08] current cache size: 0, finished: 0
[2026-04-14 00:29:08] current cache size: 0, finished: 0
[2026-04-14 00:29:08] current cache size: 0, finished: 0
[2026-04-14 00:29:09] current cache size: 0, finished: 0
[2026-04-14 00:29:09] current cache size: 0, finished: 0
[2026-04-14 00:29:09] current cache size: 0, finished: 0
[2026-04-14 00:29:09] current cache size: 0, finished: 0
[2026-04-14 00:29:09] current cache size: 0, finished: 0
[2026-04-14 00:29:10] current cache size: 0, finished: 0
[2026-04-14 00:29:10] current cache size: 0, finished: 0
[2026-04-14 00:29:10] current cache size: 0, finished: 0
[2026-04-14 00:29:10] current cache size: 0, finished: 0
[2026-04-14 00:29:10] current cache size: 0, finished: 0
[2026-04-14 00:29:10] current cache size: 0, finished: 0
[2026-04-14 00:29:11] current cache size: 0, finished: 0
[2026-04-14 00:29:11] current cache size: 0, finished: 0
[2026-04-14 00:29:11] current cache size: 0, finished: 0
[2026-04-14 00:29:11] current cache size: 0, finished: 0
[2026-04-14 00:29:11] current cache size: 0, finished: 0
[2026-04-14 00:29:12] current cache size: 0, finished: 0
[2026-04-14 00:29:12] current cache size: 0, finished: 0
[2026-04-14 00:29:12] current cache size: 0, finished: 0
[2026-04-14 00:29:12] current cache size: 0, finished: 0
[2026-04-14 00:29:12] current cache size: 0, finished: 0
[2026-04-14 00:29:13] current cache size: 0, finished: 0
[2026-04-14 00:29:13] current cache size: 0, finished: 0
[2026-04-14 00:29:13] current cache size: 0, finished: 0
[2026-04-14 00:29:13] current cache size: 0, finished: 0
[2026-04-14 00:29:13] current cache size: 0, finished: 0
[2026-04-14 00:29:14] current cache size: 0, finished: 0
[2026-04-14 00:29:14] current cache size: 0, finished: 0
[2026-04-14 00:29:14] current cache size: 0, finished: 0
[2026-04-14 00:29:14] current cache size: 0, finished: 0
[2026-04-14 00:29:14] current cache size: 0, finished: 0
[2026-04-14 00:29:15] current cache size: 0, finished: 0
[2026-04-14 00:29:15] current cache size: 0, finished: 0
[2026-04-14 00:29:15] current cache size: 0, finished: 0
[2026-04-14 00:29:15] current cache size: 0, finished: 0
[2026-04-14 00:29:15] current cache size: 0, finished: 0
[2026-04-14 00:29:16] current cache size: 0, finished: 0
[2026-04-14 00:29:16] current cache size: 0, finished: 0
[2026-04-14 00:29:16] current cache size: 0, finished: 0
[2026-04-14 00:29:16] current cache size: 0, finished: 0
[2026-04-14 00:29:16] current cache size: 0, finished: 0
[2026-04-14 00:29:17] current cache size: 0, finished: 0
[2026-04-14 00:29:17] current cache size: 0, finished: 0
[2026-04-14 00:29:17] current cache size: 0, finished: 0
[2026-04-14 00:29:17] current cache size: 0, finished: 0
[2026-04-14 00:29:17] current cache size: 0, finished: 0
[2026-04-14 00:29:18] current cache size: 0, finished: 0
[2026-04-14 00:29:18] current cache size: 0, finished: 0
[2026-04-14 00:29:18] current cache size: 0, finished: 0
[2026-04-14 00:29:18] current cache size: 0, finished: 0
[2026-04-14 00:29:18] current cache size: 0, finished: 0
[2026-04-14 00:29:18] current cache size: 0, finished: 0
[2026-04-14 00:29:19] current cache size: 0, finished: 0
[2026-04-14 00:29:19] current cache size: 0, finished: 0
[2026-04-14 00:29:19] current cache size: 0, finished: 0
[2026-04-14 00:29:19] current cache size: 0, finished: 0
[2026-04-14 00:29:19] current cache size: 0, finished: 0
[2026-04-14 00:29:20] current cache size: 0, finished: 0
[2026-04-14 00:29:20] current cache size: 0, finished: 0
[2026-04-14 00:29:20] current cache size: 0, finished: 0
[2026-04-14 00:29:20] current cache size: 0, finished: 0
[2026-04-14 00:29:20] current cache size: 0, finished: 0
[2026-04-14 00:29:21] current cache size: 0, finished: 0
[2026-04-14 00:29:21] current cache size: 0, finished: 0
[2026-04-14 00:29:21] current cache size: 0, finished: 0
[2026-04-14 00:29:21] current cache size: 0, finished: 0
[2026-04-14 00:29:21] current cache size: 0, finished: 0
[2026-04-14 00:29:22] current cache size: 0, finished: 0
[2026-04-14 00:29:22] current cache size: 0, finished: 0
[2026-04-14 00:29:22] current cache size: 0, finished: 0
[2026-04-14 00:29:22] current cache size: 0, finished: 0
[2026-04-14 00:29:22] current cache size: 0, finished: 0
[2026-04-14 00:29:23] current cache size: 0, finished: 0
[2026-04-14 00:29:23] current cache size: 0, finished: 0
[2026-04-14 00:29:23] current cache size: 0, finished: 0
[2026-04-14 00:29:23] current cache size: 0, finished: 0
[2026-04-14 00:29:23] current cache size: 0, finished: 0
[GRASP DEBUG] step=400 grav=(0,9.81,0) | cond1(dist<0.1)=988/1024 cond2(>=2 forces>0.2)=10/1024 cond3(quat<thresh)=356/1024 all=10/1024 | ft_dist mean=0.0574 max=0.1592 | force mean=0.0580 max=17.7367
[GRASP DEBUG env0] obj_pos=[-0.06930255889892578, 0.013773918151855469, 0.6481406688690186]
[GRASP DEBUG env0]   ft0 pos=[-0.021055221557617188, 0.04310798645019531, 0.6403983235359192] dist=0.0570
[GRASP DEBUG env0]   ft1 pos=[-0.10036373138427734, 0.025724411010742188, 0.6042755246162415] dist=0.0551
[GRASP DEBUG env0]   ft2 pos=[-0.09785842895507812, 0.003998756408691406, 0.603996992111206] dist=0.0535
[GRASP DEBUG env0]   ft3 pos=[-0.10513591766357422, -0.016000747680664062, 0.6045482754707336] dist=0.0638
[GRASP DEBUG env0]   ft4 pos=[-0.09453868865966797, -0.03600120544433594, 0.6042481064796448] dist=0.0710
[2026-04-14 00:29:24] current cache size: 0, finished: 0
[2026-04-14 00:29:24] current cache size: 0, finished: 0
[2026-04-14 00:29:24] current cache size: 0, finished: 0
[2026-04-14 00:29:24] current cache size: 0, finished: 0
[2026-04-14 00:29:24] current cache size: 0, finished: 0
[2026-04-14 00:29:25] current cache size: 0, finished: 0
[2026-04-14 00:29:25] current cache size: 0, finished: 0
[2026-04-14 00:29:25] current cache size: 0, finished: 0
[2026-04-14 00:29:25] current cache size: 0, finished: 0
[2026-04-14 00:29:25] current cache size: 0, finished: 0
[2026-04-14 00:29:26] current cache size: 0, finished: 0
[2026-04-14 00:29:26] current cache size: 0, finished: 0
[2026-04-14 00:29:26] current cache size: 0, finished: 0
[2026-04-14 00:29:26] current cache size: 0, finished: 0
[2026-04-14 00:29:26] current cache size: 0, finished: 0
[2026-04-14 00:29:26] current cache size: 0, finished: 0
[2026-04-14 00:29:27] current cache size: 0, finished: 0
[2026-04-14 00:29:27] current cache size: 0, finished: 0
[2026-04-14 00:29:27] current cache size: 0, finished: 0
[2026-04-14 00:29:27] current cache size: 0, finished: 0
[2026-04-14 00:29:27] current cache size: 0, finished: 0
[2026-04-14 00:29:28] current cache size: 0, finished: 0
[2026-04-14 00:29:28] current cache size: 0, finished: 0
[2026-04-14 00:29:28] current cache size: 0, finished: 0
[2026-04-14 00:29:28] current cache size: 0, finished: 0
[2026-04-14 00:29:28] current cache size: 0, finished: 0
[2026-04-14 00:29:29] current cache size: 0, finished: 0
[2026-04-14 00:29:29] current cache size: 0, finished: 0
[2026-04-14 00:29:29] current cache size: 0, finished: 0
[2026-04-14 00:29:29] current cache size: 0, finished: 0
[2026-04-14 00:29:29] current cache size: 0, finished: 0
[2026-04-14 00:29:30] current cache size: 0, finished: 0
[2026-04-14 00:29:30] current cache size: 0, finished: 0
[2026-04-14 00:29:30] current cache size: 0, finished: 0
[2026-04-14 00:29:30] current cache size: 0, finished: 0
[2026-04-14 00:29:30] current cache size: 0, finished: 0
[2026-04-14 00:29:31] current cache size: 0, finished: 0
[2026-04-14 00:29:31] current cache size: 0, finished: 0
[2026-04-14 00:29:31] current cache size: 0, finished: 0
[2026-04-14 00:29:31] current cache size: 0, finished: 0
[2026-04-14 00:29:31] current cache size: 0, finished: 0
[2026-04-14 00:29:32] current cache size: 0, finished: 0
[2026-04-14 00:29:32] current cache size: 0, finished: 0
[2026-04-14 00:29:32] current cache size: 0, finished: 0
[2026-04-14 00:29:32] current cache size: 0, finished: 0
[2026-04-14 00:29:32] current cache size: 0, finished: 0
[2026-04-14 00:29:33] current cache size: 0, finished: 0
[2026-04-14 00:29:33] current cache size: 0, finished: 0
[2026-04-14 00:29:33] current cache size: 0, finished: 0
[2026-04-14 00:29:33] current cache size: 0, finished: 0
[2026-04-14 00:29:33] current cache size: 0, finished: 0
[2026-04-14 00:29:34] current cache size: 0, finished: 0
[2026-04-14 00:29:34] current cache size: 0, finished: 0
[2026-04-14 00:29:34] current cache size: 0, finished: 0
[2026-04-14 00:29:34] current cache size: 0, finished: 0
[2026-04-14 00:29:34] current cache size: 0, finished: 0
[2026-04-14 00:29:34] current cache size: 0, finished: 0
[2026-04-14 00:29:35] current cache size: 0, finished: 0
[2026-04-14 00:29:35] current cache size: 0, finished: 0
[2026-04-14 00:29:35] current cache size: 0, finished: 0
[2026-04-14 00:29:35] current cache size: 0, finished: 0
[2026-04-14 00:29:35] current cache size: 0, finished: 0
[2026-04-14 00:29:36] current cache size: 0, finished: 0
[2026-04-14 00:29:36] current cache size: 0, finished: 0
[2026-04-14 00:29:36] current cache size: 0, finished: 0
[2026-04-14 00:29:36] current cache size: 0, finished: 0
[2026-04-14 00:29:36] current cache size: 0, finished: 0
[2026-04-14 00:29:37] current cache size: 0, finished: 0
[2026-04-14 00:29:37] current cache size: 0, finished: 0
[2026-04-14 00:29:37] current cache size: 0, finished: 0
[2026-04-14 00:29:37] current cache size: 0, finished: 0
[2026-04-14 00:29:37] current cache size: 0, finished: 0
[2026-04-14 00:29:38] current cache size: 0, finished: 0
[2026-04-14 00:29:38] current cache size: 0, finished: 0
[2026-04-14 00:29:38] current cache size: 0, finished: 0
[2026-04-14 00:29:38] current cache size: 0, finished: 0
[2026-04-14 00:29:38] current cache size: 0, finished: 0
[2026-04-14 00:29:39] current cache size: 0, finished: 0
[2026-04-14 00:29:39] current cache size: 0, finished: 0
[2026-04-14 00:29:39] current cache size: 0, finished: 0
[2026-04-14 00:29:39] current cache size: 0, finished: 0
[2026-04-14 00:29:39] current cache size: 0, finished: 0
[2026-04-14 00:29:40] current cache size: 0, finished: 0
[2026-04-14 00:29:40] current cache size: 0, finished: 0
[2026-04-14 00:29:40] current cache size: 0, finished: 0
[2026-04-14 00:29:40] current cache size: 0, finished: 0
[2026-04-14 00:29:40] current cache size: 0, finished: 0
[2026-04-14 00:29:40] current cache size: 0, finished: 0
[2026-04-14 00:29:41] current cache size: 0, finished: 0
[2026-04-14 00:29:41] current cache size: 0, finished: 0
[2026-04-14 00:29:41] current cache size: 0, finished: 0
[2026-04-14 00:29:41] current cache size: 0, finished: 0
[2026-04-14 00:29:41] current cache size: 0, finished: 0
[2026-04-14 00:29:42] current cache size: 0, finished: 0
[2026-04-14 00:29:42] current cache size: 0, finished: 0
[2026-04-14 00:29:42] current cache size: 0, finished: 0
[2026-04-14 00:29:42] current cache size: 0, finished: 0
[2026-04-14 00:29:42] current cache size: 0, finished: 0
[2026-04-14 00:29:43] current cache size: 0, finished: 0
[2026-04-14 00:29:43] current cache size: 0, finished: 0
[2026-04-14 00:29:43] current cache size: 0, finished: 0
[2026-04-14 00:29:43] current cache size: 0, finished: 0
[2026-04-14 00:29:43] current cache size: 0, finished: 0
[2026-04-14 00:29:44] current cache size: 0, finished: 0
[2026-04-14 00:29:44] current cache size: 0, finished: 0
[2026-04-14 00:29:44] current cache size: 0, finished: 0
[2026-04-14 00:29:44] current cache size: 0, finished: 0
[2026-04-14 00:29:44] current cache size: 0, finished: 0
[2026-04-14 00:29:44] current cache size: 0, finished: 0
[2026-04-14 00:29:45] current cache size: 0, finished: 0
[2026-04-14 00:29:45] current cache size: 0, finished: 0
[2026-04-14 00:29:45] current cache size: 0, finished: 0
[2026-04-14 00:29:45] current cache size: 0, finished: 0
[2026-04-14 00:29:45] current cache size: 0, finished: 0
[2026-04-14 00:29:46] current cache size: 0, finished: 0
[2026-04-14 00:29:46] current cache size: 0, finished: 0
[2026-04-14 00:29:46] current cache size: 0, finished: 0
[2026-04-14 00:29:46] current cache size: 0, finished: 0
[2026-04-14 00:29:46] current cache size: 0, finished: 0
[2026-04-14 00:29:47] current cache size: 0, finished: 0
[2026-04-14 00:29:47] current cache size: 0, finished: 0
[2026-04-14 00:29:47] current cache size: 0, finished: 0
[2026-04-14 00:29:47] current cache size: 0, finished: 0
[2026-04-14 00:29:47] current cache size: 0, finished: 0
[2026-04-14 00:29:48] current cache size: 0, finished: 0
[2026-04-14 00:29:48] current cache size: 0, finished: 0
[2026-04-14 00:29:48] current cache size: 0, finished: 0
[2026-04-14 00:29:48] current cache size: 0, finished: 0
[2026-04-14 00:29:48] current cache size: 0, finished: 0
[2026-04-14 00:29:48] current cache size: 0, finished: 0
[2026-04-14 00:29:49] current cache size: 0, finished: 0
[2026-04-14 00:29:49] current cache size: 0, finished: 0
[2026-04-14 00:29:49] current cache size: 0, finished: 0
[2026-04-14 00:29:49] current cache size: 0, finished: 0
[2026-04-14 00:29:49] current cache size: 0, finished: 0
[2026-04-14 00:29:50] current cache size: 0, finished: 0
[2026-04-14 00:29:50] current cache size: 0, finished: 0
[2026-04-14 00:29:50] current cache size: 0, finished: 0
[2026-04-14 00:29:50] current cache size: 0, finished: 0
[2026-04-14 00:29:50] current cache size: 0, finished: 0
[2026-04-14 00:29:51] current cache size: 0, finished: 0
[2026-04-14 00:29:51] current cache size: 0, finished: 0
[2026-04-14 00:29:51] current cache size: 0, finished: 0
[2026-04-14 00:29:51] current cache size: 0, finished: 0
[2026-04-14 00:29:51] current cache size: 0, finished: 0
[2026-04-14 00:29:52] current cache size: 0, finished: 0
[2026-04-14 00:29:52] current cache size: 0, finished: 0
[2026-04-14 00:29:52] current cache size: 0, finished: 0
[2026-04-14 00:29:52] current cache size: 0, finished: 0
[2026-04-14 00:29:52] current cache size: 0, finished: 0
[2026-04-14 00:29:53] current cache size: 0, finished: 0
[2026-04-14 00:29:53] current cache size: 0, finished: 0
[2026-04-14 00:29:53] current cache size: 0, finished: 0
[2026-04-14 00:29:53] current cache size: 0, finished: 0
[2026-04-14 00:29:53] current cache size: 0, finished: 0
[2026-04-14 00:29:53] current cache size: 0, finished: 0
[2026-04-14 00:29:54] current cache size: 0, finished: 0
[2026-04-14 00:29:54] current cache size: 0, finished: 0
[2026-04-14 00:29:54] current cache size: 0, finished: 0
[2026-04-14 00:29:54] current cache size: 0, finished: 0
[2026-04-14 00:29:54] current cache size: 0, finished: 0
[2026-04-14 00:29:55] current cache size: 0, finished: 0
[2026-04-14 00:29:55] current cache size: 0, finished: 0
[2026-04-14 00:29:55] current cache size: 0, finished: 0
[2026-04-14 00:29:55] current cache size: 0, finished: 0
[2026-04-14 00:29:55] current cache size: 0, finished: 0
[2026-04-14 00:29:56] current cache size: 0, finished: 0
[2026-04-14 00:29:56] current cache size: 0, finished: 0
[2026-04-14 00:29:56] current cache size: 0, finished: 0
[2026-04-14 00:29:56] current cache size: 0, finished: 0
[2026-04-14 00:29:56] current cache size: 0, finished: 0
[2026-04-14 00:29:57] current cache size: 0, finished: 0
[2026-04-14 00:29:57] current cache size: 0, finished: 0
[2026-04-14 00:29:57] current cache size: 0, finished: 0
[2026-04-14 00:29:57] current cache size: 0, finished: 0
[2026-04-14 00:29:57] current cache size: 0, finished: 0
[2026-04-14 00:29:57] current cache size: 0, finished: 0
[2026-04-14 00:29:58] current cache size: 0, finished: 0
[2026-04-14 00:29:58] current cache size: 0, finished: 0
[2026-04-14 00:29:58] current cache size: 0, finished: 0
[2026-04-14 00:29:58] current cache size: 0, finished: 0
[2026-04-14 00:29:58] current cache size: 0, finished: 0
[2026-04-14 00:29:59] current cache size: 0, finished: 0
[2026-04-14 00:29:59] current cache size: 0, finished: 0
[2026-04-14 00:29:59] current cache size: 0, finished: 0
[2026-04-14 00:29:59] current cache size: 0, finished: 0
[2026-04-14 00:29:59] current cache size: 0, finished: 0
[2026-04-14 00:30:00] current cache size: 0, finished: 0
[2026-04-14 00:30:00] current cache size: 0, finished: 0
[2026-04-14 00:30:00] current cache size: 0, finished: 0
[2026-04-14 00:30:00] current cache size: 0, finished: 0
[2026-04-14 00:30:00] current cache size: 0, finished: 0
[2026-04-14 00:30:01] current cache size: 0, finished: 0
[2026-04-14 00:30:01] current cache size: 0, finished: 0
[2026-04-14 00:30:01] current cache size: 0, finished: 0
[2026-04-14 00:30:01] current cache size: 0, finished: 0
[2026-04-14 00:30:01] current cache size: 0, finished: 0
[2026-04-14 00:30:01] current cache size: 0, finished: 0
[2026-04-14 00:30:02] current cache size: 0, finished: 0
[2026-04-14 00:30:02] current cache size: 0, finished: 0
[GRASP DEBUG] step=600 grav=(0,0,-9.81) | cond1(dist<0.1)=1009/1024 cond2(>=2 forces>0.2)=20/1024 cond3(quat<thresh)=393/1024 all=17/1024 | ft_dist mean=0.0546 max=0.1409 | force mean=0.1119 max=13.1344
[GRASP DEBUG env0] obj_pos=[-0.0881357192993164, -0.010783195495605469, 0.653654158115387]
[GRASP DEBUG env0]   ft0 pos=[-0.02899646759033203, 0.007700920104980469, 0.6409028172492981] dist=0.0633
[GRASP DEBUG env0]   ft1 pos=[-0.11124420166015625, 0.030248641967773438, 0.6044719219207764] dist=0.0681
[GRASP DEBUG env0]   ft2 pos=[-0.10972785949707031, 0.003998756408691406, 0.6045246720314026] dist=0.0557
[GRASP DEBUG env0]   ft3 pos=[-0.10872459411621094, -0.016000747680664062, 0.6044822335243225] dist=0.0536
[GRASP DEBUG env0]   ft4 pos=[-0.09528923034667969, -0.03600120544433594, 0.6042611598968506] dist=0.0559
[2026-04-14 00:30:02] current cache size: 0, finished: 0
[2026-04-14 00:30:02] current cache size: 0, finished: 0
[2026-04-14 00:30:02] current cache size: 0, finished: 0
[2026-04-14 00:30:03] current cache size: 0, finished: 0
[2026-04-14 00:30:03] current cache size: 0, finished: 0
[2026-04-14 00:30:03] current cache size: 0, finished: 0
[2026-04-14 00:30:03] current cache size: 0, finished: 0
[2026-04-14 00:30:03] current cache size: 0, finished: 0
[2026-04-14 00:30:04] current cache size: 0, finished: 0
[2026-04-14 00:30:04] current cache size: 0, finished: 0
[2026-04-14 00:30:04] current cache size: 0, finished: 0
[2026-04-14 00:30:04] current cache size: 0, finished: 0
[2026-04-14 00:30:04] current cache size: 0, finished: 0
[2026-04-14 00:30:05] current cache size: 0, finished: 0
[2026-04-14 00:30:05] current cache size: 0, finished: 0
[2026-04-14 00:30:05] current cache size: 0, finished: 0
[2026-04-14 00:30:05] current cache size: 0, finished: 0
[2026-04-14 00:30:05] current cache size: 0, finished: 0
[2026-04-14 00:30:06] current cache size: 0, finished: 0
[2026-04-14 00:30:06] current cache size: 0, finished: 0
[2026-04-14 00:30:06] current cache size: 0, finished: 0
[2026-04-14 00:30:06] current cache size: 0, finished: 0
[2026-04-14 00:30:06] current cache size: 0, finished: 0
[2026-04-14 00:30:07] current cache size: 0, finished: 0
[2026-04-14 00:30:07] current cache size: 0, finished: 0
[2026-04-14 00:30:07] current cache size: 0, finished: 0
[2026-04-14 00:30:07] current cache size: 0, finished: 0
[2026-04-14 00:30:07] current cache size: 0, finished: 0
[2026-04-14 00:30:08] current cache size: 0, finished: 0
[2026-04-14 00:30:08] current cache size: 0, finished: 0
[2026-04-14 00:30:08] current cache size: 0, finished: 0
[2026-04-14 00:30:08] current cache size: 0, finished: 0
[2026-04-14 00:30:08] current cache size: 0, finished: 0
[2026-04-14 00:30:09] current cache size: 0, finished: 0
[2026-04-14 00:30:09] current cache size: 0, finished: 0
[2026-04-14 00:30:09] current cache size: 0, finished: 0
[2026-04-14 00:30:09] current cache size: 0, finished: 0
[2026-04-14 00:30:09] current cache size: 0, finished: 0
[2026-04-14 00:30:09] current cache size: 0, finished: 0
[2026-04-14 00:30:10] current cache size: 0, finished: 0
[2026-04-14 00:30:10] current cache size: 0, finished: 0
[2026-04-14 00:30:10] current cache size: 0, finished: 0
[2026-04-14 00:30:10] current cache size: 0, finished: 0
[2026-04-14 00:30:10] current cache size: 0, finished: 0
[2026-04-14 00:30:11] current cache size: 0, finished: 0
[2026-04-14 00:30:11] current cache size: 0, finished: 0
[2026-04-14 00:30:11] current cache size: 0, finished: 0
[2026-04-14 00:30:11] current cache size: 0, finished: 0
[2026-04-14 00:30:11] current cache size: 0, finished: 0
[2026-04-14 00:30:12] current cache size: 0, finished: 0
[2026-04-14 00:30:12] current cache size: 0, finished: 0
[2026-04-14 00:30:12] current cache size: 0, finished: 0
[2026-04-14 00:30:12] current cache size: 0, finished: 0
[2026-04-14 00:30:12] current cache size: 0, finished: 0
[2026-04-14 00:30:13] current cache size: 0, finished: 0
[2026-04-14 00:30:13] current cache size: 0, finished: 0
[2026-04-14 00:30:13] current cache size: 0, finished: 0
[2026-04-14 00:30:13] current cache size: 0, finished: 0
[2026-04-14 00:30:13] current cache size: 0, finished: 0
[2026-04-14 00:30:14] current cache size: 0, finished: 0
[2026-04-14 00:30:14] current cache size: 0, finished: 0
[2026-04-14 00:30:14] current cache size: 0, finished: 0
[2026-04-14 00:30:14] current cache size: 0, finished: 0
[2026-04-14 00:30:14] current cache size: 0, finished: 0
[2026-04-14 00:30:15] current cache size: 0, finished: 0
[2026-04-14 00:30:15] current cache size: 0, finished: 0
[2026-04-14 00:30:15] current cache size: 0, finished: 0
[2026-04-14 00:30:15] current cache size: 0, finished: 0
[2026-04-14 00:30:15] current cache size: 0, finished: 0
[2026-04-14 00:30:15] current cache size: 0, finished: 0
[2026-04-14 00:30:16] current cache size: 0, finished: 0
[2026-04-14 00:30:16] current cache size: 0, finished: 0
[2026-04-14 00:30:16] current cache size: 0, finished: 0
[2026-04-14 00:30:16] current cache size: 0, finished: 0
[2026-04-14 00:30:16] current cache size: 0, finished: 0
[2026-04-14 00:30:17] current cache size: 0, finished: 0
[2026-04-14 00:30:17] current cache size: 0, finished: 0
[2026-04-14 00:30:17] current cache size: 0, finished: 0
[2026-04-14 00:30:17] current cache size: 0, finished: 0
[2026-04-14 00:30:17] current cache size: 0, finished: 0
[2026-04-14 00:30:18] current cache size: 0, finished: 0
[2026-04-14 00:30:18] current cache size: 0, finished: 0
[2026-04-14 00:30:18] current cache size: 0, finished: 0
[2026-04-14 00:30:18] current cache size: 0, finished: 0
[2026-04-14 00:30:18] current cache size: 0, finished: 0
[2026-04-14 00:30:19] current cache size: 0, finished: 0
[2026-04-14 00:30:19] current cache size: 0, finished: 0
[2026-04-14 00:30:19] current cache size: 0, finished: 0
[2026-04-14 00:30:19] current cache size: 0, finished: 0
[2026-04-14 00:30:19] current cache size: 0, finished: 0
[2026-04-14 00:30:19] current cache size: 0, finished: 0
[2026-04-14 00:30:20] current cache size: 0, finished: 0
[2026-04-14 00:30:20] current cache size: 0, finished: 0
[2026-04-14 00:30:20] current cache size: 0, finished: 0
[2026-04-14 00:30:20] current cache size: 0, finished: 0
[2026-04-14 00:30:20] current cache size: 0, finished: 0
[2026-04-14 00:30:21] current cache size: 0, finished: 0
[2026-04-14 00:30:21] current cache size: 0, finished: 0
[2026-04-14 00:30:21] current cache size: 0, finished: 0
[2026-04-14 00:30:21] current cache size: 0, finished: 0
[2026-04-14 00:30:21] current cache size: 0, finished: 0
[2026-04-14 00:30:22] current cache size: 0, finished: 0
[2026-04-14 00:30:22] current cache size: 0, finished: 0
[2026-04-14 00:30:22] current cache size: 0, finished: 0
[2026-04-14 00:30:22] current cache size: 0, finished: 0
[2026-04-14 00:30:22] current cache size: 0, finished: 0
[2026-04-14 00:30:23] current cache size: 0, finished: 0
[2026-04-14 00:30:23] current cache size: 0, finished: 0
[2026-04-14 00:30:23] current cache size: 0, finished: 0
[2026-04-14 00:30:23] current cache size: 0, finished: 0
[2026-04-14 00:30:23] current cache size: 0, finished: 0
[2026-04-14 00:30:23] current cache size: 0, finished: 0
[2026-04-14 00:30:24] current cache size: 0, finished: 0
[2026-04-14 00:30:24] current cache size: 0, finished: 0
[2026-04-14 00:30:24] current cache size: 0, finished: 0
[2026-04-14 00:30:24] current cache size: 0, finished: 0
[2026-04-14 00:30:24] current cache size: 0, finished: 0
[2026-04-14 00:30:25] current cache size: 0, finished: 0
[2026-04-14 00:30:25] current cache size: 0, finished: 0
[2026-04-14 00:30:25] current cache size: 0, finished: 0
[2026-04-14 00:30:25] current cache size: 0, finished: 0
[2026-04-14 00:30:25] current cache size: 0, finished: 0
[2026-04-14 00:30:26] current cache size: 0, finished: 0
[2026-04-14 00:30:26] current cache size: 0, finished: 0
[2026-04-14 00:30:26] current cache size: 0, finished: 0
[2026-04-14 00:30:26] current cache size: 0, finished: 0
[2026-04-14 00:30:26] current cache size: 0, finished: 0
[2026-04-14 00:30:27] current cache size: 0, finished: 0
[2026-04-14 00:30:27] current cache size: 0, finished: 0
[2026-04-14 00:30:27] current cache size: 0, finished: 0
[2026-04-14 00:30:27] current cache size: 0, finished: 0
[2026-04-14 00:30:27] current cache size: 0, finished: 0
[2026-04-14 00:30:27] current cache size: 0, finished: 0
[2026-04-14 00:30:28] current cache size: 0, finished: 0
[2026-04-14 00:30:28] current cache size: 0, finished: 0
[2026-04-14 00:30:28] current cache size: 0, finished: 0
[2026-04-14 00:30:28] current cache size: 0, finished: 0
[2026-04-14 00:30:28] current cache size: 0, finished: 0
[2026-04-14 00:30:29] current cache size: 0, finished: 0
[2026-04-14 00:30:29] current cache size: 0, finished: 0
[2026-04-14 00:30:29] current cache size: 0, finished: 0
[2026-04-14 00:30:29] current cache size: 0, finished: 0
[2026-04-14 00:30:29] current cache size: 0, finished: 0
[2026-04-14 00:30:30] current cache size: 0, finished: 0
[2026-04-14 00:30:30] current cache size: 0, finished: 0
[2026-04-14 00:30:30] current cache size: 0, finished: 0
[2026-04-14 00:30:30] current cache size: 0, finished: 0
[2026-04-14 00:30:30] current cache size: 0, finished: 0
[2026-04-14 00:30:31] current cache size: 0, finished: 0
[2026-04-14 00:30:31] current cache size: 0, finished: 0
[2026-04-14 00:30:31] current cache size: 0, finished: 0
[2026-04-14 00:30:31] current cache size: 0, finished: 0
[2026-04-14 00:30:31] current cache size: 0, finished: 0
[2026-04-14 00:30:32] current cache size: 0, finished: 0
[2026-04-14 00:30:32] current cache size: 0, finished: 0
[2026-04-14 00:30:32] current cache size: 0, finished: 0
[2026-04-14 00:30:32] current cache size: 0, finished: 0
[2026-04-14 00:30:32] current cache size: 0, finished: 0
[2026-04-14 00:30:32] current cache size: 0, finished: 0
[2026-04-14 00:30:33] current cache size: 0, finished: 0
[2026-04-14 00:30:33] current cache size: 0, finished: 0
[2026-04-14 00:30:33] current cache size: 0, finished: 0
[2026-04-14 00:30:33] current cache size: 0, finished: 0
[2026-04-14 00:30:33] current cache size: 0, finished: 0
[2026-04-14 00:30:34] current cache size: 0, finished: 0
[2026-04-14 00:30:34] current cache size: 0, finished: 0
[2026-04-14 00:30:34] current cache size: 0, finished: 0
[2026-04-14 00:30:34] current cache size: 0, finished: 0
[2026-04-14 00:30:34] current cache size: 0, finished: 0
[2026-04-14 00:30:35] current cache size: 0, finished: 0
[2026-04-14 00:30:35] current cache size: 0, finished: 0
[2026-04-14 00:30:35] current cache size: 0, finished: 0
[2026-04-14 00:30:35] current cache size: 0, finished: 0
[2026-04-14 00:30:35] current cache size: 0, finished: 0
[2026-04-14 00:30:36] current cache size: 0, finished: 0
[2026-04-14 00:30:36] current cache size: 0, finished: 0
[2026-04-14 00:30:36] current cache size: 0, finished: 0
[2026-04-14 00:30:36] current cache size: 0, finished: 0
[2026-04-14 00:30:36] current cache size: 0, finished: 0
[2026-04-14 00:30:37] current cache size: 0, finished: 0
[2026-04-14 00:30:37] current cache size: 0, finished: 0
[2026-04-14 00:30:37] current cache size: 0, finished: 0
[2026-04-14 00:30:37] current cache size: 0, finished: 0
[2026-04-14 00:30:37] current cache size: 0, finished: 0
[2026-04-14 00:30:38] current cache size: 0, finished: 0
[2026-04-14 00:30:38] current cache size: 0, finished: 0
[2026-04-14 00:30:38] current cache size: 0, finished: 0
[2026-04-14 00:30:38] current cache size: 0, finished: 0
[2026-04-14 00:30:38] current cache size: 0, finished: 0
[2026-04-14 00:30:38] current cache size: 0, finished: 0
[2026-04-14 00:30:39] current cache size: 0, finished: 0
[2026-04-14 00:30:39] current cache size: 0, finished: 0
[2026-04-14 00:30:39] current cache size: 0, finished: 0
[2026-04-14 00:30:39] current cache size: 0, finished: 0
[2026-04-14 00:30:39] current cache size: 0, finished: 0
[2026-04-14 00:30:40] current cache size: 0, finished: 0
[2026-04-14 00:30:40] current cache size: 0, finished: 0
[2026-04-14 00:30:40] current cache size: 0, finished: 0
[2026-04-14 00:30:40] current cache size: 0, finished: 0
[2026-04-14 00:30:40] current cache size: 0, finished: 0
[GRASP DEBUG] step=800 grav=(0,0,9.81) | cond1(dist<0.1)=999/1024 cond2(>=2 forces>0.2)=5/1024 cond3(quat<thresh)=284/1024 all=4/1024 | ft_dist mean=0.0597 max=0.1797 | force mean=0.0153 max=9.2696
[GRASP DEBUG env0] obj_pos=[-0.03643226623535156, -0.008217811584472656, 0.6828958988189697]
[GRASP DEBUG env0]   ft0 pos=[-0.024259567260742188, 0.03140544891357422, 0.6423799395561218] dist=0.0580
[GRASP DEBUG env0]   ft1 pos=[-0.1087198257446289, 0.02697277069091797, 0.6045429110527039] dist=0.1123
[GRASP DEBUG env0]   ft2 pos=[-0.07268905639648438, 0.003998756408691406, 0.5975258350372314] dist=0.0936
[GRASP DEBUG env0]   ft3 pos=[-0.10724449157714844, -0.016000747680664062, 0.604526937007904] dist=0.1059
[GRASP DEBUG env0]   ft4 pos=[-0.07626152038574219, -0.03600120544433594, 0.6009508967399597] dist=0.0953
[2026-04-14 00:30:41] current cache size: 0, finished: 0
[2026-04-14 00:30:41] current cache size: 0, finished: 0
[2026-04-14 00:30:41] current cache size: 0, finished: 0
[2026-04-14 00:30:41] current cache size: 0, finished: 0
[2026-04-14 00:30:41] current cache size: 0, finished: 0
[2026-04-14 00:30:42] current cache size: 0, finished: 0
[2026-04-14 00:30:42] current cache size: 0, finished: 0
[2026-04-14 00:30:42] current cache size: 0, finished: 0
[2026-04-14 00:30:42] current cache size: 0, finished: 0
[2026-04-14 00:30:42] current cache size: 0, finished: 0
[2026-04-14 00:30:43] current cache size: 0, finished: 0
[2026-04-14 00:30:43] current cache size: 0, finished: 0
[2026-04-14 00:30:43] current cache size: 0, finished: 0
[2026-04-14 00:30:43] current cache size: 0, finished: 0
[2026-04-14 00:30:43] current cache size: 0, finished: 0
[2026-04-14 00:30:44] current cache size: 0, finished: 0
[2026-04-14 00:30:44] current cache size: 0, finished: 0
[2026-04-14 00:30:44] current cache size: 0, finished: 0
[2026-04-14 00:30:44] current cache size: 0, finished: 0
[2026-04-14 00:30:44] current cache size: 0, finished: 0
[2026-04-14 00:30:44] current cache size: 0, finished: 0
[2026-04-14 00:30:45] current cache size: 0, finished: 0
[2026-04-14 00:30:45] current cache size: 0, finished: 0
[2026-04-14 00:30:45] current cache size: 0, finished: 0
[2026-04-14 00:30:45] current cache size: 0, finished: 0
[2026-04-14 00:30:45] current cache size: 0, finished: 0
[2026-04-14 00:30:46] current cache size: 0, finished: 0
[2026-04-14 00:30:46] current cache size: 0, finished: 0
[2026-04-14 00:30:46] current cache size: 0, finished: 0
[2026-04-14 00:30:46] current cache size: 0, finished: 0
[2026-04-14 00:30:46] current cache size: 0, finished: 0
[2026-04-14 00:30:47] current cache size: 0, finished: 0
[2026-04-14 00:30:47] current cache size: 0, finished: 0
[2026-04-14 00:30:47] current cache size: 0, finished: 0
[2026-04-14 00:30:47] current cache size: 0, finished: 0
[2026-04-14 00:30:47] current cache size: 0, finished: 0
[2026-04-14 00:30:48] current cache size: 0, finished: 0
[2026-04-14 00:30:48] current cache size: 0, finished: 0
[2026-04-14 00:30:48] current cache size: 0, finished: 0
[2026-04-14 00:30:48] current cache size: 0, finished: 0
[2026-04-14 00:30:48] current cache size: 0, finished: 0
[2026-04-14 00:30:49] current cache size: 0, finished: 0
[2026-04-14 00:30:49] current cache size: 0, finished: 0
[2026-04-14 00:30:49] current cache size: 0, finished: 0
[2026-04-14 00:30:49] current cache size: 0, finished: 0
[2026-04-14 00:30:49] current cache size: 0, finished: 0
[2026-04-14 00:30:50] current cache size: 0, finished: 0
[2026-04-14 00:30:50] current cache size: 0, finished: 0
[2026-04-14 00:30:50] current cache size: 0, finished: 0
[2026-04-14 00:30:50] current cache size: 0, finished: 0
[2026-04-14 00:30:50] current cache size: 0, finished: 0
[2026-04-14 00:30:50] current cache size: 0, finished: 0
[2026-04-14 00:30:51] current cache size: 0, finished: 0
[2026-04-14 00:30:51] current cache size: 0, finished: 0
[2026-04-14 00:30:51] current cache size: 0, finished: 0
[2026-04-14 00:30:51] current cache size: 0, finished: 0
[2026-04-14 00:30:51] current cache size: 0, finished: 0
[2026-04-14 00:30:52] current cache size: 0, finished: 0
[2026-04-14 00:30:52] current cache size: 0, finished: 0
[2026-04-14 00:30:52] current cache size: 0, finished: 0
[2026-04-14 00:30:52] current cache size: 0, finished: 0
[2026-04-14 00:30:52] current cache size: 0, finished: 0
[2026-04-14 00:30:53] current cache size: 0, finished: 0
[2026-04-14 00:30:53] current cache size: 0, finished: 0
[2026-04-14 00:30:53] current cache size: 0, finished: 0
[2026-04-14 00:30:53] current cache size: 0, finished: 0
[2026-04-14 00:30:53] current cache size: 0, finished: 0
[2026-04-14 00:30:54] current cache size: 0, finished: 0
[2026-04-14 00:30:54] current cache size: 0, finished: 0
[2026-04-14 00:30:54] current cache size: 0, finished: 0
[2026-04-14 00:30:54] current cache size: 0, finished: 0
[2026-04-14 00:30:54] current cache size: 0, finished: 0
[2026-04-14 00:30:54] current cache size: 0, finished: 0
[2026-04-14 00:30:55] current cache size: 0, finished: 0
[2026-04-14 00:30:55] current cache size: 0, finished: 0
[2026-04-14 00:30:55] current cache size: 0, finished: 0
[2026-04-14 00:30:55] current cache size: 0, finished: 0
[2026-04-14 00:30:55] current cache size: 0, finished: 0
[2026-04-14 00:30:56] current cache size: 0, finished: 0
[2026-04-14 00:30:56] current cache size: 0, finished: 0
[2026-04-14 00:30:56] current cache size: 0, finished: 0
[2026-04-14 00:30:56] current cache size: 0, finished: 0
[2026-04-14 00:30:56] current cache size: 0, finished: 0
[2026-04-14 00:30:57] current cache size: 0, finished: 0
[2026-04-14 00:30:57] current cache size: 0, finished: 0
[2026-04-14 00:30:57] current cache size: 0, finished: 0
[2026-04-14 00:30:57] current cache size: 0, finished: 0
[2026-04-14 00:30:57] current cache size: 0, finished: 0
[2026-04-14 00:30:58] current cache size: 0, finished: 0
[2026-04-14 00:30:58] current cache size: 0, finished: 0
[2026-04-14 00:30:58] current cache size: 0, finished: 0
[2026-04-14 00:30:58] current cache size: 0, finished: 0
[2026-04-14 00:30:58] current cache size: 0, finished: 0
[2026-04-14 00:30:59] current cache size: 0, finished: 0
[2026-04-14 00:30:59] current cache size: 0, finished: 0
[2026-04-14 00:30:59] current cache size: 0, finished: 0
[2026-04-14 00:30:59] current cache size: 0, finished: 0
[2026-04-14 00:30:59] current cache size: 0, finished: 0
[2026-04-14 00:31:00] current cache size: 0, finished: 0
[2026-04-14 00:31:00] current cache size: 0, finished: 0
[2026-04-14 00:31:00] current cache size: 0, finished: 0
[2026-04-14 00:31:00] current cache size: 0, finished: 0
[2026-04-14 00:31:00] current cache size: 0, finished: 0
[2026-04-14 00:31:00] current cache size: 0, finished: 0
[2026-04-14 00:31:01] current cache size: 0, finished: 0
[2026-04-14 00:31:01] current cache size: 0, finished: 0
[2026-04-14 00:31:01] current cache size: 0, finished: 0
[2026-04-14 00:31:01] current cache size: 0, finished: 0
[2026-04-14 00:31:01] current cache size: 0, finished: 0
[2026-04-14 00:31:02] current cache size: 0, finished: 0
[2026-04-14 00:31:02] current cache size: 0, finished: 0
[2026-04-14 00:31:02] current cache size: 0, finished: 0
[2026-04-14 00:31:02] current cache size: 0, finished: 0
[2026-04-14 00:31:02] current cache size: 0, finished: 0
[2026-04-14 00:31:03] current cache size: 0, finished: 0
[2026-04-14 00:31:03] current cache size: 0, finished: 0
[2026-04-14 00:31:03] current cache size: 0, finished: 0
[2026-04-14 00:31:03] current cache size: 0, finished: 0
[2026-04-14 00:31:03] current cache size: 0, finished: 0
[2026-04-14 00:31:04] current cache size: 0, finished: 0
[2026-04-14 00:31:04] current cache size: 0, finished: 0
[2026-04-14 00:31:04] current cache size: 0, finished: 0
[2026-04-14 00:31:04] current cache size: 0, finished: 0
[2026-04-14 00:31:04] current cache size: 0, finished: 0
[2026-04-14 00:31:05] current cache size: 0, finished: 0
[2026-04-14 00:31:05] current cache size: 0, finished: 0
[2026-04-14 00:31:05] current cache size: 0, finished: 0
[2026-04-14 00:31:05] current cache size: 0, finished: 0
[2026-04-14 00:31:05] current cache size: 0, finished: 0
[2026-04-14 00:31:06] current cache size: 0, finished: 0
[2026-04-14 00:31:06] current cache size: 0, finished: 0
[2026-04-14 00:31:06] current cache size: 0, finished: 0
[2026-04-14 00:31:06] current cache size: 0, finished: 0
[2026-04-14 00:31:06] current cache size: 0, finished: 0
[2026-04-14 00:31:06] current cache size: 0, finished: 0
[2026-04-14 00:31:07] current cache size: 0, finished: 0
[2026-04-14 00:31:07] current cache size: 0, finished: 0
[2026-04-14 00:31:07] current cache size: 0, finished: 0
[2026-04-14 00:31:07] current cache size: 0, finished: 0
[2026-04-14 00:31:07] current cache size: 0, finished: 0
[2026-04-14 00:31:08] current cache size: 0, finished: 0
[2026-04-14 00:31:08] current cache size: 0, finished: 0
[2026-04-14 00:31:08] current cache size: 0, finished: 0
[2026-04-14 00:31:08] current cache size: 0, finished: 0