[INFO][AppLauncher]: Using device: cuda:0
[INFO][AppLauncher]: Loading experience file: /home/lingfeng/playground/sharpa-rl-lab/.pixi/envs/default/lib/python3.11/site-packages/isaaclab/apps/isaaclab.python.headless.kit
[INFO]: Parsing configuration from: rl_isaaclab.tasks.inhand_rotate.xhand_env_cfg:XhandEnvCfg
[INFO]: Parsing configuration from: /home/lingfeng/playground/sharpa-rl-lab/rl_isaaclab/tasks/inhand_rotate/agents/ppo_cfg.yaml
[INFO] Logging experiment in directory: /home/lingfeng/playground/sharpa-rl-lab/logs/debug
Exact experiment name requested from command line: /home/lingfeng/playground/sharpa-rl-lab/logs/debug/2026-04-14_10-09-21

[36m======================================================================================[0m
[36m[1m[INFO][IsaacLab]: Logging to file: /tmp/isaaclab/logs/isaaclab_2026-04-14_10-09-21.log[0m
[36m======================================================================================[0m

[33m10:09:21 [simulation_context.py] WARNING: The `enable_external_forces_every_iteration` parameter in the PhysxCfg is set to False. If you are experiencing noisy velocities, consider enabling this flag. You may need to slightly increase the number of velocity iterations (setting it to 1 or 2 rather than 0), together with this flag, to improve the accuracy of velocity updates.[0m
[INFO]: Base environment:
	Environment device    : cuda:0
	Environment seed      : 42
	Physics step-size     : 0.004166666666666667
	Rendering step-size   : 0.008333333333333333
	Environment step-size : 0.05
[33m10:09:21 [direct_rl_env.py] WARNING: The render interval (2) is smaller than the decimation (12). Multiple render calls will happen for each environment step.If this is not intended, set the render interval to be equal to the decimation.[0m
[33m10:09:21 [prims.py] WARNING: Could not perform 'modify_collision_properties' on any prims under: '/World/envs/env_0/Robot'. This might be because of the following reasons:
	(1) The desired attribute does not exist on any of the prims.
	(2) The desired attribute exists on an instanced prim.
		Discovered list of instanced prim paths: ['/World/envs/env_0/Robot/right_hand_link/visuals', '/World/envs/env_0/Robot/right_hand_link/collisions', '/World/envs/env_0/Robot/right_hand_back_link/visuals', '/World/envs/env_0/Robot/right_hand_back_link/collisions', '/World/envs/env_0/Robot/right_hand_ee_link/visuals', '/World/envs/env_0/Robot/right_hand_ee_link/collisions', '/World/envs/env_0/Robot/right_hand_index_bend_link/visuals', '/World/envs/env_0/Robot/right_hand_index_bend_link/collisions', '/World/envs/env_0/Robot/right_hand_index_rota_link1/visuals', '/World/envs/env_0/Robot/right_hand_index_rota_link1/collisions', '/World/envs/env_0/Robot/right_hand_index_rota_link2/visuals', '/World/envs/env_0/Robot/right_hand_index_rota_link2/collisions', '/World/envs/env_0/Robot/right_hand_index_rota_tip/visuals', '/World/envs/env_0/Robot/right_hand_index_rota_tip/collisions', '/World/envs/env_0/Robot/right_hand_index_rotaback_link2/visuals', '/World/envs/env_0/Robot/right_hand_index_rotaback_link2/collisions', '/World/envs/env_0/Robot/right_hand_index_rotaback_link1/visuals', '/World/envs/env_0/Robot/right_hand_index_rotaback_link1/collisions', '/World/envs/env_0/Robot/right_hand_mid_link1/visuals', '/World/envs/env_0/Robot/right_hand_mid_link1/collisions', '/World/envs/env_0/Robot/right_hand_mid_link2/visuals', '/World/envs/env_0/Robot/right_hand_mid_link2/collisions', '/World/envs/env_0/Robot/right_hand_mid_tip/visuals', '/World/envs/env_0/Robot/right_hand_mid_tip/collisions', '/World/envs/env_0/Robot/right_hand_midback_link2/visuals', '/World/envs/env_0/Robot/right_hand_midback_link2/collisions', '/World/envs/env_0/Robot/right_hand_midback_link1/visuals', '/World/envs/env_0/Robot/right_hand_midback_link1/collisions', '/World/envs/env_0/Robot/right_hand_pinky_link1/visuals', '/World/envs/env_0/Robot/right_hand_pinky_link1/collisions', '/World/envs/env_0/Robot/right_hand_pinky_link2/visuals', '/World/envs/env_0/Robot/right_hand_pinky_link2/collisions', '/World/envs/env_0/Robot/right_hand_pinky_tip/visuals', '/World/envs/env_0/Robot/right_hand_pinky_tip/collisions', '/World/envs/env_0/Robot/right_hand_pinkyback_link2/visuals', '/World/envs/env_0/Robot/right_hand_pinkyback_link2/collisions', '/World/envs/env_0/Robot/right_hand_pinkyback_link1/visuals', '/World/envs/env_0/Robot/right_hand_pinkyback_link1/collisions', '/World/envs/env_0/Robot/right_hand_ring_link1/visuals', '/World/envs/env_0/Robot/right_hand_ring_link1/collisions', '/World/envs/env_0/Robot/right_hand_ring_link2/visuals', '/World/envs/env_0/Robot/right_hand_ring_link2/collisions', '/World/envs/env_0/Robot/right_hand_ring_tip/visuals', '/World/envs/env_0/Robot/right_hand_ring_tip/collisions', '/World/envs/env_0/Robot/right_hand_ringback_link2/visuals', '/World/envs/env_0/Robot/right_hand_ringback_link2/collisions', '/World/envs/env_0/Robot/right_hand_ringback_link1/visuals', '/World/envs/env_0/Robot/right_hand_ringback_link1/collisions', '/World/envs/env_0/Robot/right_hand_thumb_bend_link/visuals', '/World/envs/env_0/Robot/right_hand_thumb_bend_link/collisions', '/World/envs/env_0/Robot/right_hand_thumb_rota_link1/visuals', '/World/envs/env_0/Robot/right_hand_thumb_rota_link1/collisions', '/World/envs/env_0/Robot/right_hand_thumb_rota_link2/visuals', '/World/envs/env_0/Robot/right_hand_thumb_rota_link2/collisions', '/World/envs/env_0/Robot/right_hand_thumb_rota_tip/visuals', '/World/envs/env_0/Robot/right_hand_thumb_rota_tip/collisions', '/World/envs/env_0/Robot/right_hand_thumb_rotaback_link2/visuals', '/World/envs/env_0/Robot/right_hand_thumb_rotaback_link2/collisions', '/World/envs/env_0/Robot/right_hand_thumb_rotaback_link1/visuals', '/World/envs/env_0/Robot/right_hand_thumb_rotaback_link1/collisions'][0m
[33m10:09:34 [interactive_scene.py] WARNING: Collision filtering can only be automatically enabled when replicate_physics=True and using GPU simulation. Please call scene.filter_collisions(global_prim_paths) to filter collisions across environments.[0m
[INFO]: Time taken for scene creation : 13.988748 seconds
[INFO]: Scene manager:  <class InteractiveScene>
	Number of environments: 4096
	Environment spacing   : 0.75
	Source prim name      : /World/envs/env_0
	Global prim paths     : []
	Replicate physics     : False
[INFO]: Starting the simulation. This may take a few seconds. Please wait...
[INFO]: Time taken for simulation start : 18.661770 seconds
[INFO] Event Manager:  <EventManager> contains 1 active terms.
+----------------------------------------+
| Active Event Terms in Mode: 'prestartup' |
+-----------+----------------------------+
|   Index   | Name                       |
+-----------+----------------------------+
|     0     | randomize_scale            |
+-----------+----------------------------+

[INFO]: Completed setting up the environment...
RunningMeanStd:  (132,)
RunningMeanStd:  (1,)
[33m10:09:55 [rigid_object.py] WARNING: The function 'set_external_force_and_torque' will be deprecated in a future release. Please use 'permanent_wrench_composer.set_forces_and_torques' instead.[0m
save current best reward: -1227.13
Agent Steps: 0000M | FPS: 21489.7 | Last FPS: 10744.9 | Collect Time: 0.0 min | Train RL Time: 0.0 min | Mean Rewards: -1227.13 | Current Best: -1227.13
Agent Steps: 0000M | FPS: 20413.5 | Last FPS: 18555.0 | Collect Time: 0.1 min | Train RL Time: 0.0 min | Mean Rewards: -1324.36 | Current Best: -1227.13
[33m10:10:00 [rigid_object.py] WARNING: The function 'set_external_force_and_torque' will be deprecated in a future release. Please use 'permanent_wrench_composer.set_forces_and_torques' instead.[0m
Agent Steps: 0000M | FPS: 19896.9 | Last FPS: 18493.0 | Collect Time: 0.1 min | Train RL Time: 0.0 min | Mean Rewards: -1326.73 | Current Best: -1227.13
Agent Steps: 0000M | FPS: 19652.3 | Last FPS: 18731.1 | Collect Time: 0.1 min | Train RL Time: 0.0 min | Mean Rewards: -1327.08 | Current Best: -1227.13
Agent Steps: 0000M | FPS: 19443.9 | Last FPS: 18464.8 | Collect Time: 0.2 min | Train RL Time: 0.0 min | Mean Rewards: -1271.84 | Current Best: -1227.13
[33m10:10:05 [rigid_object.py] WARNING: The function 'set_external_force_and_torque' will be deprecated in a future release. Please use 'permanent_wrench_composer.set_forces_and_torques' instead.[0m
Agent Steps: 0000M | FPS: 19303.4 | Last FPS: 18501.6 | Collect Time: 0.2 min | Train RL Time: 0.0 min | Mean Rewards: -1266.70 | Current Best: -1227.13
Agent Steps: 0000M | FPS: 19161.6 | Last FPS: 18224.0 | Collect Time: 0.2 min | Train RL Time: 0.0 min | Mean Rewards: -1263.57 | Current Best: -1227.13
Agent Steps: 0000M | FPS: 19048.5 | Last FPS: 18189.6 | Collect Time: 0.3 min | Train RL Time: 0.0 min | Mean Rewards: -1233.45 | Current Best: -1227.13
[33m10:10:10 [rigid_object.py] WARNING: The function 'set_external_force_and_torque' will be deprecated in a future release. Please use 'permanent_wrench_composer.set_forces_and_torques' instead.[0m
Agent Steps: 0000M | FPS: 18995.2 | Last FPS: 18528.8 | Collect Time: 0.3 min | Train RL Time: 0.0 min | Mean Rewards: -1313.01 | Current Best: -1227.13
Agent Steps: 0000M | FPS: 18949.0 | Last FPS: 18498.9 | Collect Time: 0.3 min | Train RL Time: 0.0 min | Mean Rewards: -1280.97 | Current Best: -1227.13
[33m10:10:15 [rigid_object.py] WARNING: The function 'set_external_force_and_torque' will be deprecated in a future release. Please use 'permanent_wrench_composer.set_forces_and_torques' instead.[0m
Agent Steps: 0000M | FPS: 18910.6 | Last FPS: 18498.4 | Collect Time: 0.3 min | Train RL Time: 0.0 min | Mean Rewards: -1241.93 | Current Best: -1227.13
Agent Steps: 0000M | FPS: 18885.0 | Last FPS: 18583.8 | Collect Time: 0.4 min | Train RL Time: 0.0 min | Mean Rewards: -1275.96 | Current Best: -1227.13
Agent Steps: 0000M | FPS: 18877.6 | Last FPS: 18781.0 | Collect Time: 0.4 min | Train RL Time: 0.0 min | Mean Rewards: -1227.92 | Current Best: -1227.13
[33m10:10:20 [rigid_object.py] WARNING: The function 'set_external_force_and_torque' will be deprecated in a future release. Please use 'permanent_wrench_composer.set_forces_and_torques' instead.[0m
Agent Steps: 0000M | FPS: 18846.5 | Last FPS: 18421.7 | Collect Time: 0.4 min | Train RL Time: 0.0 min | Mean Rewards: -1235.24 | Current Best: -1227.13
save current best reward: -1205.82
Agent Steps: 0000M | FPS: 18813.9 | Last FPS: 18338.5 | Collect Time: 0.5 min | Train RL Time: 0.0 min | Mean Rewards: -1205.82 | Current Best: -1205.82
Agent Steps: 0000M | FPS: 18789.2 | Last FPS: 18402.6 | Collect Time: 0.5 min | Train RL Time: 0.0 min | Mean Rewards: -1237.55 | Current Best: -1205.82
[33m10:10:25 [rigid_object.py] WARNING: The function 'set_external_force_and_torque' will be deprecated in a future release. Please use 'permanent_wrench_composer.set_forces_and_torques' instead.[0m
save current best reward: -1177.96
Agent Steps: 0000M | FPS: 18756.7 | Last FPS: 18220.5 | Collect Time: 0.5 min | Train RL Time: 0.0 min | Mean Rewards: -1177.96 | Current Best: -1177.96
Agent Steps: 0000M | FPS: 18717.7 | Last FPS: 18043.2 | Collect Time: 0.5 min | Train RL Time: 0.0 min | Mean Rewards: -1235.52 | Current Best: -1177.96
save current best reward: -1170.51
Agent Steps: 0000M | FPS: 18707.8 | Last FPS: 18521.8 | Collect Time: 0.6 min | Train RL Time: 0.0 min | Mean Rewards: -1170.51 | Current Best: -1170.51
[33m10:10:31 [rigid_object.py] WARNING: The function 'set_external_force_and_torque' will be deprecated in a future release. Please use 'permanent_wrench_composer.set_forces_and_torques' instead.[0m
Agent Steps: 0000M | FPS: 18682.7 | Last FPS: 18193.8 | Collect Time: 0.6 min | Train RL Time: 0.0 min | Mean Rewards: -1196.51 | Current Best: -1170.51
Agent Steps: 0000M | FPS: 18670.2 | Last FPS: 18412.0 | Collect Time: 0.6 min | Train RL Time: 0.0 min | Mean Rewards: -1226.47 | Current Best: -1170.51
Agent Steps: 0000M | FPS: 18655.3 | Last FPS: 18332.9 | Collect Time: 0.7 min | Train RL Time: 0.0 min | Mean Rewards: -1188.88 | Current Best: -1170.51
[33m10:10:36 [rigid_object.py] WARNING: The function 'set_external_force_and_torque' will be deprecated in a future release. Please use 'permanent_wrench_composer.set_forces_and_torques' instead.[0m
Agent Steps: 0000M | FPS: 18632.0 | Last FPS: 18111.5 | Collect Time: 0.7 min | Train RL Time: 0.0 min | Mean Rewards: -1192.14 | Current Best: -1170.51
save current best reward: -1167.78
Agent Steps: 0000M | FPS: 18622.8 | Last FPS: 18406.1 | Collect Time: 0.7 min | Train RL Time: 0.0 min | Mean Rewards: -1167.78 | Current Best: -1167.78
Agent Steps: 0000M | FPS: 18610.9 | Last FPS: 18317.1 | Collect Time: 0.8 min | Train RL Time: 0.0 min | Mean Rewards: -1216.91 | Current Best: -1167.78
[33m10:10:41 [rigid_object.py] WARNING: The function 'set_external_force_and_torque' will be deprecated in a future release. Please use 'permanent_wrench_composer.set_forces_and_torques' instead.[0m
Agent Steps: 0000M | FPS: 18597.4 | Last FPS: 18254.1 | Collect Time: 0.8 min | Train RL Time: 0.0 min | Mean Rewards: -1188.11 | Current Best: -1167.78
save current best reward: -1135.99
Agent Steps: 0000M | FPS: 18563.0 | Last FPS: 17679.8 | Collect Time: 0.8 min | Train RL Time: 0.0 min | Mean Rewards: -1135.99 | Current Best: -1135.99
Agent Steps: 0000M | FPS: 18547.5 | Last FPS: 18123.7 | Collect Time: 0.8 min | Train RL Time: 0.0 min | Mean Rewards: -1156.18 | Current Best: -1135.99
[33m10:10:46 [rigid_object.py] WARNING: The function 'set_external_force_and_torque' will be deprecated in a future release. Please use 'permanent_wrench_composer.set_forces_and_torques' instead.[0m
Agent Steps: 0000M | FPS: 18526.0 | Last FPS: 17923.9 | Collect Time: 0.9 min | Train RL Time: 0.0 min | Mean Rewards: -1149.16 | Current Best: -1135.99
save current best reward: -1121.21
Agent Steps: 0001M | FPS: 18490.3 | Last FPS: 17479.2 | Collect Time: 0.9 min | Train RL Time: 0.0 min | Mean Rewards: -1121.21 | Current Best: -1121.21
[33m10:10:51 [rigid_object.py] WARNING: The function 'set_external_force_and_torque' will be deprecated in a future release. Please use 'permanent_wrench_composer.set_forces_and_torques' instead.[0m
save current best reward: -1108.83
Agent Steps: 0001M | FPS: 18481.3 | Last FPS: 18204.9 | Collect Time: 0.9 min | Train RL Time: 0.0 min | Mean Rewards: -1108.83 | Current Best: -1108.83
Agent Steps: 0001M | FPS: 18467.5 | Last FPS: 18038.3 | Collect Time: 1.0 min | Train RL Time: 0.0 min | Mean Rewards: -1147.47 | Current Best: -1108.83
save current best reward: -1075.40
Agent Steps: 0001M | FPS: 18464.4 | Last FPS: 18360.8 | Collect Time: 1.0 min | Train RL Time: 0.0 min | Mean Rewards: -1075.40 | Current Best: -1075.40
[33m10:10:56 [rigid_object.py] WARNING: The function 'set_external_force_and_torque' will be deprecated in a future release. Please use 'permanent_wrench_composer.set_forces_and_torques' instead.[0m
Agent Steps: 0001M | FPS: 18454.3 | Last FPS: 18120.5 | Collect Time: 1.0 min | Train RL Time: 0.0 min | Mean Rewards: -1095.45 | Current Best: -1075.40
Agent Steps: 0001M | FPS: 18440.2 | Last FPS: 17959.3 | Collect Time: 1.1 min | Train RL Time: 0.0 min | Mean Rewards: -1101.42 | Current Best: -1075.40
Agent Steps: 0001M | FPS: 18436.8 | Last FPS: 18315.4 | Collect Time: 1.1 min | Train RL Time: 0.0 min | Mean Rewards: -1163.57 | Current Best: -1075.40
[33m10:11:01 [rigid_object.py] WARNING: The function 'set_external_force_and_torque' will be deprecated in a future release. Please use 'permanent_wrench_composer.set_forces_and_torques' instead.[0m
Agent Steps: 0001M | FPS: 18433.9 | Last FPS: 18327.6 | Collect Time: 1.1 min | Train RL Time: 0.0 min | Mean Rewards: -1127.08 | Current Best: -1075.40
Agent Steps: 0001M | FPS: 18429.2 | Last FPS: 18249.4 | Collect Time: 1.1 min | Train RL Time: 0.0 min | Mean Rewards: -1109.83 | Current Best: -1075.40
Agent Steps: 0001M | FPS: 18411.4 | Last FPS: 17743.4 | Collect Time: 1.2 min | Train RL Time: 0.0 min | Mean Rewards: -1079.64 | Current Best: -1075.40
[33m10:11:07 [rigid_object.py] WARNING: The function 'set_external_force_and_torque' will be deprecated in a future release. Please use 'permanent_wrench_composer.set_forces_and_torques' instead.[0m
save current best reward: -1065.24
Agent Steps: 0001M | FPS: 18399.9 | Last FPS: 17954.2 | Collect Time: 1.2 min | Train RL Time: 0.0 min | Mean Rewards: -1065.24 | Current Best: -1065.24
Agent Steps: 0001M | FPS: 18378.7 | Last FPS: 17546.5 | Collect Time: 1.2 min | Train RL Time: 0.0 min | Mean Rewards: -1099.87 | Current Best: -1065.24
Agent Steps: 0001M | FPS: 18366.2 | Last FPS: 17855.7 | Collect Time: 1.3 min | Train RL Time: 0.0 min | Mean Rewards: -1141.49 | Current Best: -1065.24
[33m10:11:12 [rigid_object.py] WARNING: The function 'set_external_force_and_torque' will be deprecated in a future release. Please use 'permanent_wrench_composer.set_forces_and_torques' instead.[0m
Agent Steps: 0001M | FPS: 18362.6 | Last FPS: 18211.4 | Collect Time: 1.3 min | Train RL Time: 0.0 min | Mean Rewards: -1110.91 | Current Best: -1065.24
Agent Steps: 0001M | FPS: 18354.5 | Last FPS: 18006.5 | Collect Time: 1.3 min | Train RL Time: 0.0 min | Mean Rewards: -1122.78 | Current Best: -1065.24
Agent Steps: 0001M | FPS: 18347.2 | Last FPS: 18022.2 | Collect Time: 1.4 min | Train RL Time: 0.0 min | Mean Rewards: -1140.99 | Current Best: -1065.24
[33m10:11:17 [rigid_object.py] WARNING: The function 'set_external_force_and_torque' will be deprecated in a future release. Please use 'permanent_wrench_composer.set_forces_and_torques' instead.[0m
Agent Steps: 0001M | FPS: 18343.6 | Last FPS: 18182.4 | Collect Time: 1.4 min | Train RL Time: 0.0 min | Mean Rewards: -1192.89 | Current Best: -1065.24
Agent Steps: 0001M | FPS: 18339.6 | Last FPS: 18149.7 | Collect Time: 1.4 min | Train RL Time: 0.0 min | Mean Rewards: -1141.26 | Current Best: -1065.24
[33m10:11:22 [rigid_object.py] WARNING: The function 'set_external_force_and_torque' will be deprecated in a future release. Please use 'permanent_wrench_composer.set_forces_and_torques' instead.[0m
Agent Steps: 0001M | FPS: 18332.3 | Last FPS: 17991.6 | Collect Time: 1.4 min | Train RL Time: 0.0 min | Mean Rewards: -1163.63 | Current Best: -1065.24
Agent Steps: 0001M | FPS: 18324.6 | Last FPS: 17953.4 | Collect Time: 1.5 min | Train RL Time: 0.0 min | Mean Rewards: -1140.71 | Current Best: -1065.24
Agent Steps: 0001M | FPS: 18318.3 | Last FPS: 18008.2 | Collect Time: 1.5 min | Train RL Time: 0.0 min | Mean Rewards: -1166.27 | Current Best: -1065.24
[33m10:11:27 [rigid_object.py] WARNING: The function 'set_external_force_and_torque' will be deprecated in a future release. Please use 'permanent_wrench_composer.set_forces_and_torques' instead.[0m
Agent Steps: 0001M | FPS: 18316.7 | Last FPS: 18234.5 | Collect Time: 1.5 min | Train RL Time: 0.0 min | Mean Rewards: -1152.45 | Current Best: -1065.24
Agent Steps: 0001M | FPS: 18302.6 | Last FPS: 17600.0 | Collect Time: 1.6 min | Train RL Time: 0.0 min | Mean Rewards: -1172.09 | Current Best: -1065.24
Agent Steps: 0001M | FPS: 18296.4 | Last FPS: 17972.1 | Collect Time: 1.6 min | Train RL Time: 0.0 min | Mean Rewards: -1156.64 | Current Best: -1065.24
[33m10:11:32 [rigid_object.py] WARNING: The function 'set_external_force_and_torque' will be deprecated in a future release. Please use 'permanent_wrench_composer.set_forces_and_torques' instead.[0m
Agent Steps: 0001M | FPS: 18290.6 | Last FPS: 17982.0 | Collect Time: 1.6 min | Train RL Time: 0.0 min | Mean Rewards: -1123.74 | Current Best: -1065.24
Agent Steps: 0001M | FPS: 18274.1 | Last FPS: 17410.2 | Collect Time: 1.7 min | Train RL Time: 0.0 min | Mean Rewards: -1117.49 | Current Best: -1065.24
Agent Steps: 0001M | FPS: 18259.5 | Last FPS: 17482.2 | Collect Time: 1.7 min | Train RL Time: 0.0 min | Mean Rewards: -1148.22 | Current Best: -1065.24
[33m10:11:37 [rigid_object.py] WARNING: The function 'set_external_force_and_torque' will be deprecated in a future release. Please use 'permanent_wrench_composer.set_forces_and_torques' instead.[0m
Agent Steps: 0001M | FPS: 18253.6 | Last FPS: 17918.7 | Collect Time: 1.7 min | Train RL Time: 0.0 min | Mean Rewards: -1119.16 | Current Best: -1065.24
save current best reward: -1061.56
Agent Steps: 0001M | FPS: 18249.0 | Last FPS: 17990.8 | Collect Time: 1.7 min | Train RL Time: 0.0 min | Mean Rewards: -1061.56 | Current Best: -1061.56
Agent Steps: 0001M | FPS: 18234.2 | Last FPS: 17400.8 | Collect Time: 1.8 min | Train RL Time: 0.0 min | Mean Rewards: -1100.81 | Current Best: -1061.56
[33m10:11:43 [rigid_object.py] WARNING: The function 'set_external_force_and_torque' will be deprecated in a future release. Please use 'permanent_wrench_composer.set_forces_and_torques' instead.[0m
Agent Steps: 0001M | FPS: 18233.6 | Last FPS: 18197.2 | Collect Time: 1.8 min | Train RL Time: 0.0 min | Mean Rewards: -1120.21 | Current Best: -1061.56
Agent Steps: 0002M | FPS: 18231.0 | Last FPS: 18072.6 | Collect Time: 1.8 min | Train RL Time: 0.0 min | Mean Rewards: -1137.00 | Current Best: -1061.56
[33m10:11:48 [rigid_object.py] WARNING: The function 'set_external_force_and_torque' will be deprecated in a future release. Please use 'permanent_wrench_composer.set_forces_and_torques' instead.[0m
Agent Steps: 0002M | FPS: 18225.5 | Last FPS: 17888.0 | Collect Time: 1.9 min | Train RL Time: 0.0 min | Mean Rewards: -1106.13 | Current Best: -1061.56
Agent Steps: 0002M | FPS: 18220.4 | Last FPS: 17909.3 | Collect Time: 1.9 min | Train RL Time: 0.0 min | Mean Rewards: -1119.24 | Current Best: -1061.56
Agent Steps: 0002M | FPS: 18216.5 | Last FPS: 17968.8 | Collect Time: 1.9 min | Train RL Time: 0.0 min | Mean Rewards: -1087.90 | Current Best: -1061.56
[33m10:11:53 [rigid_object.py] WARNING: The function 'set_external_force_and_torque' will be deprecated in a future release. Please use 'permanent_wrench_composer.set_forces_and_torques' instead.[0m
Agent Steps: 0002M | FPS: 18214.2 | Last FPS: 18062.4 | Collect Time: 2.0 min | Train RL Time: 0.0 min | Mean Rewards: -1115.71 | Current Best: -1061.56
Agent Steps: 0002M | FPS: 18208.1 | Last FPS: 17814.3 | Collect Time: 2.0 min | Train RL Time: 0.0 min | Mean Rewards: -1080.98 | Current Best: -1061.56
Agent Steps: 0002M | FPS: 18201.5 | Last FPS: 17772.7 | Collect Time: 2.0 min | Train RL Time: 0.0 min | Mean Rewards: -1086.97 | Current Best: -1061.56
[33m10:11:58 [rigid_object.py] WARNING: The function 'set_external_force_and_torque' will be deprecated in a future release. Please use 'permanent_wrench_composer.set_forces_and_torques' instead.[0m
Agent Steps: 0002M | FPS: 18197.7 | Last FPS: 17940.3 | Collect Time: 2.0 min | Train RL Time: 0.0 min | Mean Rewards: -1078.70 | Current Best: -1061.56
Agent Steps: 0002M | FPS: 18196.9 | Last FPS: 18143.5 | Collect Time: 2.1 min | Train RL Time: 0.0 min | Mean Rewards: -1069.31 | Current Best: -1061.56
Agent Steps: 0002M | FPS: 18193.5 | Last FPS: 17958.7 | Collect Time: 2.1 min | Train RL Time: 0.0 min | Mean Rewards: -1145.23 | Current Best: -1061.56
[33m10:12:03 [rigid_object.py] WARNING: The function 'set_external_force_and_torque' will be deprecated in a future release. Please use 'permanent_wrench_composer.set_forces_and_torques' instead.[0m
Agent Steps: 0002M | FPS: 18189.6 | Last FPS: 17916.5 | Collect Time: 2.1 min | Train RL Time: 0.0 min | Mean Rewards: -1095.77 | Current Best: -1061.56
Agent Steps: 0002M | FPS: 18183.1 | Last FPS: 17729.7 | Collect Time: 2.2 min | Train RL Time: 0.0 min | Mean Rewards: -1083.59 | Current Best: -1061.56
[33m10:12:08 [rigid_object.py] WARNING: The function 'set_external_force_and_torque' will be deprecated in a future release. Please use 'permanent_wrench_composer.set_forces_and_torques' instead.[0m
Agent Steps: 0002M | FPS: 18181.0 | Last FPS: 18027.0 | Collect Time: 2.2 min | Train RL Time: 0.0 min | Mean Rewards: -1072.33 | Current Best: -1061.56
Agent Steps: 0002M | FPS: 18177.6 | Last FPS: 17927.2 | Collect Time: 2.2 min | Train RL Time: 0.0 min | Mean Rewards: -1099.12 | Current Best: -1061.56
Agent Steps: 0002M | FPS: 18176.7 | Last FPS: 18112.6 | Collect Time: 2.3 min | Train RL Time: 0.0 min | Mean Rewards: -1108.23 | Current Best: -1061.56
[33m10:12:13 [rigid_object.py] WARNING: The function 'set_external_force_and_torque' will be deprecated in a future release. Please use 'permanent_wrench_composer.set_forces_and_torques' instead.[0m
Agent Steps: 0002M | FPS: 18168.9 | Last FPS: 17597.6 | Collect Time: 2.3 min | Train RL Time: 0.0 min | Mean Rewards: -1062.28 | Current Best: -1061.56
Agent Steps: 0002M | FPS: 18160.5 | Last FPS: 17534.6 | Collect Time: 2.3 min | Train RL Time: 0.0 min | Mean Rewards: -1094.72 | Current Best: -1061.56
Agent Steps: 0002M | FPS: 18158.6 | Last FPS: 18010.1 | Collect Time: 2.4 min | Train RL Time: 0.0 min | Mean Rewards: -1131.59 | Current Best: -1061.56
[33m10:12:18 [rigid_object.py] WARNING: The function 'set_external_force_and_torque' will be deprecated in a future release. Please use 'permanent_wrench_composer.set_forces_and_torques' instead.[0m
Agent Steps: 0002M | FPS: 18153.9 | Last FPS: 17788.6 | Collect Time: 2.4 min | Train RL Time: 0.0 min | Mean Rewards: -1081.19 | Current Best: -1061.56
Agent Steps: 0002M | FPS: 18152.4 | Last FPS: 18032.2 | Collect Time: 2.4 min | Train RL Time: 0.0 min | Mean Rewards: -1107.99 | Current Best: -1061.56
Agent Steps: 0002M | FPS: 18149.3 | Last FPS: 17906.5 | Collect Time: 2.4 min | Train RL Time: 0.0 min | Mean Rewards: -1081.75 | Current Best: -1061.56
[33m10:12:23 [rigid_object.py] WARNING: The function 'set_external_force_and_torque' will be deprecated in a future release. Please use 'permanent_wrench_composer.set_forces_and_torques' instead.[0m
save current best reward: -1049.68
Agent Steps: 0002M | FPS: 18142.4 | Last FPS: 17591.2 | Collect Time: 2.5 min | Train RL Time: 0.0 min | Mean Rewards: -1049.68 | Current Best: -1049.68
Agent Steps: 0002M | FPS: 18136.1 | Last FPS: 17630.7 | Collect Time: 2.5 min | Train RL Time: 0.0 min | Mean Rewards: -1051.58 | Current Best: -1049.68
[33m10:12:28 [rigid_object.py] WARNING: The function 'set_external_force_and_torque' will be deprecated in a future release. Please use 'permanent_wrench_composer.set_forces_and_torques' instead.[0m
Agent Steps: 0002M | FPS: 18131.3 | Last FPS: 17735.2 | Collect Time: 2.5 min | Train RL Time: 0.0 min | Mean Rewards: -1077.04 | Current Best: -1049.68
Agent Steps: 0002M | FPS: 18128.9 | Last FPS: 17929.5 | Collect Time: 2.6 min | Train RL Time: 0.0 min | Mean Rewards: -1086.58 | Current Best: -1049.68
Agent Steps: 0002M | FPS: 18127.9 | Last FPS: 18038.3 | Collect Time: 2.6 min | Train RL Time: 0.0 min | Mean Rewards: -1092.53 | Current Best: -1049.68
[33m10:12:33 [rigid_object.py] WARNING: The function 'set_external_force_and_torque' will be deprecated in a future release. Please use 'permanent_wrench_composer.set_forces_and_torques' instead.[0m
Agent Steps: 0002M | FPS: 18125.7 | Last FPS: 17937.6 | Collect Time: 2.6 min | Train RL Time: 0.0 min | Mean Rewards: -1087.26 | Current Best: -1049.68
Agent Steps: 0002M | FPS: 18119.5 | Last FPS: 17588.7 | Collect Time: 2.7 min | Train RL Time: 0.0 min | Mean Rewards: -1108.40 | Current Best: -1049.68
Agent Steps: 0002M | FPS: 18116.7 | Last FPS: 17870.2 | Collect Time: 2.7 min | Train RL Time: 0.0 min | Mean Rewards: -1085.95 | Current Best: -1049.68
[33m10:12:38 [rigid_object.py] WARNING: The function 'set_external_force_and_torque' will be deprecated in a future release. Please use 'permanent_wrench_composer.set_forces_and_torques' instead.[0m
