[INFO][AppLauncher]: Using device: cuda:0
[INFO][AppLauncher]: Loading experience file: /home/lingfeng/playground/sharpa-rl-lab/.pixi/envs/default/lib/python3.11/site-packages/isaaclab/apps/isaaclab.python.headless.kit
[INFO]: Parsing configuration from: rl_isaaclab.tasks.inhand_rotate.xhand_env_cfg:XhandEnvCfg
[INFO]: Parsing configuration from: /home/lingfeng/playground/sharpa-rl-lab/rl_isaaclab/tasks/inhand_rotate/agents/ppo_cfg.yaml
[INFO] Logging experiment in directory: /home/lingfeng/playground/sharpa-rl-lab/logs/debug
Exact experiment name requested from command line: /home/lingfeng/playground/sharpa-rl-lab/logs/debug/2026-04-14_12-27-28

[36m======================================================================================[0m
[36m[1m[INFO][IsaacLab]: Logging to file: /tmp/isaaclab/logs/isaaclab_2026-04-14_12-27-28.log[0m
[36m======================================================================================[0m

[33m12:27:28 [simulation_context.py] WARNING: The `enable_external_forces_every_iteration` parameter in the PhysxCfg is set to False. If you are experiencing noisy velocities, consider enabling this flag. You may need to slightly increase the number of velocity iterations (setting it to 1 or 2 rather than 0), together with this flag, to improve the accuracy of velocity updates.[0m
[INFO]: Base environment:
	Environment device    : cuda:0
	Environment seed      : 42
	Physics step-size     : 0.004166666666666667
	Rendering step-size   : 0.008333333333333333
	Environment step-size : 0.05
[33m12:27:28 [direct_rl_env.py] WARNING: The render interval (2) is smaller than the decimation (12). Multiple render calls will happen for each environment step.If this is not intended, set the render interval to be equal to the decimation.[0m
[33m12:27:28 [prims.py] WARNING: Could not perform 'modify_collision_properties' on any prims under: '/World/envs/env_0/Robot'. This might be because of the following reasons:
	(1) The desired attribute does not exist on any of the prims.
	(2) The desired attribute exists on an instanced prim.
		Discovered list of instanced prim paths: ['/World/envs/env_0/Robot/right_hand_link/visuals', '/World/envs/env_0/Robot/right_hand_link/collisions', '/World/envs/env_0/Robot/right_hand_back_link/visuals', '/World/envs/env_0/Robot/right_hand_back_link/collisions', '/World/envs/env_0/Robot/right_hand_ee_link/visuals', '/World/envs/env_0/Robot/right_hand_ee_link/collisions', '/World/envs/env_0/Robot/right_hand_index_bend_link/visuals', '/World/envs/env_0/Robot/right_hand_index_bend_link/collisions', '/World/envs/env_0/Robot/right_hand_index_rota_link1/visuals', '/World/envs/env_0/Robot/right_hand_index_rota_link1/collisions', '/World/envs/env_0/Robot/right_hand_index_rota_link2/visuals', '/World/envs/env_0/Robot/right_hand_index_rota_link2/collisions', '/World/envs/env_0/Robot/right_hand_index_rota_tip/visuals', '/World/envs/env_0/Robot/right_hand_index_rota_tip/collisions', '/World/envs/env_0/Robot/right_hand_index_rotaback_link2/visuals', '/World/envs/env_0/Robot/right_hand_index_rotaback_link2/collisions', '/World/envs/env_0/Robot/right_hand_index_rotaback_link1/visuals', '/World/envs/env_0/Robot/right_hand_index_rotaback_link1/collisions', '/World/envs/env_0/Robot/right_hand_mid_link1/visuals', '/World/envs/env_0/Robot/right_hand_mid_link1/collisions', '/World/envs/env_0/Robot/right_hand_mid_link2/visuals', '/World/envs/env_0/Robot/right_hand_mid_link2/collisions', '/World/envs/env_0/Robot/right_hand_mid_tip/visuals', '/World/envs/env_0/Robot/right_hand_mid_tip/collisions', '/World/envs/env_0/Robot/right_hand_midback_link2/visuals', '/World/envs/env_0/Robot/right_hand_midback_link2/collisions', '/World/envs/env_0/Robot/right_hand_midback_link1/visuals', '/World/envs/env_0/Robot/right_hand_midback_link1/collisions', '/World/envs/env_0/Robot/right_hand_pinky_link1/visuals', '/World/envs/env_0/Robot/right_hand_pinky_link1/collisions', '/World/envs/env_0/Robot/right_hand_pinky_link2/visuals', '/World/envs/env_0/Robot/right_hand_pinky_link2/collisions', '/World/envs/env_0/Robot/right_hand_pinky_tip/visuals', '/World/envs/env_0/Robot/right_hand_pinky_tip/collisions', '/World/envs/env_0/Robot/right_hand_pinkyback_link2/visuals', '/World/envs/env_0/Robot/right_hand_pinkyback_link2/collisions', '/World/envs/env_0/Robot/right_hand_pinkyback_link1/visuals', '/World/envs/env_0/Robot/right_hand_pinkyback_link1/collisions', '/World/envs/env_0/Robot/right_hand_ring_link1/visuals', '/World/envs/env_0/Robot/right_hand_ring_link1/collisions', '/World/envs/env_0/Robot/right_hand_ring_link2/visuals', '/World/envs/env_0/Robot/right_hand_ring_link2/collisions', '/World/envs/env_0/Robot/right_hand_ring_tip/visuals', '/World/envs/env_0/Robot/right_hand_ring_tip/collisions', '/World/envs/env_0/Robot/right_hand_ringback_link2/visuals', '/World/envs/env_0/Robot/right_hand_ringback_link2/collisions', '/World/envs/env_0/Robot/right_hand_ringback_link1/visuals', '/World/envs/env_0/Robot/right_hand_ringback_link1/collisions', '/World/envs/env_0/Robot/right_hand_thumb_bend_link/visuals', '/World/envs/env_0/Robot/right_hand_thumb_bend_link/collisions', '/World/envs/env_0/Robot/right_hand_thumb_rota_link1/visuals', '/World/envs/env_0/Robot/right_hand_thumb_rota_link1/collisions', '/World/envs/env_0/Robot/right_hand_thumb_rota_link2/visuals', '/World/envs/env_0/Robot/right_hand_thumb_rota_link2/collisions', '/World/envs/env_0/Robot/right_hand_thumb_rota_tip/visuals', '/World/envs/env_0/Robot/right_hand_thumb_rota_tip/collisions', '/World/envs/env_0/Robot/right_hand_thumb_rotaback_link2/visuals', '/World/envs/env_0/Robot/right_hand_thumb_rotaback_link2/collisions', '/World/envs/env_0/Robot/right_hand_thumb_rotaback_link1/visuals', '/World/envs/env_0/Robot/right_hand_thumb_rotaback_link1/collisions'][0m
[33m12:27:42 [interactive_scene.py] WARNING: Collision filtering can only be automatically enabled when replicate_physics=True and using GPU simulation. Please call scene.filter_collisions(global_prim_paths) to filter collisions across environments.[0m
[INFO]: Time taken for scene creation : 13.835743 seconds
[INFO]: Scene manager:  <class InteractiveScene>
	Number of environments: 4096
	Environment spacing   : 0.75
	Source prim name      : /World/envs/env_0
	Global prim paths     : []
	Replicate physics     : False
[INFO]: Starting the simulation. This may take a few seconds. Please wait...
[INFO]: Time taken for simulation start : 18.867141 seconds
[INFO] Event Manager:  <EventManager> contains 1 active terms.
+----------------------------------------+
| Active Event Terms in Mode: 'prestartup' |
+-----------+----------------------------+
|   Index   | Name                       |
+-----------+----------------------------+
|     0     | randomize_scale            |
+-----------+----------------------------+

[INFO]: Completed setting up the environment...
[env init] sim gravity cfg: (0.0, 0.0, -0.05)
[env init] gravity_curriculum: False
[env init] gravity_schedule: [[0, 0.0], [3000, 0.0], [50000, -9.81]]
[env init] reward weights: rot=1.0 linvel=-0.02 pos_diff=-0.02 torque=-0.005 work=-0.02 obj_pos=0.1
RunningMeanStd:  (132,)
RunningMeanStd:  (1,)
[33m12:28:02 [rigid_object.py] WARNING: The function 'set_external_force_and_torque' will be deprecated in a future release. Please use 'permanent_wrench_composer.set_forces_and_torques' instead.[0m
save current best reward: -969.32
Agent Steps: 0000M | FPS: 26202.9 | Last FPS: 13101.4 | Collect Time: 0.0 min | Train RL Time: 0.0 min | Mean Rewards: -969.32 | Current Best: -969.32
Agent Steps: 0000M | FPS: 27773.0 | Last FPS: 31554.7 | Collect Time: 0.1 min | Train RL Time: 0.0 min | Mean Rewards: -1855.57 | Current Best: -969.32
Agent Steps: 0000M | FPS: 28649.2 | Last FPS: 31643.9 | Collect Time: 0.1 min | Train RL Time: 0.0 min | Mean Rewards: -2174.51 | Current Best: -969.32
[33m12:28:07 [rigid_object.py] WARNING: The function 'set_external_force_and_torque' will be deprecated in a future release. Please use 'permanent_wrench_composer.set_forces_and_torques' instead.[0m
Agent Steps: 0000M | FPS: 29207.6 | Last FPS: 31677.2 | Collect Time: 0.1 min | Train RL Time: 0.0 min | Mean Rewards: -2244.65 | Current Best: -969.32
Agent Steps: 0000M | FPS: 29579.7 | Last FPS: 31591.9 | Collect Time: 0.1 min | Train RL Time: 0.0 min | Mean Rewards: -2406.63 | Current Best: -969.32
Agent Steps: 0000M | FPS: 29891.5 | Last FPS: 31910.0 | Collect Time: 0.1 min | Train RL Time: 0.0 min | Mean Rewards: -2556.33 | Current Best: -969.32
Agent Steps: 0000M | FPS: 30126.1 | Last FPS: 31877.5 | Collect Time: 0.1 min | Train RL Time: 0.0 min | Mean Rewards: -2403.89 | Current Best: -969.32
Agent Steps: 0000M | FPS: 30307.4 | Last FPS: 31839.9 | Collect Time: 0.2 min | Train RL Time: 0.0 min | Mean Rewards: -2384.29 | Current Best: -969.32
[33m12:28:12 [rigid_object.py] WARNING: The function 'set_external_force_and_torque' will be deprecated in a future release. Please use 'permanent_wrench_composer.set_forces_and_torques' instead.[0m
Agent Steps: 0000M | FPS: 30449.6 | Last FPS: 31792.8 | Collect Time: 0.2 min | Train RL Time: 0.0 min | Mean Rewards: -2635.23 | Current Best: -969.32
Agent Steps: 0000M | FPS: 30579.0 | Last FPS: 31936.3 | Collect Time: 0.2 min | Train RL Time: 0.0 min | Mean Rewards: -2432.41 | Current Best: -969.32
Agent Steps: 0000M | FPS: 30660.6 | Last FPS: 31587.6 | Collect Time: 0.2 min | Train RL Time: 0.0 min | Mean Rewards: -2496.89 | Current Best: -969.32
Agent Steps: 0000M | FPS: 30763.9 | Last FPS: 32059.3 | Collect Time: 0.2 min | Train RL Time: 0.0 min | Mean Rewards: -2557.14 | Current Best: -969.32
Agent Steps: 0000M | FPS: 30802.2 | Last FPS: 31308.9 | Collect Time: 0.2 min | Train RL Time: 0.0 min | Mean Rewards: -2554.98 | Current Best: -969.32
[33m12:28:17 [rigid_object.py] WARNING: The function 'set_external_force_and_torque' will be deprecated in a future release. Please use 'permanent_wrench_composer.set_forces_and_torques' instead.[0m
Agent Steps: 0000M | FPS: 30864.5 | Last FPS: 31765.0 | Collect Time: 0.3 min | Train RL Time: 0.0 min | Mean Rewards: -2404.79 | Current Best: -969.32
Agent Steps: 0000M | FPS: 30926.6 | Last FPS: 31888.9 | Collect Time: 0.3 min | Train RL Time: 0.0 min | Mean Rewards: -2471.69 | Current Best: -969.32
Agent Steps: 0000M | FPS: 30964.2 | Last FPS: 31578.8 | Collect Time: 0.3 min | Train RL Time: 0.0 min | Mean Rewards: -2373.45 | Current Best: -969.32
Agent Steps: 0000M | FPS: 30996.6 | Last FPS: 31556.5 | Collect Time: 0.3 min | Train RL Time: 0.0 min | Mean Rewards: -2526.57 | Current Best: -969.32
Agent Steps: 0000M | FPS: 31023.9 | Last FPS: 31525.2 | Collect Time: 0.3 min | Train RL Time: 0.0 min | Mean Rewards: -2551.41 | Current Best: -969.32
[33m12:28:22 [rigid_object.py] WARNING: The function 'set_external_force_and_torque' will be deprecated in a future release. Please use 'permanent_wrench_composer.set_forces_and_torques' instead.[0m
Agent Steps: 0000M | FPS: 31055.1 | Last FPS: 31659.2 | Collect Time: 0.3 min | Train RL Time: 0.0 min | Mean Rewards: -2328.38 | Current Best: -969.32
Agent Steps: 0000M | FPS: 31101.7 | Last FPS: 32064.6 | Collect Time: 0.4 min | Train RL Time: 0.0 min | Mean Rewards: -2346.16 | Current Best: -969.32
Agent Steps: 0000M | FPS: 31140.7 | Last FPS: 31982.1 | Collect Time: 0.4 min | Train RL Time: 0.0 min | Mean Rewards: -2331.20 | Current Best: -969.32
Agent Steps: 0000M | FPS: 31157.8 | Last FPS: 31538.1 | Collect Time: 0.4 min | Train RL Time: 0.0 min | Mean Rewards: -2423.86 | Current Best: -969.32
Agent Steps: 0000M | FPS: 31189.2 | Last FPS: 31930.6 | Collect Time: 0.4 min | Train RL Time: 0.0 min | Mean Rewards: -2263.22 | Current Best: -969.32
[33m12:28:27 [rigid_object.py] WARNING: The function 'set_external_force_and_torque' will be deprecated in a future release. Please use 'permanent_wrench_composer.set_forces_and_torques' instead.[0m
Agent Steps: 0000M | FPS: 31225.2 | Last FPS: 32114.3 | Collect Time: 0.4 min | Train RL Time: 0.0 min | Mean Rewards: -2358.79 | Current Best: -969.32
[gravity schedule] step=200 target_z=0.0000 actual_z=0.0000
[reward step=200] total=-120.063 rot=0.207 linvel_pen=-0.023 pos_diff_pen=-0.013 torque_pen=-0.041 work_pen=-125.518 obj_pos_rew=0.779 contact_rew=0.006 n_touch=0.003 alive_rew=4.541 alive_frac=0.908 obj_z=0.680 ep_len=14.927
Agent Steps: 0000M | FPS: 31250.2 | Last FPS: 31889.4 | Collect Time: 0.4 min | Train RL Time: 0.0 min | Mean Rewards: -2528.83 | Current Best: -969.32
Agent Steps: 0000M | FPS: 31269.6 | Last FPS: 31782.2 | Collect Time: 0.5 min | Train RL Time: 0.0 min | Mean Rewards: -2361.68 | Current Best: -969.32
Agent Steps: 0000M | FPS: 31290.7 | Last FPS: 31872.2 | Collect Time: 0.5 min | Train RL Time: 0.0 min | Mean Rewards: -2574.48 | Current Best: -969.32
Agent Steps: 0000M | FPS: 31306.4 | Last FPS: 31752.2 | Collect Time: 0.5 min | Train RL Time: 0.0 min | Mean Rewards: -2409.04 | Current Best: -969.32
[33m12:28:32 [rigid_object.py] WARNING: The function 'set_external_force_and_torque' will be deprecated in a future release. Please use 'permanent_wrench_composer.set_forces_and_torques' instead.[0m
Agent Steps: 0000M | FPS: 31315.2 | Last FPS: 31570.8 | Collect Time: 0.5 min | Train RL Time: 0.0 min | Mean Rewards: -2486.98 | Current Best: -969.32
Agent Steps: 0001M | FPS: 31336.7 | Last FPS: 31995.7 | Collect Time: 0.5 min | Train RL Time: 0.0 min | Mean Rewards: -2343.92 | Current Best: -969.32
Agent Steps: 0001M | FPS: 31362.5 | Last FPS: 32185.2 | Collect Time: 0.5 min | Train RL Time: 0.0 min | Mean Rewards: -2488.16 | Current Best: -969.32
Agent Steps: 0001M | FPS: 31383.3 | Last FPS: 32063.0 | Collect Time: 0.6 min | Train RL Time: 0.0 min | Mean Rewards: -2477.10 | Current Best: -969.32
Agent Steps: 0001M | FPS: 31394.6 | Last FPS: 31771.5 | Collect Time: 0.6 min | Train RL Time: 0.0 min | Mean Rewards: -2578.25 | Current Best: -969.32
[33m12:28:38 [rigid_object.py] WARNING: The function 'set_external_force_and_torque' will be deprecated in a future release. Please use 'permanent_wrench_composer.set_forces_and_torques' instead.[0m
Agent Steps: 0001M | FPS: 31407.5 | Last FPS: 31852.2 | Collect Time: 0.6 min | Train RL Time: 0.0 min | Mean Rewards: -2425.57 | Current Best: -969.32
Agent Steps: 0001M | FPS: 31413.8 | Last FPS: 31639.0 | Collect Time: 0.6 min | Train RL Time: 0.0 min | Mean Rewards: -2427.60 | Current Best: -969.32
Agent Steps: 0001M | FPS: 31435.5 | Last FPS: 32235.3 | Collect Time: 0.6 min | Train RL Time: 0.0 min | Mean Rewards: -2335.10 | Current Best: -969.32
Agent Steps: 0001M | FPS: 31449.1 | Last FPS: 31961.7 | Collect Time: 0.6 min | Train RL Time: 0.0 min | Mean Rewards: -2258.35 | Current Best: -969.32
Agent Steps: 0001M | FPS: 31461.6 | Last FPS: 31941.9 | Collect Time: 0.7 min | Train RL Time: 0.0 min | Mean Rewards: -2260.12 | Current Best: -969.32
[33m12:28:43 [rigid_object.py] WARNING: The function 'set_external_force_and_torque' will be deprecated in a future release. Please use 'permanent_wrench_composer.set_forces_and_torques' instead.[0m
Agent Steps: 0001M | FPS: 31460.6 | Last FPS: 31424.7 | Collect Time: 0.7 min | Train RL Time: 0.0 min | Mean Rewards: -2229.59 | Current Best: -969.32
Agent Steps: 0001M | FPS: 31460.6 | Last FPS: 31460.8 | Collect Time: 0.7 min | Train RL Time: 0.0 min | Mean Rewards: -2113.10 | Current Best: -969.32
Agent Steps: 0001M | FPS: 31477.8 | Last FPS: 32198.2 | Collect Time: 0.7 min | Train RL Time: 0.0 min | Mean Rewards: -2292.31 | Current Best: -969.32
Agent Steps: 0001M | FPS: 31482.7 | Last FPS: 31691.0 | Collect Time: 0.7 min | Train RL Time: 0.0 min | Mean Rewards: -2277.69 | Current Best: -969.32
[33m12:28:48 [rigid_object.py] WARNING: The function 'set_external_force_and_torque' will be deprecated in a future release. Please use 'permanent_wrench_composer.set_forces_and_torques' instead.[0m
Agent Steps: 0001M | FPS: 31488.8 | Last FPS: 31750.1 | Collect Time: 0.7 min | Train RL Time: 0.0 min | Mean Rewards: -2205.53 | Current Best: -969.32
Agent Steps: 0001M | FPS: 31497.2 | Last FPS: 31873.2 | Collect Time: 0.8 min | Train RL Time: 0.0 min | Mean Rewards: -2292.32 | Current Best: -969.32
Agent Steps: 0001M | FPS: 31515.5 | Last FPS: 32361.9 | Collect Time: 0.8 min | Train RL Time: 0.0 min | Mean Rewards: -2329.58 | Current Best: -969.32
Agent Steps: 0001M | FPS: 31522.4 | Last FPS: 31844.1 | Collect Time: 0.8 min | Train RL Time: 0.0 min | Mean Rewards: -2234.43 | Current Best: -969.32
Agent Steps: 0001M | FPS: 31542.5 | Last FPS: 32516.4 | Collect Time: 0.8 min | Train RL Time: 0.0 min | Mean Rewards: -2239.84 | Current Best: -969.32
[33m12:28:53 [rigid_object.py] WARNING: The function 'set_external_force_and_torque' will be deprecated in a future release. Please use 'permanent_wrench_composer.set_forces_and_torques' instead.[0m
Agent Steps: 0001M | FPS: 31553.6 | Last FPS: 32094.3 | Collect Time: 0.8 min | Train RL Time: 0.0 min | Mean Rewards: -2248.65 | Current Best: -969.32
Agent Steps: 0001M | FPS: 31564.8 | Last FPS: 32126.0 | Collect Time: 0.8 min | Train RL Time: 0.0 min | Mean Rewards: -2385.92 | Current Best: -969.32
[gravity schedule] step=400 target_z=0.0000 actual_z=0.0000
[reward step=400] total=-111.617 rot=0.198 linvel_pen=-0.023 pos_diff_pen=-0.012 torque_pen=-0.041 work_pen=-117.080 obj_pos_rew=0.787 contact_rew=0.006 n_touch=0.003 alive_rew=4.548 alive_frac=0.910 obj_z=0.683 ep_len=15.168
Agent Steps: 0001M | FPS: 31574.2 | Last FPS: 32048.6 | Collect Time: 0.9 min | Train RL Time: 0.0 min | Mean Rewards: -2348.12 | Current Best: -969.32
Agent Steps: 0001M | FPS: 31579.5 | Last FPS: 31852.1 | Collect Time: 0.9 min | Train RL Time: 0.0 min | Mean Rewards: -2501.05 | Current Best: -969.32
Agent Steps: 0001M | FPS: 31569.9 | Last FPS: 31080.9 | Collect Time: 0.9 min | Train RL Time: 0.0 min | Mean Rewards: -2318.10 | Current Best: -969.32
[33m12:28:58 [rigid_object.py] WARNING: The function 'set_external_force_and_torque' will be deprecated in a future release. Please use 'permanent_wrench_composer.set_forces_and_torques' instead.[0m
Agent Steps: 0001M | FPS: 31572.2 | Last FPS: 31694.3 | Collect Time: 0.9 min | Train RL Time: 0.0 min | Mean Rewards: -2402.45 | Current Best: -969.32
Agent Steps: 0001M | FPS: 31575.2 | Last FPS: 31734.9 | Collect Time: 0.9 min | Train RL Time: 0.0 min | Mean Rewards: -2172.30 | Current Best: -969.32
Agent Steps: 0001M | FPS: 31575.1 | Last FPS: 31572.3 | Collect Time: 1.0 min | Train RL Time: 0.0 min | Mean Rewards: -2159.46 | Current Best: -969.32
Agent Steps: 0001M | FPS: 31577.3 | Last FPS: 31699.1 | Collect Time: 1.0 min | Train RL Time: 0.0 min | Mean Rewards: -2341.14 | Current Best: -969.32
Agent Steps: 0001M | FPS: 31572.4 | Last FPS: 31299.6 | Collect Time: 1.0 min | Train RL Time: 0.0 min | Mean Rewards: -2327.69 | Current Best: -969.32
[33m12:29:03 [rigid_object.py] WARNING: The function 'set_external_force_and_torque' will be deprecated in a future release. Please use 'permanent_wrench_composer.set_forces_and_torques' instead.[0m
Agent Steps: 0001M | FPS: 31580.4 | Last FPS: 32046.8 | Collect Time: 1.0 min | Train RL Time: 0.0 min | Mean Rewards: -2280.74 | Current Best: -969.32
Agent Steps: 0001M | FPS: 31583.8 | Last FPS: 31787.5 | Collect Time: 1.0 min | Train RL Time: 0.0 min | Mean Rewards: -2411.15 | Current Best: -969.32
Agent Steps: 0001M | FPS: 31581.2 | Last FPS: 31424.6 | Collect Time: 1.0 min | Train RL Time: 0.0 min | Mean Rewards: -2150.79 | Current Best: -969.32
Agent Steps: 0002M | FPS: 31588.0 | Last FPS: 32009.2 | Collect Time: 1.1 min | Train RL Time: 0.0 min | Mean Rewards: -2353.57 | Current Best: -969.32
Agent Steps: 0002M | FPS: 31592.8 | Last FPS: 31895.3 | Collect Time: 1.1 min | Train RL Time: 0.0 min | Mean Rewards: -2397.61 | Current Best: -969.32
[33m12:29:08 [rigid_object.py] WARNING: The function 'set_external_force_and_torque' will be deprecated in a future release. Please use 'permanent_wrench_composer.set_forces_and_torques' instead.[0m
