[INFO][AppLauncher]: Using device: cuda:0
[INFO][AppLauncher]: Loading experience file: /home/lingfeng/playground/sharpa-rl-lab/.pixi/envs/default/lib/python3.11/site-packages/isaaclab/apps/isaaclab.python.headless.kit
[INFO]: Parsing configuration from: rl_isaaclab.tasks.inhand_rotate.xhand_env_cfg:XhandEnvCfg
[INFO]: Parsing configuration from: /home/lingfeng/playground/sharpa-rl-lab/rl_isaaclab/tasks/inhand_rotate/agents/ppo_cfg.yaml
[INFO] Logging experiment in directory: /home/lingfeng/playground/sharpa-rl-lab/logs/debug
Exact experiment name requested from command line: /home/lingfeng/playground/sharpa-rl-lab/logs/debug/2026-04-14_12-13-17

[36m======================================================================================[0m
[36m[1m[INFO][IsaacLab]: Logging to file: /tmp/isaaclab/logs/isaaclab_2026-04-14_12-13-17.log[0m
[36m======================================================================================[0m

[33m12:13:17 [simulation_context.py] WARNING: The `enable_external_forces_every_iteration` parameter in the PhysxCfg is set to False. If you are experiencing noisy velocities, consider enabling this flag. You may need to slightly increase the number of velocity iterations (setting it to 1 or 2 rather than 0), together with this flag, to improve the accuracy of velocity updates.[0m
[INFO]: Base environment:
	Environment device    : cuda:0
	Environment seed      : 42
	Physics step-size     : 0.004166666666666667
	Rendering step-size   : 0.008333333333333333
	Environment step-size : 0.05
[33m12:13:17 [direct_rl_env.py] WARNING: The render interval (2) is smaller than the decimation (12). Multiple render calls will happen for each environment step.If this is not intended, set the render interval to be equal to the decimation.[0m
[33m12:13:17 [prims.py] WARNING: Could not perform 'modify_collision_properties' on any prims under: '/World/envs/env_0/Robot'. This might be because of the following reasons:
	(1) The desired attribute does not exist on any of the prims.
	(2) The desired attribute exists on an instanced prim.
		Discovered list of instanced prim paths: ['/World/envs/env_0/Robot/right_hand_link/visuals', '/World/envs/env_0/Robot/right_hand_link/collisions', '/World/envs/env_0/Robot/right_hand_back_link/visuals', '/World/envs/env_0/Robot/right_hand_back_link/collisions', '/World/envs/env_0/Robot/right_hand_ee_link/visuals', '/World/envs/env_0/Robot/right_hand_ee_link/collisions', '/World/envs/env_0/Robot/right_hand_index_bend_link/visuals', '/World/envs/env_0/Robot/right_hand_index_bend_link/collisions', '/World/envs/env_0/Robot/right_hand_index_rota_link1/visuals', '/World/envs/env_0/Robot/right_hand_index_rota_link1/collisions', '/World/envs/env_0/Robot/right_hand_index_rota_link2/visuals', '/World/envs/env_0/Robot/right_hand_index_rota_link2/collisions', '/World/envs/env_0/Robot/right_hand_index_rota_tip/visuals', '/World/envs/env_0/Robot/right_hand_index_rota_tip/collisions', '/World/envs/env_0/Robot/right_hand_index_rotaback_link2/visuals', '/World/envs/env_0/Robot/right_hand_index_rotaback_link2/collisions', '/World/envs/env_0/Robot/right_hand_index_rotaback_link1/visuals', '/World/envs/env_0/Robot/right_hand_index_rotaback_link1/collisions', '/World/envs/env_0/Robot/right_hand_mid_link1/visuals', '/World/envs/env_0/Robot/right_hand_mid_link1/collisions', '/World/envs/env_0/Robot/right_hand_mid_link2/visuals', '/World/envs/env_0/Robot/right_hand_mid_link2/collisions', '/World/envs/env_0/Robot/right_hand_mid_tip/visuals', '/World/envs/env_0/Robot/right_hand_mid_tip/collisions', '/World/envs/env_0/Robot/right_hand_midback_link2/visuals', '/World/envs/env_0/Robot/right_hand_midback_link2/collisions', '/World/envs/env_0/Robot/right_hand_midback_link1/visuals', '/World/envs/env_0/Robot/right_hand_midback_link1/collisions', '/World/envs/env_0/Robot/right_hand_pinky_link1/visuals', '/World/envs/env_0/Robot/right_hand_pinky_link1/collisions', '/World/envs/env_0/Robot/right_hand_pinky_link2/visuals', '/World/envs/env_0/Robot/right_hand_pinky_link2/collisions', '/World/envs/env_0/Robot/right_hand_pinky_tip/visuals', '/World/envs/env_0/Robot/right_hand_pinky_tip/collisions', '/World/envs/env_0/Robot/right_hand_pinkyback_link2/visuals', '/World/envs/env_0/Robot/right_hand_pinkyback_link2/collisions', '/World/envs/env_0/Robot/right_hand_pinkyback_link1/visuals', '/World/envs/env_0/Robot/right_hand_pinkyback_link1/collisions', '/World/envs/env_0/Robot/right_hand_ring_link1/visuals', '/World/envs/env_0/Robot/right_hand_ring_link1/collisions', '/World/envs/env_0/Robot/right_hand_ring_link2/visuals', '/World/envs/env_0/Robot/right_hand_ring_link2/collisions', '/World/envs/env_0/Robot/right_hand_ring_tip/visuals', '/World/envs/env_0/Robot/right_hand_ring_tip/collisions', '/World/envs/env_0/Robot/right_hand_ringback_link2/visuals', '/World/envs/env_0/Robot/right_hand_ringback_link2/collisions', '/World/envs/env_0/Robot/right_hand_ringback_link1/visuals', '/World/envs/env_0/Robot/right_hand_ringback_link1/collisions', '/World/envs/env_0/Robot/right_hand_thumb_bend_link/visuals', '/World/envs/env_0/Robot/right_hand_thumb_bend_link/collisions', '/World/envs/env_0/Robot/right_hand_thumb_rota_link1/visuals', '/World/envs/env_0/Robot/right_hand_thumb_rota_link1/collisions', '/World/envs/env_0/Robot/right_hand_thumb_rota_link2/visuals', '/World/envs/env_0/Robot/right_hand_thumb_rota_link2/collisions', '/World/envs/env_0/Robot/right_hand_thumb_rota_tip/visuals', '/World/envs/env_0/Robot/right_hand_thumb_rota_tip/collisions', '/World/envs/env_0/Robot/right_hand_thumb_rotaback_link2/visuals', '/World/envs/env_0/Robot/right_hand_thumb_rotaback_link2/collisions', '/World/envs/env_0/Robot/right_hand_thumb_rotaback_link1/visuals', '/World/envs/env_0/Robot/right_hand_thumb_rotaback_link1/collisions'][0m
[33m12:13:31 [interactive_scene.py] WARNING: Collision filtering can only be automatically enabled when replicate_physics=True and using GPU simulation. Please call scene.filter_collisions(global_prim_paths) to filter collisions across environments.[0m
[INFO]: Time taken for scene creation : 13.955799 seconds
[INFO]: Scene manager:  <class InteractiveScene>
	Number of environments: 4096
	Environment spacing   : 0.75
	Source prim name      : /World/envs/env_0
	Global prim paths     : []
	Replicate physics     : False
[INFO]: Starting the simulation. This may take a few seconds. Please wait...
[INFO]: Time taken for simulation start : 18.663948 seconds
[INFO] Event Manager:  <EventManager> contains 1 active terms.
+----------------------------------------+
| Active Event Terms in Mode: 'prestartup' |
+-----------+----------------------------+
|   Index   | Name                       |
+-----------+----------------------------+
|     0     | randomize_scale            |
+-----------+----------------------------+

[INFO]: Completed setting up the environment...
[env init] sim gravity cfg: (0.0, 0.0, -0.05)
[env init] gravity_curriculum: False
[env init] gravity_schedule: [[0, 0.0], [3000, 0.0], [50000, -9.81]]
[env init] reward weights: rot=1.0 linvel=-0.02 pos_diff=-0.02 torque=-0.005 work=-0.02 obj_pos=0.1
RunningMeanStd:  (132,)
RunningMeanStd:  (1,)
[33m12:13:51 [rigid_object.py] WARNING: The function 'set_external_force_and_torque' will be deprecated in a future release. Please use 'permanent_wrench_composer.set_forces_and_torques' instead.[0m
save current best reward: -461.84
Agent Steps: 0000M | FPS: 21404.2 | Last FPS: 10702.1 | Collect Time: 0.0 min | Train RL Time: 0.0 min | Mean Rewards: -461.84 | Current Best: -461.84
Agent Steps: 0000M | FPS: 20263.2 | Last FPS: 18310.9 | Collect Time: 0.1 min | Train RL Time: 0.0 min | Mean Rewards: -480.13 | Current Best: -461.84
[33m12:13:57 [rigid_object.py] WARNING: The function 'set_external_force_and_torque' will be deprecated in a future release. Please use 'permanent_wrench_composer.set_forces_and_torques' instead.[0m
Agent Steps: 0000M | FPS: 19727.5 | Last FPS: 18278.0 | Collect Time: 0.1 min | Train RL Time: 0.0 min | Mean Rewards: -495.58 | Current Best: -461.84
Agent Steps: 0000M | FPS: 19493.2 | Last FPS: 18609.0 | Collect Time: 0.1 min | Train RL Time: 0.0 min | Mean Rewards: -480.00 | Current Best: -461.84
Agent Steps: 0000M | FPS: 19312.4 | Last FPS: 18456.5 | Collect Time: 0.2 min | Train RL Time: 0.0 min | Mean Rewards: -505.21 | Current Best: -461.84
[33m12:14:02 [rigid_object.py] WARNING: The function 'set_external_force_and_torque' will be deprecated in a future release. Please use 'permanent_wrench_composer.set_forces_and_torques' instead.[0m
Agent Steps: 0000M | FPS: 19160.2 | Last FPS: 18294.9 | Collect Time: 0.2 min | Train RL Time: 0.0 min | Mean Rewards: -496.02 | Current Best: -461.84
Agent Steps: 0000M | FPS: 19029.5 | Last FPS: 18162.3 | Collect Time: 0.2 min | Train RL Time: 0.0 min | Mean Rewards: -486.56 | Current Best: -461.84
Agent Steps: 0000M | FPS: 18985.1 | Last FPS: 18637.3 | Collect Time: 0.3 min | Train RL Time: 0.0 min | Mean Rewards: -475.60 | Current Best: -461.84
[33m12:14:07 [rigid_object.py] WARNING: The function 'set_external_force_and_torque' will be deprecated in a future release. Please use 'permanent_wrench_composer.set_forces_and_torques' instead.[0m
Agent Steps: 0000M | FPS: 18921.9 | Last FPS: 18371.8 | Collect Time: 0.3 min | Train RL Time: 0.0 min | Mean Rewards: -479.71 | Current Best: -461.84
Agent Steps: 0000M | FPS: 18900.4 | Last FPS: 18688.3 | Collect Time: 0.3 min | Train RL Time: 0.0 min | Mean Rewards: -495.31 | Current Best: -461.84
[33m12:14:12 [rigid_object.py] WARNING: The function 'set_external_force_and_torque' will be deprecated in a future release. Please use 'permanent_wrench_composer.set_forces_and_torques' instead.[0m
Agent Steps: 0000M | FPS: 18871.0 | Last FPS: 18553.1 | Collect Time: 0.3 min | Train RL Time: 0.0 min | Mean Rewards: -479.03 | Current Best: -461.84
Agent Steps: 0000M | FPS: 18833.6 | Last FPS: 18396.7 | Collect Time: 0.4 min | Train RL Time: 0.0 min | Mean Rewards: -482.82 | Current Best: -461.84
Agent Steps: 0000M | FPS: 18803.4 | Last FPS: 18418.9 | Collect Time: 0.4 min | Train RL Time: 0.0 min | Mean Rewards: -469.14 | Current Best: -461.84
[33m12:14:17 [rigid_object.py] WARNING: The function 'set_external_force_and_torque' will be deprecated in a future release. Please use 'permanent_wrench_composer.set_forces_and_torques' instead.[0m
Agent Steps: 0000M | FPS: 18771.5 | Last FPS: 18335.4 | Collect Time: 0.4 min | Train RL Time: 0.0 min | Mean Rewards: -472.41 | Current Best: -461.84
Agent Steps: 0000M | FPS: 18743.3 | Last FPS: 18330.8 | Collect Time: 0.5 min | Train RL Time: 0.0 min | Mean Rewards: -471.22 | Current Best: -461.84
Agent Steps: 0000M | FPS: 18724.9 | Last FPS: 18435.5 | Collect Time: 0.5 min | Train RL Time: 0.0 min | Mean Rewards: -468.64 | Current Best: -461.84
[33m12:14:22 [rigid_object.py] WARNING: The function 'set_external_force_and_torque' will be deprecated in a future release. Please use 'permanent_wrench_composer.set_forces_and_torques' instead.[0m
save current best reward: -447.73
Agent Steps: 0000M | FPS: 18708.1 | Last FPS: 18427.5 | Collect Time: 0.5 min | Train RL Time: 0.0 min | Mean Rewards: -447.73 | Current Best: -447.73
save current best reward: -441.62
Agent Steps: 0000M | FPS: 18685.5 | Last FPS: 18286.5 | Collect Time: 0.5 min | Train RL Time: 0.0 min | Mean Rewards: -441.62 | Current Best: -441.62
Agent Steps: 0000M | FPS: 18673.2 | Last FPS: 18443.3 | Collect Time: 0.6 min | Train RL Time: 0.0 min | Mean Rewards: -462.92 | Current Best: -441.62
[33m12:14:27 [rigid_object.py] WARNING: The function 'set_external_force_and_torque' will be deprecated in a future release. Please use 'permanent_wrench_composer.set_forces_and_torques' instead.[0m
Agent Steps: 0000M | FPS: 18668.7 | Last FPS: 18579.3 | Collect Time: 0.6 min | Train RL Time: 0.0 min | Mean Rewards: -451.93 | Current Best: -441.62
Agent Steps: 0000M | FPS: 18653.1 | Last FPS: 18330.5 | Collect Time: 0.6 min | Train RL Time: 0.0 min | Mean Rewards: -469.37 | Current Best: -441.62
Agent Steps: 0000M | FPS: 18629.2 | Last FPS: 18119.0 | Collect Time: 0.7 min | Train RL Time: 0.0 min | Mean Rewards: -466.97 | Current Best: -441.62
[33m12:14:32 [rigid_object.py] WARNING: The function 'set_external_force_and_torque' will be deprecated in a future release. Please use 'permanent_wrench_composer.set_forces_and_torques' instead.[0m
Agent Steps: 0000M | FPS: 18610.6 | Last FPS: 18193.3 | Collect Time: 0.7 min | Train RL Time: 0.0 min | Mean Rewards: -446.05 | Current Best: -441.62
Agent Steps: 0000M | FPS: 18587.3 | Last FPS: 18044.1 | Collect Time: 0.7 min | Train RL Time: 0.0 min | Mean Rewards: -454.54 | Current Best: -441.62
[gravity schedule] step=200 target_z=0.0000 actual_z=0.0000
Agent Steps: 0000M | FPS: 18578.5 | Last FPS: 18362.5 | Collect Time: 0.8 min | Train RL Time: 0.0 min | Mean Rewards: -458.97 | Current Best: -441.62
[33m12:14:38 [rigid_object.py] WARNING: The function 'set_external_force_and_torque' will be deprecated in a future release. Please use 'permanent_wrench_composer.set_forces_and_torques' instead.[0m
Agent Steps: 0000M | FPS: 18573.6 | Last FPS: 18446.1 | Collect Time: 0.8 min | Train RL Time: 0.0 min | Mean Rewards: -441.88 | Current Best: -441.62
Agent Steps: 0000M | FPS: 18567.9 | Last FPS: 18414.6 | Collect Time: 0.8 min | Train RL Time: 0.0 min | Mean Rewards: -448.64 | Current Best: -441.62
Agent Steps: 0000M | FPS: 18551.7 | Last FPS: 18111.4 | Collect Time: 0.8 min | Train RL Time: 0.0 min | Mean Rewards: -447.04 | Current Best: -441.62
[33m12:14:43 [rigid_object.py] WARNING: The function 'set_external_force_and_torque' will be deprecated in a future release. Please use 'permanent_wrench_composer.set_forces_and_torques' instead.[0m
Agent Steps: 0000M | FPS: 18547.0 | Last FPS: 18411.7 | Collect Time: 0.9 min | Train RL Time: 0.0 min | Mean Rewards: -463.62 | Current Best: -441.62
Agent Steps: 0001M | FPS: 18539.0 | Last FPS: 18302.1 | Collect Time: 0.9 min | Train RL Time: 0.0 min | Mean Rewards: -448.40 | Current Best: -441.62
Agent Steps: 0001M | FPS: 18538.7 | Last FPS: 18528.7 | Collect Time: 0.9 min | Train RL Time: 0.0 min | Mean Rewards: -445.91 | Current Best: -441.62
[33m12:14:48 [rigid_object.py] WARNING: The function 'set_external_force_and_torque' will be deprecated in a future release. Please use 'permanent_wrench_composer.set_forces_and_torques' instead.[0m
Agent Steps: 0001M | FPS: 18534.9 | Last FPS: 18412.4 | Collect Time: 1.0 min | Train RL Time: 0.0 min | Mean Rewards: -450.26 | Current Best: -441.62
Agent Steps: 0001M | FPS: 18531.5 | Last FPS: 18421.7 | Collect Time: 1.0 min | Train RL Time: 0.0 min | Mean Rewards: -444.72 | Current Best: -441.62
[33m12:14:53 [rigid_object.py] WARNING: The function 'set_external_force_and_torque' will be deprecated in a future release. Please use 'permanent_wrench_composer.set_forces_and_torques' instead.[0m
save current best reward: -433.75
Agent Steps: 0001M | FPS: 18523.2 | Last FPS: 18244.9 | Collect Time: 1.0 min | Train RL Time: 0.0 min | Mean Rewards: -433.75 | Current Best: -433.75
Agent Steps: 0001M | FPS: 18510.6 | Last FPS: 18079.6 | Collect Time: 1.0 min | Train RL Time: 0.0 min | Mean Rewards: -449.49 | Current Best: -433.75
Agent Steps: 0001M | FPS: 18499.5 | Last FPS: 18109.4 | Collect Time: 1.1 min | Train RL Time: 0.0 min | Mean Rewards: -441.42 | Current Best: -433.75
[33m12:14:58 [rigid_object.py] WARNING: The function 'set_external_force_and_torque' will be deprecated in a future release. Please use 'permanent_wrench_composer.set_forces_and_torques' instead.[0m
save current best reward: -422.46
Agent Steps: 0001M | FPS: 18497.5 | Last FPS: 18422.7 | Collect Time: 1.1 min | Train RL Time: 0.0 min | Mean Rewards: -422.46 | Current Best: -422.46
save current best reward: -420.97
Agent Steps: 0001M | FPS: 18485.5 | Last FPS: 18043.1 | Collect Time: 1.1 min | Train RL Time: 0.0 min | Mean Rewards: -420.97 | Current Best: -420.97
Agent Steps: 0001M | FPS: 18474.4 | Last FPS: 18052.4 | Collect Time: 1.2 min | Train RL Time: 0.0 min | Mean Rewards: -442.54 | Current Best: -420.97
[33m12:15:03 [rigid_object.py] WARNING: The function 'set_external_force_and_torque' will be deprecated in a future release. Please use 'permanent_wrench_composer.set_forces_and_torques' instead.[0m
Agent Steps: 0001M | FPS: 18471.1 | Last FPS: 18338.1 | Collect Time: 1.2 min | Train RL Time: 0.0 min | Mean Rewards: -442.07 | Current Best: -420.97
Agent Steps: 0001M | FPS: 18462.8 | Last FPS: 18130.7 | Collect Time: 1.2 min | Train RL Time: 0.0 min | Mean Rewards: -440.63 | Current Best: -420.97
Agent Steps: 0001M | FPS: 18459.3 | Last FPS: 18311.9 | Collect Time: 1.3 min | Train RL Time: 0.0 min | Mean Rewards: -445.83 | Current Best: -420.97
[33m12:15:08 [rigid_object.py] WARNING: The function 'set_external_force_and_torque' will be deprecated in a future release. Please use 'permanent_wrench_composer.set_forces_and_torques' instead.[0m
Agent Steps: 0001M | FPS: 18456.4 | Last FPS: 18330.7 | Collect Time: 1.3 min | Train RL Time: 0.0 min | Mean Rewards: -444.10 | Current Best: -420.97
Agent Steps: 0001M | FPS: 18459.7 | Last FPS: 18606.9 | Collect Time: 1.3 min | Train RL Time: 0.0 min | Mean Rewards: -439.94 | Current Best: -420.97
Agent Steps: 0001M | FPS: 18454.5 | Last FPS: 18223.9 | Collect Time: 1.3 min | Train RL Time: 0.0 min | Mean Rewards: -446.69 | Current Best: -420.97
[33m12:15:14 [rigid_object.py] WARNING: The function 'set_external_force_and_torque' will be deprecated in a future release. Please use 'permanent_wrench_composer.set_forces_and_torques' instead.[0m
Agent Steps: 0001M | FPS: 18452.2 | Last FPS: 18345.3 | Collect Time: 1.4 min | Train RL Time: 0.0 min | Mean Rewards: -445.93 | Current Best: -420.97
Agent Steps: 0001M | FPS: 18451.9 | Last FPS: 18438.2 | Collect Time: 1.4 min | Train RL Time: 0.0 min | Mean Rewards: -441.07 | Current Best: -420.97
Agent Steps: 0001M | FPS: 18444.1 | Last FPS: 18078.2 | Collect Time: 1.4 min | Train RL Time: 0.0 min | Mean Rewards: -436.35 | Current Best: -420.97
[33m12:15:19 [rigid_object.py] WARNING: The function 'set_external_force_and_torque' will be deprecated in a future release. Please use 'permanent_wrench_composer.set_forces_and_torques' instead.[0m
Agent Steps: 0001M | FPS: 18440.0 | Last FPS: 18243.6 | Collect Time: 1.5 min | Train RL Time: 0.0 min | Mean Rewards: -438.36 | Current Best: -420.97
[gravity schedule] step=400 target_z=0.0000 actual_z=0.0000
Agent Steps: 0001M | FPS: 18445.4 | Last FPS: 18719.8 | Collect Time: 1.5 min | Train RL Time: 0.0 min | Mean Rewards: -444.46 | Current Best: -420.97
Agent Steps: 0001M | FPS: 18437.7 | Last FPS: 18051.4 | Collect Time: 1.5 min | Train RL Time: 0.0 min | Mean Rewards: -436.46 | Current Best: -420.97
[33m12:15:24 [rigid_object.py] WARNING: The function 'set_external_force_and_torque' will be deprecated in a future release. Please use 'permanent_wrench_composer.set_forces_and_torques' instead.[0m
Agent Steps: 0001M | FPS: 18435.8 | Last FPS: 18336.2 | Collect Time: 1.6 min | Train RL Time: 0.0 min | Mean Rewards: -450.30 | Current Best: -420.97
Agent Steps: 0001M | FPS: 18434.9 | Last FPS: 18389.5 | Collect Time: 1.6 min | Train RL Time: 0.0 min | Mean Rewards: -448.97 | Current Best: -420.97
Agent Steps: 0001M | FPS: 18429.6 | Last FPS: 18144.7 | Collect Time: 1.6 min | Train RL Time: 0.0 min | Mean Rewards: -435.86 | Current Best: -420.97
[33m12:15:29 [rigid_object.py] WARNING: The function 'set_external_force_and_torque' will be deprecated in a future release. Please use 'permanent_wrench_composer.set_forces_and_torques' instead.[0m
Agent Steps: 0001M | FPS: 18424.8 | Last FPS: 18168.9 | Collect Time: 1.6 min | Train RL Time: 0.0 min | Mean Rewards: -426.65 | Current Best: -420.97
Agent Steps: 0001M | FPS: 18422.1 | Last FPS: 18272.0 | Collect Time: 1.7 min | Train RL Time: 0.0 min | Mean Rewards: -439.20 | Current Best: -420.97
[33m12:15:34 [rigid_object.py] WARNING: The function 'set_external_force_and_torque' will be deprecated in a future release. Please use 'permanent_wrench_composer.set_forces_and_torques' instead.[0m
Agent Steps: 0001M | FPS: 18417.7 | Last FPS: 18166.1 | Collect Time: 1.7 min | Train RL Time: 0.0 min | Mean Rewards: -435.08 | Current Best: -420.97
Agent Steps: 0001M | FPS: 18411.0 | Last FPS: 18032.6 | Collect Time: 1.7 min | Train RL Time: 0.0 min | Mean Rewards: -432.97 | Current Best: -420.97
Agent Steps: 0001M | FPS: 18410.6 | Last FPS: 18387.5 | Collect Time: 1.8 min | Train RL Time: 0.0 min | Mean Rewards: -421.24 | Current Best: -420.97
[33m12:15:39 [rigid_object.py] WARNING: The function 'set_external_force_and_torque' will be deprecated in a future release. Please use 'permanent_wrench_composer.set_forces_and_torques' instead.[0m
Agent Steps: 0001M | FPS: 18407.6 | Last FPS: 18230.7 | Collect Time: 1.8 min | Train RL Time: 0.0 min | Mean Rewards: -431.22 | Current Best: -420.97
Agent Steps: 0002M | FPS: 18406.2 | Last FPS: 18320.3 | Collect Time: 1.8 min | Train RL Time: 0.0 min | Mean Rewards: -426.60 | Current Best: -420.97
Agent Steps: 0002M | FPS: 18401.6 | Last FPS: 18122.8 | Collect Time: 1.8 min | Train RL Time: 0.0 min | Mean Rewards: -439.36 | Current Best: -420.97
[33m12:15:45 [rigid_object.py] WARNING: The function 'set_external_force_and_torque' will be deprecated in a future release. Please use 'permanent_wrench_composer.set_forces_and_torques' instead.[0m
Agent Steps: 0002M | FPS: 18400.6 | Last FPS: 18336.4 | Collect Time: 1.9 min | Train RL Time: 0.0 min | Mean Rewards: -426.79 | Current Best: -420.97
Agent Steps: 0002M | FPS: 18399.4 | Last FPS: 18320.9 | Collect Time: 1.9 min | Train RL Time: 0.0 min | Mean Rewards: -436.97 | Current Best: -420.97
save current best reward: -409.68
Agent Steps: 0002M | FPS: 18397.0 | Last FPS: 18243.8 | Collect Time: 1.9 min | Train RL Time: 0.0 min | Mean Rewards: -409.68 | Current Best: -409.68
[33m12:15:50 [rigid_object.py] WARNING: The function 'set_external_force_and_torque' will be deprecated in a future release. Please use 'permanent_wrench_composer.set_forces_and_torques' instead.[0m
Agent Steps: 0002M | FPS: 18393.8 | Last FPS: 18184.5 | Collect Time: 2.0 min | Train RL Time: 0.0 min | Mean Rewards: -420.25 | Current Best: -409.68
Agent Steps: 0002M | FPS: 18386.9 | Last FPS: 17938.8 | Collect Time: 2.0 min | Train RL Time: 0.0 min | Mean Rewards: -424.88 | Current Best: -409.68
Agent Steps: 0002M | FPS: 18380.6 | Last FPS: 17960.2 | Collect Time: 2.0 min | Train RL Time: 0.0 min | Mean Rewards: -434.65 | Current Best: -409.68
[33m12:15:55 [rigid_object.py] WARNING: The function 'set_external_force_and_torque' will be deprecated in a future release. Please use 'permanent_wrench_composer.set_forces_and_torques' instead.[0m
Agent Steps: 0002M | FPS: 18378.0 | Last FPS: 18196.6 | Collect Time: 2.1 min | Train RL Time: 0.0 min | Mean Rewards: -420.99 | Current Best: -409.68
Agent Steps: 0002M | FPS: 18375.4 | Last FPS: 18198.5 | Collect Time: 2.1 min | Train RL Time: 0.0 min | Mean Rewards: -428.70 | Current Best: -409.68
Agent Steps: 0002M | FPS: 18370.8 | Last FPS: 18050.1 | Collect Time: 2.1 min | Train RL Time: 0.0 min | Mean Rewards: -421.66 | Current Best: -409.68
[33m12:16:00 [rigid_object.py] WARNING: The function 'set_external_force_and_torque' will be deprecated in a future release. Please use 'permanent_wrench_composer.set_forces_and_torques' instead.[0m
Agent Steps: 0002M | FPS: 18370.7 | Last FPS: 18363.8 | Collect Time: 2.1 min | Train RL Time: 0.0 min | Mean Rewards: -423.79 | Current Best: -409.68
Agent Steps: 0002M | FPS: 18367.9 | Last FPS: 18161.6 | Collect Time: 2.2 min | Train RL Time: 0.0 min | Mean Rewards: -419.37 | Current Best: -409.68
Agent Steps: 0002M | FPS: 18364.3 | Last FPS: 18105.3 | Collect Time: 2.2 min | Train RL Time: 0.0 min | Mean Rewards: -421.77 | Current Best: -409.68
[33m12:16:05 [rigid_object.py] WARNING: The function 'set_external_force_and_torque' will be deprecated in a future release. Please use 'permanent_wrench_composer.set_forces_and_torques' instead.[0m
[gravity schedule] step=600 target_z=0.0000 actual_z=0.0000
Agent Steps: 0002M | FPS: 18360.2 | Last FPS: 18054.0 | Collect Time: 2.2 min | Train RL Time: 0.0 min | Mean Rewards: -437.60 | Current Best: -409.68
Agent Steps: 0002M | FPS: 18356.7 | Last FPS: 18100.2 | Collect Time: 2.3 min | Train RL Time: 0.0 min | Mean Rewards: -410.70 | Current Best: -409.68
[33m12:16:10 [rigid_object.py] WARNING: The function 'set_external_force_and_torque' will be deprecated in a future release. Please use 'permanent_wrench_composer.set_forces_and_torques' instead.[0m
Agent Steps: 0002M | FPS: 18355.7 | Last FPS: 18276.8 | Collect Time: 2.3 min | Train RL Time: 0.0 min | Mean Rewards: -412.75 | Current Best: -409.68
Agent Steps: 0002M | FPS: 18351.4 | Last FPS: 18021.6 | Collect Time: 2.3 min | Train RL Time: 0.0 min | Mean Rewards: -418.90 | Current Best: -409.68
Agent Steps: 0002M | FPS: 18352.2 | Last FPS: 18416.8 | Collect Time: 2.4 min | Train RL Time: 0.0 min | Mean Rewards: -414.19 | Current Best: -409.68
[33m12:16:15 [rigid_object.py] WARNING: The function 'set_external_force_and_torque' will be deprecated in a future release. Please use 'permanent_wrench_composer.set_forces_and_torques' instead.[0m
Agent Steps: 0002M | FPS: 18349.5 | Last FPS: 18135.7 | Collect Time: 2.4 min | Train RL Time: 0.0 min | Mean Rewards: -415.69 | Current Best: -409.68
save current best reward: -402.20
Agent Steps: 0002M | FPS: 18346.1 | Last FPS: 18071.3 | Collect Time: 2.4 min | Train RL Time: 0.0 min | Mean Rewards: -402.20 | Current Best: -402.20
Agent Steps: 0002M | FPS: 18341.4 | Last FPS: 17969.1 | Collect Time: 2.4 min | Train RL Time: 0.0 min | Mean Rewards: -409.58 | Current Best: -402.20
[33m12:16:20 [rigid_object.py] WARNING: The function 'set_external_force_and_torque' will be deprecated in a future release. Please use 'permanent_wrench_composer.set_forces_and_torques' instead.[0m
save current best reward: -401.62
Agent Steps: 0002M | FPS: 18335.9 | Last FPS: 17890.4 | Collect Time: 2.5 min | Train RL Time: 0.0 min | Mean Rewards: -401.62 | Current Best: -401.62
Agent Steps: 0002M | FPS: 18329.2 | Last FPS: 17785.5 | Collect Time: 2.5 min | Train RL Time: 0.0 min | Mean Rewards: -429.12 | Current Best: -401.62
Agent Steps: 0002M | FPS: 18325.1 | Last FPS: 17977.5 | Collect Time: 2.5 min | Train RL Time: 0.0 min | Mean Rewards: -411.18 | Current Best: -401.62
[33m12:16:26 [rigid_object.py] WARNING: The function 'set_external_force_and_torque' will be deprecated in a future release. Please use 'permanent_wrench_composer.set_forces_and_torques' instead.[0m
Agent Steps: 0002M | FPS: 18316.4 | Last FPS: 17598.3 | Collect Time: 2.6 min | Train RL Time: 0.0 min | Mean Rewards: -413.21 | Current Best: -401.62
Agent Steps: 0002M | FPS: 18309.5 | Last FPS: 17730.6 | Collect Time: 2.6 min | Train RL Time: 0.0 min | Mean Rewards: -410.45 | Current Best: -401.62
save current best reward: -397.55
Agent Steps: 0002M | FPS: 18301.7 | Last FPS: 17642.8 | Collect Time: 2.6 min | Train RL Time: 0.0 min | Mean Rewards: -397.55 | Current Best: -397.55
[33m12:16:31 [rigid_object.py] WARNING: The function 'set_external_force_and_torque' will be deprecated in a future release. Please use 'permanent_wrench_composer.set_forces_and_torques' instead.[0m
Agent Steps: 0002M | FPS: 18296.7 | Last FPS: 17855.4 | Collect Time: 2.7 min | Train RL Time: 0.0 min | Mean Rewards: -408.44 | Current Best: -397.55
Agent Steps: 0002M | FPS: 18291.0 | Last FPS: 17800.0 | Collect Time: 2.7 min | Train RL Time: 0.0 min | Mean Rewards: -399.08 | Current Best: -397.55
[33m12:16:36 [rigid_object.py] WARNING: The function 'set_external_force_and_torque' will be deprecated in a future release. Please use 'permanent_wrench_composer.set_forces_and_torques' instead.[0m
save current best reward: -397.26
Agent Steps: 0003M | FPS: 18284.9 | Last FPS: 17739.7 | Collect Time: 2.7 min | Train RL Time: 0.0 min | Mean Rewards: -397.26 | Current Best: -397.26
Agent Steps: 0003M | FPS: 18283.3 | Last FPS: 18142.8 | Collect Time: 2.7 min | Train RL Time: 0.0 min | Mean Rewards: -405.17 | Current Best: -397.26
save current best reward: -387.44
Agent Steps: 0003M | FPS: 18282.7 | Last FPS: 18226.4 | Collect Time: 2.8 min | Train RL Time: 0.0 min | Mean Rewards: -387.44 | Current Best: -387.44
[33m12:16:41 [rigid_object.py] WARNING: The function 'set_external_force_and_torque' will be deprecated in a future release. Please use 'permanent_wrench_composer.set_forces_and_torques' instead.[0m
Agent Steps: 0003M | FPS: 18277.4 | Last FPS: 17786.3 | Collect Time: 2.8 min | Train RL Time: 0.0 min | Mean Rewards: -395.99 | Current Best: -387.44
Agent Steps: 0003M | FPS: 18274.5 | Last FPS: 18005.2 | Collect Time: 2.8 min | Train RL Time: 0.0 min | Mean Rewards: -412.05 | Current Best: -387.44
Agent Steps: 0003M | FPS: 18273.8 | Last FPS: 18207.0 | Collect Time: 2.9 min | Train RL Time: 0.0 min | Mean Rewards: -401.08 | Current Best: -387.44
[33m12:16:46 [rigid_object.py] WARNING: The function 'set_external_force_and_torque' will be deprecated in a future release. Please use 'permanent_wrench_composer.set_forces_and_torques' instead.[0m
Agent Steps: 0003M | FPS: 18272.0 | Last FPS: 18099.4 | Collect Time: 2.9 min | Train RL Time: 0.0 min | Mean Rewards: -407.19 | Current Best: -387.44
Agent Steps: 0003M | FPS: 18271.5 | Last FPS: 18228.4 | Collect Time: 2.9 min | Train RL Time: 0.0 min | Mean Rewards: -399.03 | Current Best: -387.44
Agent Steps: 0003M | FPS: 18269.6 | Last FPS: 18077.8 | Collect Time: 3.0 min | Train RL Time: 0.0 min | Mean Rewards: -397.13 | Current Best: -387.44
[33m12:16:51 [rigid_object.py] WARNING: The function 'set_external_force_and_torque' will be deprecated in a future release. Please use 'permanent_wrench_composer.set_forces_and_torques' instead.[0m
[gravity schedule] step=800 target_z=0.0000 actual_z=0.0000
Agent Steps: 0003M | FPS: 18267.9 | Last FPS: 18100.8 | Collect Time: 3.0 min | Train RL Time: 0.0 min | Mean Rewards: -398.52 | Current Best: -387.44
Agent Steps: 0003M | FPS: 18263.9 | Last FPS: 17873.9 | Collect Time: 3.0 min | Train RL Time: 0.0 min | Mean Rewards: -391.32 | Current Best: -387.44
Agent Steps: 0003M | FPS: 18259.7 | Last FPS: 17834.8 | Collect Time: 3.0 min | Train RL Time: 0.0 min | Mean Rewards: -397.59 | Current Best: -387.44
[33m12:16:56 [rigid_object.py] WARNING: The function 'set_external_force_and_torque' will be deprecated in a future release. Please use 'permanent_wrench_composer.set_forces_and_torques' instead.[0m
Agent Steps: 0003M | FPS: 18258.5 | Last FPS: 18138.2 | Collect Time: 3.1 min | Train RL Time: 0.0 min | Mean Rewards: -395.40 | Current Best: -387.44
Agent Steps: 0003M | FPS: 18256.8 | Last FPS: 18079.5 | Collect Time: 3.1 min | Train RL Time: 0.0 min | Mean Rewards: -405.89 | Current Best: -387.44
[33m12:17:01 [rigid_object.py] WARNING: The function 'set_external_force_and_torque' will be deprecated in a future release. Please use 'permanent_wrench_composer.set_forces_and_torques' instead.[0m
Agent Steps: 0003M | FPS: 18251.4 | Last FPS: 17701.3 | Collect Time: 3.1 min | Train RL Time: 0.0 min | Mean Rewards: -392.80 | Current Best: -387.44
Agent Steps: 0003M | FPS: 18249.6 | Last FPS: 18062.2 | Collect Time: 3.2 min | Train RL Time: 0.0 min | Mean Rewards: -400.44 | Current Best: -387.44
Agent Steps: 0003M | FPS: 18247.1 | Last FPS: 17988.5 | Collect Time: 3.2 min | Train RL Time: 0.0 min | Mean Rewards: -410.31 | Current Best: -387.44
[33m12:17:06 [rigid_object.py] WARNING: The function 'set_external_force_and_torque' will be deprecated in a future release. Please use 'permanent_wrench_composer.set_forces_and_torques' instead.[0m
Agent Steps: 0003M | FPS: 18245.6 | Last FPS: 18078.7 | Collect Time: 3.2 min | Train RL Time: 0.0 min | Mean Rewards: -418.97 | Current Best: -387.44
Agent Steps: 0003M | FPS: 18243.0 | Last FPS: 17969.6 | Collect Time: 3.3 min | Train RL Time: 0.0 min | Mean Rewards: -400.75 | Current Best: -387.44
Agent Steps: 0003M | FPS: 18240.1 | Last FPS: 17918.9 | Collect Time: 3.3 min | Train RL Time: 0.0 min | Mean Rewards: -414.93 | Current Best: -387.44
[33m12:17:11 [rigid_object.py] WARNING: The function 'set_external_force_and_torque' will be deprecated in a future release. Please use 'permanent_wrench_composer.set_forces_and_torques' instead.[0m
Agent Steps: 0003M | FPS: 18239.1 | Last FPS: 18132.6 | Collect Time: 3.3 min | Train RL Time: 0.0 min | Mean Rewards: -410.87 | Current Best: -387.44
Agent Steps: 0003M | FPS: 18239.3 | Last FPS: 18267.5 | Collect Time: 3.3 min | Train RL Time: 0.0 min | Mean Rewards: -400.55 | Current Best: -387.44
Agent Steps: 0003M | FPS: 18238.2 | Last FPS: 18106.5 | Collect Time: 3.4 min | Train RL Time: 0.0 min | Mean Rewards: -420.39 | Current Best: -387.44
[33m12:17:16 [rigid_object.py] WARNING: The function 'set_external_force_and_torque' will be deprecated in a future release. Please use 'permanent_wrench_composer.set_forces_and_torques' instead.[0m
Agent Steps: 0003M | FPS: 18236.5 | Last FPS: 18046.9 | Collect Time: 3.4 min | Train RL Time: 0.0 min | Mean Rewards: -403.85 | Current Best: -387.44
Agent Steps: 0003M | FPS: 18235.1 | Last FPS: 18077.5 | Collect Time: 3.4 min | Train RL Time: 0.0 min | Mean Rewards: -428.44 | Current Best: -387.44
Agent Steps: 0003M | FPS: 18234.1 | Last FPS: 18117.8 | Collect Time: 3.5 min | Train RL Time: 0.0 min | Mean Rewards: -414.77 | Current Best: -387.44
[33m12:17:22 [rigid_object.py] WARNING: The function 'set_external_force_and_torque' will be deprecated in a future release. Please use 'permanent_wrench_composer.set_forces_and_torques' instead.[0m
Agent Steps: 0003M | FPS: 18230.4 | Last FPS: 17812.7 | Collect Time: 3.5 min | Train RL Time: 0.0 min | Mean Rewards: -414.49 | Current Best: -387.44
Agent Steps: 0003M | FPS: 18229.8 | Last FPS: 18158.6 | Collect Time: 3.5 min | Train RL Time: 0.0 min | Mean Rewards: -411.55 | Current Best: -387.44
[33m12:17:27 [rigid_object.py] WARNING: The function 'set_external_force_and_torque' will be deprecated in a future release. Please use 'permanent_wrench_composer.set_forces_and_torques' instead.[0m
Agent Steps: 0003M | FPS: 18227.6 | Last FPS: 17962.2 | Collect Time: 3.6 min | Train RL Time: 0.0 min | Mean Rewards: -391.59 | Current Best: -387.44
Agent Steps: 0003M | FPS: 18225.0 | Last FPS: 17922.7 | Collect Time: 3.6 min | Train RL Time: 0.0 min | Mean Rewards: -408.34 | Current Best: -387.44
Agent Steps: 0003M | FPS: 18222.3 | Last FPS: 17904.1 | Collect Time: 3.6 min | Train RL Time: 0.0 min | Mean Rewards: -402.26 | Current Best: -387.44
[33m12:17:32 [rigid_object.py] WARNING: The function 'set_external_force_and_torque' will be deprecated in a future release. Please use 'permanent_wrench_composer.set_forces_and_torques' instead.[0m
Agent Steps: 0004M | FPS: 18220.7 | Last FPS: 18025.5 | Collect Time: 3.6 min | Train RL Time: 0.0 min | Mean Rewards: -389.33 | Current Best: -387.44
Agent Steps: 0004M | FPS: 18217.3 | Last FPS: 17805.6 | Collect Time: 3.7 min | Train RL Time: 0.0 min | Mean Rewards: -414.92 | Current Best: -387.44
Agent Steps: 0004M | FPS: 18216.3 | Last FPS: 18092.4 | Collect Time: 3.7 min | Train RL Time: 0.0 min | Mean Rewards: -423.51 | Current Best: -387.44
[33m12:17:37 [rigid_object.py] WARNING: The function 'set_external_force_and_torque' will be deprecated in a future release. Please use 'permanent_wrench_composer.set_forces_and_torques' instead.[0m
[gravity schedule] step=1000 target_z=0.0000 actual_z=0.0000
Agent Steps: 0004M | FPS: 18214.4 | Last FPS: 17984.0 | Collect Time: 3.7 min | Train RL Time: 0.0 min | Mean Rewards: -418.82 | Current Best: -387.44
Agent Steps: 0004M | FPS: 18213.8 | Last FPS: 18132.6 | Collect Time: 3.8 min | Train RL Time: 0.0 min | Mean Rewards: -411.00 | Current Best: -387.44
Agent Steps: 0004M | FPS: 18213.9 | Last FPS: 18224.3 | Collect Time: 3.8 min | Train RL Time: 0.0 min | Mean Rewards: -422.02 | Current Best: -387.44
[33m12:17:42 [rigid_object.py] WARNING: The function 'set_external_force_and_torque' will be deprecated in a future release. Please use 'permanent_wrench_composer.set_forces_and_torques' instead.[0m
Agent Steps: 0004M | FPS: 18211.4 | Last FPS: 17901.4 | Collect Time: 3.8 min | Train RL Time: 0.0 min | Mean Rewards: -393.53 | Current Best: -387.44
Agent Steps: 0004M | FPS: 18208.5 | Last FPS: 17848.2 | Collect Time: 3.9 min | Train RL Time: 0.0 min | Mean Rewards: -396.05 | Current Best: -387.44
[33m12:17:47 [rigid_object.py] WARNING: The function 'set_external_force_and_torque' will be deprecated in a future release. Please use 'permanent_wrench_composer.set_forces_and_torques' instead.[0m
Agent Steps: 0004M | FPS: 18207.5 | Last FPS: 18075.9 | Collect Time: 3.9 min | Train RL Time: 0.0 min | Mean Rewards: -413.77 | Current Best: -387.44
Agent Steps: 0004M | FPS: 18206.3 | Last FPS: 18053.0 | Collect Time: 3.9 min | Train RL Time: 0.0 min | Mean Rewards: -400.69 | Current Best: -387.44
Agent Steps: 0004M | FPS: 18203.2 | Last FPS: 17798.9 | Collect Time: 4.0 min | Train RL Time: 0.0 min | Mean Rewards: -399.29 | Current Best: -387.44
[33m12:17:52 [rigid_object.py] WARNING: The function 'set_external_force_and_torque' will be deprecated in a future release. Please use 'permanent_wrench_composer.set_forces_and_torques' instead.[0m
Agent Steps: 0004M | FPS: 18203.3 | Last FPS: 18212.7 | Collect Time: 4.0 min | Train RL Time: 0.0 min | Mean Rewards: -400.25 | Current Best: -387.44
Agent Steps: 0004M | FPS: 18203.4 | Last FPS: 18221.3 | Collect Time: 4.0 min | Train RL Time: 0.0 min | Mean Rewards: -400.45 | Current Best: -387.44
Agent Steps: 0004M | FPS: 18203.1 | Last FPS: 18165.9 | Collect Time: 4.0 min | Train RL Time: 0.0 min | Mean Rewards: -411.62 | Current Best: -387.44
[33m12:17:57 [rigid_object.py] WARNING: The function 'set_external_force_and_torque' will be deprecated in a future release. Please use 'permanent_wrench_composer.set_forces_and_torques' instead.[0m
Agent Steps: 0004M | FPS: 18200.8 | Last FPS: 17886.4 | Collect Time: 4.1 min | Train RL Time: 0.0 min | Mean Rewards: -406.31 | Current Best: -387.44
Agent Steps: 0004M | FPS: 18199.7 | Last FPS: 18057.1 | Collect Time: 4.1 min | Train RL Time: 0.0 min | Mean Rewards: -401.74 | Current Best: -387.44
Agent Steps: 0004M | FPS: 18197.8 | Last FPS: 17930.6 | Collect Time: 4.1 min | Train RL Time: 0.0 min | Mean Rewards: -410.82 | Current Best: -387.44
[33m12:18:02 [rigid_object.py] WARNING: The function 'set_external_force_and_torque' will be deprecated in a future release. Please use 'permanent_wrench_composer.set_forces_and_torques' instead.[0m
Agent Steps: 0004M | FPS: 18197.7 | Last FPS: 18187.8 | Collect Time: 4.2 min | Train RL Time: 0.0 min | Mean Rewards: -389.33 | Current Best: -387.44
Agent Steps: 0004M | FPS: 18196.0 | Last FPS: 17961.9 | Collect Time: 4.2 min | Train RL Time: 0.0 min | Mean Rewards: -397.55 | Current Best: -387.44
Agent Steps: 0004M | FPS: 18194.3 | Last FPS: 17956.8 | Collect Time: 4.2 min | Train RL Time: 0.0 min | Mean Rewards: -397.62 | Current Best: -387.44
[33m12:18:07 [rigid_object.py] WARNING: The function 'set_external_force_and_torque' will be deprecated in a future release. Please use 'permanent_wrench_composer.set_forces_and_torques' instead.[0m
Agent Steps: 0004M | FPS: 18192.6 | Last FPS: 17951.0 | Collect Time: 4.3 min | Train RL Time: 0.0 min | Mean Rewards: -419.30 | Current Best: -387.44
Agent Steps: 0004M | FPS: 18190.8 | Last FPS: 17936.6 | Collect Time: 4.3 min | Train RL Time: 0.0 min | Mean Rewards: -423.43 | Current Best: -387.44
[33m12:18:12 [rigid_object.py] WARNING: The function 'set_external_force_and_torque' will be deprecated in a future release. Please use 'permanent_wrench_composer.set_forces_and_torques' instead.[0m
Agent Steps: 0004M | FPS: 18187.8 | Last FPS: 17767.6 | Collect Time: 4.3 min | Train RL Time: 0.0 min | Mean Rewards: -414.85 | Current Best: -387.44
Agent Steps: 0004M | FPS: 18185.1 | Last FPS: 17807.9 | Collect Time: 4.3 min | Train RL Time: 0.0 min | Mean Rewards: -405.46 | Current Best: -387.44
Agent Steps: 0004M | FPS: 18184.8 | Last FPS: 18142.5 | Collect Time: 4.4 min | Train RL Time: 0.0 min | Mean Rewards: -420.48 | Current Best: -387.44
[33m12:18:17 [rigid_object.py] WARNING: The function 'set_external_force_and_torque' will be deprecated in a future release. Please use 'permanent_wrench_composer.set_forces_and_torques' instead.[0m
Agent Steps: 0004M | FPS: 18184.1 | Last FPS: 18075.5 | Collect Time: 4.4 min | Train RL Time: 0.0 min | Mean Rewards: -420.69 | Current Best: -387.44
Agent Steps: 0004M | FPS: 18182.9 | Last FPS: 18006.4 | Collect Time: 4.4 min | Train RL Time: 0.0 min | Mean Rewards: -397.37 | Current Best: -387.44
Agent Steps: 0004M | FPS: 18180.5 | Last FPS: 17827.6 | Collect Time: 4.5 min | Train RL Time: 0.0 min | Mean Rewards: -413.09 | Current Best: -387.44
[33m12:18:22 [rigid_object.py] WARNING: The function 'set_external_force_and_torque' will be deprecated in a future release. Please use 'permanent_wrench_composer.set_forces_and_torques' instead.[0m
[gravity schedule] step=1200 target_z=0.0000 actual_z=0.0000
Agent Steps: 0004M | FPS: 18177.1 | Last FPS: 17691.4 | Collect Time: 4.5 min | Train RL Time: 0.0 min | Mean Rewards: -409.53 | Current Best: -387.44
Agent Steps: 0004M | FPS: 18176.2 | Last FPS: 18039.7 | Collect Time: 4.5 min | Train RL Time: 0.0 min | Mean Rewards: -414.99 | Current Best: -387.44
Agent Steps: 0005M | FPS: 18173.0 | Last FPS: 17688.5 | Collect Time: 4.6 min | Train RL Time: 0.0 min | Mean Rewards: -411.70 | Current Best: -387.44
[33m12:18:27 [rigid_object.py] WARNING: The function 'set_external_force_and_torque' will be deprecated in a future release. Please use 'permanent_wrench_composer.set_forces_and_torques' instead.[0m
Agent Steps: 0005M | FPS: 18171.7 | Last FPS: 17983.6 | Collect Time: 4.6 min | Train RL Time: 0.0 min | Mean Rewards: -419.33 | Current Best: -387.44
Agent Steps: 0005M | FPS: 18172.2 | Last FPS: 18254.6 | Collect Time: 4.6 min | Train RL Time: 0.0 min | Mean Rewards: -432.56 | Current Best: -387.44
[33m12:18:32 [rigid_object.py] WARNING: The function 'set_external_force_and_torque' will be deprecated in a future release. Please use 'permanent_wrench_composer.set_forces_and_torques' instead.[0m
Agent Steps: 0005M | FPS: 18172.0 | Last FPS: 18130.8 | Collect Time: 4.6 min | Train RL Time: 0.0 min | Mean Rewards: -432.12 | Current Best: -387.44
Agent Steps: 0005M | FPS: 18172.7 | Last FPS: 18285.5 | Collect Time: 4.7 min | Train RL Time: 0.0 min | Mean Rewards: -425.17 | Current Best: -387.44
Agent Steps: 0005M | FPS: 18172.4 | Last FPS: 18119.0 | Collect Time: 4.7 min | Train RL Time: 0.0 min | Mean Rewards: -417.85 | Current Best: -387.44
[33m12:18:37 [rigid_object.py] WARNING: The function 'set_external_force_and_torque' will be deprecated in a future release. Please use 'permanent_wrench_composer.set_forces_and_torques' instead.[0m
Agent Steps: 0005M | FPS: 18171.8 | Last FPS: 18091.9 | Collect Time: 4.7 min | Train RL Time: 0.0 min | Mean Rewards: -417.13 | Current Best: -387.44
Agent Steps: 0005M | FPS: 18172.7 | Last FPS: 18311.1 | Collect Time: 4.8 min | Train RL Time: 0.0 min | Mean Rewards: -412.85 | Current Best: -387.44
Agent Steps: 0005M | FPS: 18169.4 | Last FPS: 17661.4 | Collect Time: 4.8 min | Train RL Time: 0.0 min | Mean Rewards: -412.19 | Current Best: -387.44
[33m12:18:43 [rigid_object.py] WARNING: The function 'set_external_force_and_torque' will be deprecated in a future release. Please use 'permanent_wrench_composer.set_forces_and_torques' instead.[0m
Agent Steps: 0005M | FPS: 18167.7 | Last FPS: 17896.5 | Collect Time: 4.8 min | Train RL Time: 0.0 min | Mean Rewards: -419.28 | Current Best: -387.44
Agent Steps: 0005M | FPS: 18166.3 | Last FPS: 17929.4 | Collect Time: 4.9 min | Train RL Time: 0.0 min | Mean Rewards: -408.54 | Current Best: -387.44
Agent Steps: 0005M | FPS: 18166.9 | Last FPS: 18269.2 | Collect Time: 4.9 min | Train RL Time: 0.0 min | Mean Rewards: -421.95 | Current Best: -387.44
[33m12:18:48 [rigid_object.py] WARNING: The function 'set_external_force_and_torque' will be deprecated in a future release. Please use 'permanent_wrench_composer.set_forces_and_torques' instead.[0m
Agent Steps: 0005M | FPS: 18167.5 | Last FPS: 18265.0 | Collect Time: 4.9 min | Train RL Time: 0.0 min | Mean Rewards: -420.23 | Current Best: -387.44
Agent Steps: 0005M | FPS: 18167.3 | Last FPS: 18142.1 | Collect Time: 4.9 min | Train RL Time: 0.0 min | Mean Rewards: -410.60 | Current Best: -387.44
Agent Steps: 0005M | FPS: 18167.4 | Last FPS: 18187.7 | Collect Time: 5.0 min | Train RL Time: 0.0 min | Mean Rewards: -400.45 | Current Best: -387.44
[33m12:18:53 [rigid_object.py] WARNING: The function 'set_external_force_and_torque' will be deprecated in a future release. Please use 'permanent_wrench_composer.set_forces_and_torques' instead.[0m
Agent Steps: 0005M | FPS: 18167.0 | Last FPS: 18092.7 | Collect Time: 5.0 min | Train RL Time: 0.0 min | Mean Rewards: -398.74 | Current Best: -387.44
Agent Steps: 0005M | FPS: 18166.1 | Last FPS: 18016.1 | Collect Time: 5.0 min | Train RL Time: 0.0 min | Mean Rewards: -400.76 | Current Best: -387.44
Agent Steps: 0005M | FPS: 18165.2 | Last FPS: 18022.4 | Collect Time: 5.1 min | Train RL Time: 0.0 min | Mean Rewards: -400.22 | Current Best: -387.44
[33m12:18:58 [rigid_object.py] WARNING: The function 'set_external_force_and_torque' will be deprecated in a future release. Please use 'permanent_wrench_composer.set_forces_and_torques' instead.[0m
Agent Steps: 0005M | FPS: 18164.5 | Last FPS: 18047.9 | Collect Time: 5.1 min | Train RL Time: 0.0 min | Mean Rewards: -393.06 | Current Best: -387.44
Agent Steps: 0005M | FPS: 18163.8 | Last FPS: 18041.3 | Collect Time: 5.1 min | Train RL Time: 0.0 min | Mean Rewards: -406.50 | Current Best: -387.44
Agent Steps: 0005M | FPS: 18165.1 | Last FPS: 18390.7 | Collect Time: 5.2 min | Train RL Time: 0.0 min | Mean Rewards: -408.03 | Current Best: -387.44
[33m12:19:03 [rigid_object.py] WARNING: The function 'set_external_force_and_torque' will be deprecated in a future release. Please use 'permanent_wrench_composer.set_forces_and_torques' instead.[0m
Agent Steps: 0005M | FPS: 18163.2 | Last FPS: 17840.1 | Collect Time: 5.2 min | Train RL Time: 0.0 min | Mean Rewards: -400.28 | Current Best: -387.44
Agent Steps: 0005M | FPS: 18163.4 | Last FPS: 18188.2 | Collect Time: 5.2 min | Train RL Time: 0.0 min | Mean Rewards: -397.12 | Current Best: -387.44
[33m12:19:08 [rigid_object.py] WARNING: The function 'set_external_force_and_torque' will be deprecated in a future release. Please use 'permanent_wrench_composer.set_forces_and_torques' instead.[0m
[gravity schedule] step=1400 target_z=0.0000 actual_z=0.0000
Agent Steps: 0005M | FPS: 18162.5 | Last FPS: 18013.0 | Collect Time: 5.2 min | Train RL Time: 0.0 min | Mean Rewards: -403.29 | Current Best: -387.44
Agent Steps: 0005M | FPS: 18160.6 | Last FPS: 17826.3 | Collect Time: 5.3 min | Train RL Time: 0.0 min | Mean Rewards: -409.90 | Current Best: -387.44
Agent Steps: 0005M | FPS: 18159.6 | Last FPS: 17995.1 | Collect Time: 5.3 min | Train RL Time: 0.0 min | Mean Rewards: -399.08 | Current Best: -387.44
[33m12:19:13 [rigid_object.py] WARNING: The function 'set_external_force_and_torque' will be deprecated in a future release. Please use 'permanent_wrench_composer.set_forces_and_torques' instead.[0m
Agent Steps: 0005M | FPS: 18159.9 | Last FPS: 18215.5 | Collect Time: 5.3 min | Train RL Time: 0.0 min | Mean Rewards: -412.58 | Current Best: -387.44
Agent Steps: 0005M | FPS: 18161.0 | Last FPS: 18354.9 | Collect Time: 5.4 min | Train RL Time: 0.0 min | Mean Rewards: -411.33 | Current Best: -387.44
Agent Steps: 0005M | FPS: 18160.5 | Last FPS: 18067.7 | Collect Time: 5.4 min | Train RL Time: 0.0 min | Mean Rewards: -413.13 | Current Best: -387.44
[33m12:19:19 [rigid_object.py] WARNING: The function 'set_external_force_and_torque' will be deprecated in a future release. Please use 'permanent_wrench_composer.set_forces_and_torques' instead.[0m
Agent Steps: 0005M | FPS: 18159.9 | Last FPS: 18044.6 | Collect Time: 5.4 min | Train RL Time: 0.0 min | Mean Rewards: -396.55 | Current Best: -387.44
Agent Steps: 0005M | FPS: 18158.6 | Last FPS: 17925.9 | Collect Time: 5.5 min | Train RL Time: 0.0 min | Mean Rewards: -417.26 | Current Best: -387.44
Agent Steps: 0006M | FPS: 18159.1 | Last FPS: 18259.1 | Collect Time: 5.5 min | Train RL Time: 0.0 min | Mean Rewards: -402.96 | Current Best: -387.44
[33m12:19:24 [rigid_object.py] WARNING: The function 'set_external_force_and_torque' will be deprecated in a future release. Please use 'permanent_wrench_composer.set_forces_and_torques' instead.[0m
Agent Steps: 0006M | FPS: 18160.2 | Last FPS: 18370.5 | Collect Time: 5.5 min | Train RL Time: 0.0 min | Mean Rewards: -405.55 | Current Best: -387.44
Agent Steps: 0006M | FPS: 18159.7 | Last FPS: 18054.2 | Collect Time: 5.5 min | Train RL Time: 0.0 min | Mean Rewards: -402.12 | Current Best: -387.44
Agent Steps: 0006M | FPS: 18158.9 | Last FPS: 18027.2 | Collect Time: 5.6 min | Train RL Time: 0.0 min | Mean Rewards: -409.41 | Current Best: -387.44
[33m12:19:29 [rigid_object.py] WARNING: The function 'set_external_force_and_torque' will be deprecated in a future release. Please use 'permanent_wrench_composer.set_forces_and_torques' instead.[0m
Agent Steps: 0006M | FPS: 18158.6 | Last FPS: 18102.1 | Collect Time: 5.6 min | Train RL Time: 0.0 min | Mean Rewards: -398.82 | Current Best: -387.44
Agent Steps: 0006M | FPS: 18157.8 | Last FPS: 18002.9 | Collect Time: 5.6 min | Train RL Time: 0.0 min | Mean Rewards: -408.31 | Current Best: -387.44
Agent Steps: 0006M | FPS: 18158.4 | Last FPS: 18262.9 | Collect Time: 5.7 min | Train RL Time: 0.0 min | Mean Rewards: -396.28 | Current Best: -387.44
[33m12:19:34 [rigid_object.py] WARNING: The function 'set_external_force_and_torque' will be deprecated in a future release. Please use 'permanent_wrench_composer.set_forces_and_torques' instead.[0m
Agent Steps: 0006M | FPS: 18158.0 | Last FPS: 18087.1 | Collect Time: 5.7 min | Train RL Time: 0.0 min | Mean Rewards: -403.21 | Current Best: -387.44
Agent Steps: 0006M | FPS: 18156.4 | Last FPS: 17852.1 | Collect Time: 5.7 min | Train RL Time: 0.0 min | Mean Rewards: -402.40 | Current Best: -387.44
[33m12:19:39 [rigid_object.py] WARNING: The function 'set_external_force_and_torque' will be deprecated in a future release. Please use 'permanent_wrench_composer.set_forces_and_torques' instead.[0m
Agent Steps: 0006M | FPS: 18156.7 | Last FPS: 18212.3 | Collect Time: 5.7 min | Train RL Time: 0.0 min | Mean Rewards: -407.79 | Current Best: -387.44
Agent Steps: 0006M | FPS: 18157.5 | Last FPS: 18328.1 | Collect Time: 5.8 min | Train RL Time: 0.0 min | Mean Rewards: -415.45 | Current Best: -387.44
Agent Steps: 0006M | FPS: 18158.6 | Last FPS: 18367.3 | Collect Time: 5.8 min | Train RL Time: 0.0 min | Mean Rewards: -407.27 | Current Best: -387.44
[33m12:19:45 [rigid_object.py] WARNING: The function 'set_external_force_and_torque' will be deprecated in a future release. Please use 'permanent_wrench_composer.set_forces_and_torques' instead.[0m
Agent Steps: 0006M | FPS: 18157.3 | Last FPS: 17915.3 | Collect Time: 5.8 min | Train RL Time: 0.0 min | Mean Rewards: -409.16 | Current Best: -387.44
Agent Steps: 0006M | FPS: 18157.0 | Last FPS: 18101.4 | Collect Time: 5.9 min | Train RL Time: 0.0 min | Mean Rewards: -415.76 | Current Best: -387.44
Agent Steps: 0006M | FPS: 18158.0 | Last FPS: 18356.7 | Collect Time: 5.9 min | Train RL Time: 0.0 min | Mean Rewards: -406.06 | Current Best: -387.44
[33m12:19:50 [rigid_object.py] WARNING: The function 'set_external_force_and_torque' will be deprecated in a future release. Please use 'permanent_wrench_composer.set_forces_and_torques' instead.[0m
Agent Steps: 0006M | FPS: 18158.4 | Last FPS: 18227.2 | Collect Time: 5.9 min | Train RL Time: 0.0 min | Mean Rewards: -411.50 | Current Best: -387.44
Agent Steps: 0006M | FPS: 18157.9 | Last FPS: 18063.0 | Collect Time: 6.0 min | Train RL Time: 0.0 min | Mean Rewards: -397.16 | Current Best: -387.44
[gravity schedule] step=1600 target_z=0.0000 actual_z=0.0000
Agent Steps: 0006M | FPS: 18158.1 | Last FPS: 18187.9 | Collect Time: 6.0 min | Train RL Time: 0.0 min | Mean Rewards: -398.77 | Current Best: -387.44
[33m12:19:55 [rigid_object.py] WARNING: The function 'set_external_force_and_torque' will be deprecated in a future release. Please use 'permanent_wrench_composer.set_forces_and_torques' instead.[0m
Agent Steps: 0006M | FPS: 18157.5 | Last FPS: 18043.2 | Collect Time: 6.0 min | Train RL Time: 0.0 min | Mean Rewards: -410.67 | Current Best: -387.44
Agent Steps: 0006M | FPS: 18158.1 | Last FPS: 18272.1 | Collect Time: 6.0 min | Train RL Time: 0.0 min | Mean Rewards: -418.99 | Current Best: -387.44
Agent Steps: 0006M | FPS: 18159.1 | Last FPS: 18371.0 | Collect Time: 6.1 min | Train RL Time: 0.0 min | Mean Rewards: -392.06 | Current Best: -387.44
[33m12:20:00 [rigid_object.py] WARNING: The function 'set_external_force_and_torque' will be deprecated in a future release. Please use 'permanent_wrench_composer.set_forces_and_torques' instead.[0m
Agent Steps: 0006M | FPS: 18160.2 | Last FPS: 18395.5 | Collect Time: 6.1 min | Train RL Time: 0.0 min | Mean Rewards: -390.60 | Current Best: -387.44
Agent Steps: 0006M | FPS: 18159.5 | Last FPS: 18006.3 | Collect Time: 6.1 min | Train RL Time: 0.0 min | Mean Rewards: -392.51 | Current Best: -387.44
Agent Steps: 0006M | FPS: 18159.9 | Last FPS: 18252.5 | Collect Time: 6.2 min | Train RL Time: 0.0 min | Mean Rewards: -411.66 | Current Best: -387.44
[33m12:20:05 [rigid_object.py] WARNING: The function 'set_external_force_and_torque' will be deprecated in a future release. Please use 'permanent_wrench_composer.set_forces_and_torques' instead.[0m
Agent Steps: 0006M | FPS: 18162.0 | Last FPS: 18607.4 | Collect Time: 6.2 min | Train RL Time: 0.0 min | Mean Rewards: -394.08 | Current Best: -387.44
Agent Steps: 0006M | FPS: 18163.0 | Last FPS: 18380.0 | Collect Time: 6.2 min | Train RL Time: 0.1 min | Mean Rewards: -404.98 | Current Best: -387.44
Agent Steps: 0006M | FPS: 18164.2 | Last FPS: 18414.6 | Collect Time: 6.3 min | Train RL Time: 0.1 min | Mean Rewards: -403.39 | Current Best: -387.44
[33m12:20:10 [rigid_object.py] WARNING: The function 'set_external_force_and_torque' will be deprecated in a future release. Please use 'permanent_wrench_composer.set_forces_and_torques' instead.[0m
Agent Steps: 0006M | FPS: 18164.3 | Last FPS: 18187.0 | Collect Time: 6.3 min | Train RL Time: 0.1 min | Mean Rewards: -399.97 | Current Best: -387.44
Agent Steps: 0006M | FPS: 18164.8 | Last FPS: 18258.6 | Collect Time: 6.3 min | Train RL Time: 0.1 min | Mean Rewards: -397.44 | Current Best: -387.44
Agent Steps: 0006M | FPS: 18164.6 | Last FPS: 18123.8 | Collect Time: 6.3 min | Train RL Time: 0.1 min | Mean Rewards: -401.67 | Current Best: -387.44
[33m12:20:16 [rigid_object.py] WARNING: The function 'set_external_force_and_torque' will be deprecated in a future release. Please use 'permanent_wrench_composer.set_forces_and_torques' instead.[0m
Agent Steps: 0007M | FPS: 18164.4 | Last FPS: 18120.1 | Collect Time: 6.4 min | Train RL Time: 0.1 min | Mean Rewards: -409.37 | Current Best: -387.44
Agent Steps: 0007M | FPS: 18164.5 | Last FPS: 18183.5 | Collect Time: 6.4 min | Train RL Time: 0.1 min | Mean Rewards: -390.42 | Current Best: -387.44
[33m12:20:21 [rigid_object.py] WARNING: The function 'set_external_force_and_torque' will be deprecated in a future release. Please use 'permanent_wrench_composer.set_forces_and_torques' instead.[0m
save current best reward: -387.36
Agent Steps: 0007M | FPS: 18164.8 | Last FPS: 18245.1 | Collect Time: 6.4 min | Train RL Time: 0.1 min | Mean Rewards: -387.36 | Current Best: -387.36
Agent Steps: 0007M | FPS: 18163.9 | Last FPS: 17960.4 | Collect Time: 6.5 min | Train RL Time: 0.1 min | Mean Rewards: -395.22 | Current Best: -387.36
Agent Steps: 0007M | FPS: 18164.1 | Last FPS: 18200.6 | Collect Time: 6.5 min | Train RL Time: 0.1 min | Mean Rewards: -391.35 | Current Best: -387.36
[33m12:20:26 [rigid_object.py] WARNING: The function 'set_external_force_and_torque' will be deprecated in a future release. Please use 'permanent_wrench_composer.set_forces_and_torques' instead.[0m
Agent Steps: 0007M | FPS: 18164.8 | Last FPS: 18336.6 | Collect Time: 6.5 min | Train RL Time: 0.1 min | Mean Rewards: -403.53 | Current Best: -387.36
save current best reward: -382.12
Agent Steps: 0007M | FPS: 18164.5 | Last FPS: 18081.2 | Collect Time: 6.6 min | Train RL Time: 0.1 min | Mean Rewards: -382.12 | Current Best: -382.12
Agent Steps: 0007M | FPS: 18165.5 | Last FPS: 18406.5 | Collect Time: 6.6 min | Train RL Time: 0.1 min | Mean Rewards: -390.15 | Current Best: -382.12
[33m12:20:31 [rigid_object.py] WARNING: The function 'set_external_force_and_torque' will be deprecated in a future release. Please use 'permanent_wrench_composer.set_forces_and_torques' instead.[0m
Agent Steps: 0007M | FPS: 18165.4 | Last FPS: 18143.4 | Collect Time: 6.6 min | Train RL Time: 0.1 min | Mean Rewards: -389.20 | Current Best: -382.12
save current best reward: -379.44
Agent Steps: 0007M | FPS: 18166.1 | Last FPS: 18310.3 | Collect Time: 6.6 min | Train RL Time: 0.1 min | Mean Rewards: -379.44 | Current Best: -379.44
Agent Steps: 0007M | FPS: 18165.6 | Last FPS: 18055.0 | Collect Time: 6.7 min | Train RL Time: 0.1 min | Mean Rewards: -398.04 | Current Best: -379.44
[33m12:20:36 [rigid_object.py] WARNING: The function 'set_external_force_and_torque' will be deprecated in a future release. Please use 'permanent_wrench_composer.set_forces_and_torques' instead.[0m
Agent Steps: 0007M | FPS: 18165.8 | Last FPS: 18215.9 | Collect Time: 6.7 min | Train RL Time: 0.1 min | Mean Rewards: -393.93 | Current Best: -379.44
[gravity schedule] step=1800 target_z=0.0000 actual_z=0.0000
Agent Steps: 0007M | FPS: 18165.5 | Last FPS: 18093.0 | Collect Time: 6.7 min | Train RL Time: 0.1 min | Mean Rewards: -392.65 | Current Best: -379.44
Agent Steps: 0007M | FPS: 18165.3 | Last FPS: 18132.8 | Collect Time: 6.8 min | Train RL Time: 0.1 min | Mean Rewards: -421.48 | Current Best: -379.44
[33m12:20:41 [rigid_object.py] WARNING: The function 'set_external_force_and_torque' will be deprecated in a future release. Please use 'permanent_wrench_composer.set_forces_and_torques' instead.[0m
Agent Steps: 0007M | FPS: 18164.8 | Last FPS: 18042.7 | Collect Time: 6.8 min | Train RL Time: 0.1 min | Mean Rewards: -406.91 | Current Best: -379.44
Agent Steps: 0007M | FPS: 18166.0 | Last FPS: 18439.4 | Collect Time: 6.8 min | Train RL Time: 0.1 min | Mean Rewards: -402.31 | Current Best: -379.44
Agent Steps: 0007M | FPS: 18166.8 | Last FPS: 18347.6 | Collect Time: 6.8 min | Train RL Time: 0.1 min | Mean Rewards: -394.22 | Current Best: -379.44
[33m12:20:47 [rigid_object.py] WARNING: The function 'set_external_force_and_torque' will be deprecated in a future release. Please use 'permanent_wrench_composer.set_forces_and_torques' instead.[0m
Agent Steps: 0007M | FPS: 18167.3 | Last FPS: 18282.5 | Collect Time: 6.9 min | Train RL Time: 0.1 min | Mean Rewards: -402.57 | Current Best: -379.44
Agent Steps: 0007M | FPS: 18166.4 | Last FPS: 17960.9 | Collect Time: 6.9 min | Train RL Time: 0.1 min | Mean Rewards: -411.58 | Current Best: -379.44
Agent Steps: 0007M | FPS: 18167.3 | Last FPS: 18391.5 | Collect Time: 6.9 min | Train RL Time: 0.1 min | Mean Rewards: -396.30 | Current Best: -379.44
[33m12:20:52 [rigid_object.py] WARNING: The function 'set_external_force_and_torque' will be deprecated in a future release. Please use 'permanent_wrench_composer.set_forces_and_torques' instead.[0m
Agent Steps: 0007M | FPS: 18167.4 | Last FPS: 18188.0 | Collect Time: 7.0 min | Train RL Time: 0.1 min | Mean Rewards: -406.88 | Current Best: -379.44
Agent Steps: 0007M | FPS: 18166.8 | Last FPS: 18033.8 | Collect Time: 7.0 min | Train RL Time: 0.1 min | Mean Rewards: -410.20 | Current Best: -379.44
Agent Steps: 0007M | FPS: 18166.4 | Last FPS: 18063.2 | Collect Time: 7.0 min | Train RL Time: 0.1 min | Mean Rewards: -412.00 | Current Best: -379.44
[33m12:20:57 [rigid_object.py] WARNING: The function 'set_external_force_and_torque' will be deprecated in a future release. Please use 'permanent_wrench_composer.set_forces_and_torques' instead.[0m
Agent Steps: 0007M | FPS: 18166.2 | Last FPS: 18124.2 | Collect Time: 7.1 min | Train RL Time: 0.1 min | Mean Rewards: -408.40 | Current Best: -379.44
Agent Steps: 0007M | FPS: 18164.8 | Last FPS: 17849.8 | Collect Time: 7.1 min | Train RL Time: 0.1 min | Mean Rewards: -399.98 | Current Best: -379.44
[33m12:21:02 [rigid_object.py] WARNING: The function 'set_external_force_and_torque' will be deprecated in a future release. Please use 'permanent_wrench_composer.set_forces_and_torques' instead.[0m
Agent Steps: 0007M | FPS: 18165.1 | Last FPS: 18213.7 | Collect Time: 7.1 min | Train RL Time: 0.1 min | Mean Rewards: -382.06 | Current Best: -379.44
Agent Steps: 0007M | FPS: 18164.7 | Last FPS: 18087.8 | Collect Time: 7.1 min | Train RL Time: 0.1 min | Mean Rewards: -384.29 | Current Best: -379.44
Agent Steps: 0007M | FPS: 18165.0 | Last FPS: 18219.3 | Collect Time: 7.2 min | Train RL Time: 0.1 min | Mean Rewards: -393.33 | Current Best: -379.44
[33m12:21:07 [rigid_object.py] WARNING: The function 'set_external_force_and_torque' will be deprecated in a future release. Please use 'permanent_wrench_composer.set_forces_and_torques' instead.[0m
Agent Steps: 0007M | FPS: 18165.5 | Last FPS: 18294.3 | Collect Time: 7.2 min | Train RL Time: 0.1 min | Mean Rewards: -392.93 | Current Best: -379.44
Agent Steps: 0007M | FPS: 18164.4 | Last FPS: 17916.9 | Collect Time: 7.2 min | Train RL Time: 0.1 min | Mean Rewards: -398.24 | Current Best: -379.44
Agent Steps: 0007M | FPS: 18163.4 | Last FPS: 17905.1 | Collect Time: 7.3 min | Train RL Time: 0.1 min | Mean Rewards: -395.32 | Current Best: -379.44
[33m12:21:12 [rigid_object.py] WARNING: The function 'set_external_force_and_torque' will be deprecated in a future release. Please use 'permanent_wrench_composer.set_forces_and_torques' instead.[0m
Agent Steps: 0008M | FPS: 18163.4 | Last FPS: 18171.5 | Collect Time: 7.3 min | Train RL Time: 0.1 min | Mean Rewards: -398.07 | Current Best: -379.44
Agent Steps: 0008M | FPS: 18164.8 | Last FPS: 18513.0 | Collect Time: 7.3 min | Train RL Time: 0.1 min | Mean Rewards: -397.72 | Current Best: -379.44
Agent Steps: 0008M | FPS: 18164.5 | Last FPS: 18101.4 | Collect Time: 7.4 min | Train RL Time: 0.1 min | Mean Rewards: -414.28 | Current Best: -379.44
[33m12:21:18 [rigid_object.py] WARNING: The function 'set_external_force_and_torque' will be deprecated in a future release. Please use 'permanent_wrench_composer.set_forces_and_torques' instead.[0m
Agent Steps: 0008M | FPS: 18164.0 | Last FPS: 18023.1 | Collect Time: 7.4 min | Train RL Time: 0.1 min | Mean Rewards: -416.14 | Current Best: -379.44
Agent Steps: 0008M | FPS: 18164.7 | Last FPS: 18357.5 | Collect Time: 7.4 min | Train RL Time: 0.1 min | Mean Rewards: -399.55 | Current Best: -379.44
Agent Steps: 0008M | FPS: 18163.9 | Last FPS: 17964.7 | Collect Time: 7.4 min | Train RL Time: 0.1 min | Mean Rewards: -400.20 | Current Best: -379.44
[33m12:21:23 [rigid_object.py] WARNING: The function 'set_external_force_and_torque' will be deprecated in a future release. Please use 'permanent_wrench_composer.set_forces_and_torques' instead.[0m
[gravity schedule] step=2000 target_z=0.0000 actual_z=0.0000
Agent Steps: 0008M | FPS: 18164.0 | Last FPS: 18182.0 | Collect Time: 7.5 min | Train RL Time: 0.1 min | Mean Rewards: -406.37 | Current Best: -379.44
Agent Steps: 0008M | FPS: 18164.3 | Last FPS: 18234.4 | Collect Time: 7.5 min | Train RL Time: 0.1 min | Mean Rewards: -391.72 | Current Best: -379.44
Agent Steps: 0008M | FPS: 18163.7 | Last FPS: 18008.9 | Collect Time: 7.5 min | Train RL Time: 0.1 min | Mean Rewards: -391.24 | Current Best: -379.44
[33m12:21:28 [rigid_object.py] WARNING: The function 'set_external_force_and_torque' will be deprecated in a future release. Please use 'permanent_wrench_composer.set_forces_and_torques' instead.[0m
Agent Steps: 0008M | FPS: 18163.4 | Last FPS: 18091.9 | Collect Time: 7.6 min | Train RL Time: 0.1 min | Mean Rewards: -404.82 | Current Best: -379.44
Agent Steps: 0008M | FPS: 18164.6 | Last FPS: 18474.6 | Collect Time: 7.6 min | Train RL Time: 0.1 min | Mean Rewards: -400.85 | Current Best: -379.44
Agent Steps: 0008M | FPS: 18164.7 | Last FPS: 18203.4 | Collect Time: 7.6 min | Train RL Time: 0.1 min | Mean Rewards: -393.49 | Current Best: -379.44
[33m12:21:33 [rigid_object.py] WARNING: The function 'set_external_force_and_torque' will be deprecated in a future release. Please use 'permanent_wrench_composer.set_forces_and_torques' instead.[0m
Agent Steps: 0008M | FPS: 18165.9 | Last FPS: 18466.1 | Collect Time: 7.7 min | Train RL Time: 0.1 min | Mean Rewards: -405.12 | Current Best: -379.44
Agent Steps: 0008M | FPS: 18166.1 | Last FPS: 18228.3 | Collect Time: 7.7 min | Train RL Time: 0.1 min | Mean Rewards: -393.35 | Current Best: -379.44
[33m12:21:38 [rigid_object.py] WARNING: The function 'set_external_force_and_torque' will be deprecated in a future release. Please use 'permanent_wrench_composer.set_forces_and_torques' instead.[0m
Agent Steps: 0008M | FPS: 18166.3 | Last FPS: 18223.1 | Collect Time: 7.7 min | Train RL Time: 0.1 min | Mean Rewards: -383.00 | Current Best: -379.44
Agent Steps: 0008M | FPS: 18167.4 | Last FPS: 18439.0 | Collect Time: 7.7 min | Train RL Time: 0.1 min | Mean Rewards: -408.43 | Current Best: -379.44
Agent Steps: 0008M | FPS: 18167.5 | Last FPS: 18205.7 | Collect Time: 7.8 min | Train RL Time: 0.1 min | Mean Rewards: -392.43 | Current Best: -379.44
[33m12:21:43 [rigid_object.py] WARNING: The function 'set_external_force_and_torque' will be deprecated in a future release. Please use 'permanent_wrench_composer.set_forces_and_torques' instead.[0m
Agent Steps: 0008M | FPS: 18167.8 | Last FPS: 18232.4 | Collect Time: 7.8 min | Train RL Time: 0.1 min | Mean Rewards: -396.26 | Current Best: -379.44
Agent Steps: 0008M | FPS: 18167.2 | Last FPS: 18025.6 | Collect Time: 7.8 min | Train RL Time: 0.1 min | Mean Rewards: -408.49 | Current Best: -379.44
Agent Steps: 0008M | FPS: 18167.4 | Last FPS: 18213.9 | Collect Time: 7.9 min | Train RL Time: 0.1 min | Mean Rewards: -399.44 | Current Best: -379.44
[33m12:21:49 [rigid_object.py] WARNING: The function 'set_external_force_and_torque' will be deprecated in a future release. Please use 'permanent_wrench_composer.set_forces_and_torques' instead.[0m
Agent Steps: 0008M | FPS: 18167.5 | Last FPS: 18202.0 | Collect Time: 7.9 min | Train RL Time: 0.1 min | Mean Rewards: -400.43 | Current Best: -379.44
save current best reward: -376.52
Agent Steps: 0008M | FPS: 18167.7 | Last FPS: 18212.3 | Collect Time: 7.9 min | Train RL Time: 0.1 min | Mean Rewards: -376.52 | Current Best: -376.52
Agent Steps: 0008M | FPS: 18167.6 | Last FPS: 18143.3 | Collect Time: 7.9 min | Train RL Time: 0.1 min | Mean Rewards: -388.44 | Current Best: -376.52
[33m12:21:54 [rigid_object.py] WARNING: The function 'set_external_force_and_torque' will be deprecated in a future release. Please use 'permanent_wrench_composer.set_forces_and_torques' instead.[0m
Agent Steps: 0008M | FPS: 18168.8 | Last FPS: 18501.2 | Collect Time: 8.0 min | Train RL Time: 0.1 min | Mean Rewards: -393.78 | Current Best: -376.52
Agent Steps: 0008M | FPS: 18169.5 | Last FPS: 18360.2 | Collect Time: 8.0 min | Train RL Time: 0.1 min | Mean Rewards: -388.74 | Current Best: -376.52
Agent Steps: 0008M | FPS: 18169.3 | Last FPS: 18104.7 | Collect Time: 8.0 min | Train RL Time: 0.1 min | Mean Rewards: -382.41 | Current Best: -376.52
[33m12:21:59 [rigid_object.py] WARNING: The function 'set_external_force_and_torque' will be deprecated in a future release. Please use 'permanent_wrench_composer.set_forces_and_torques' instead.[0m
Agent Steps: 0008M | FPS: 18169.7 | Last FPS: 18280.9 | Collect Time: 8.1 min | Train RL Time: 0.1 min | Mean Rewards: -405.02 | Current Best: -376.52
Agent Steps: 0008M | FPS: 18170.6 | Last FPS: 18428.6 | Collect Time: 8.1 min | Train RL Time: 0.1 min | Mean Rewards: -410.39 | Current Best: -376.52
Agent Steps: 0008M | FPS: 18171.2 | Last FPS: 18325.1 | Collect Time: 8.1 min | Train RL Time: 0.1 min | Mean Rewards: -407.81 | Current Best: -376.52
[33m12:22:04 [rigid_object.py] WARNING: The function 'set_external_force_and_torque' will be deprecated in a future release. Please use 'permanent_wrench_composer.set_forces_and_torques' instead.[0m
Agent Steps: 0008M | FPS: 18172.4 | Last FPS: 18501.9 | Collect Time: 8.2 min | Train RL Time: 0.1 min | Mean Rewards: -397.21 | Current Best: -376.52
Agent Steps: 0009M | FPS: 18174.0 | Last FPS: 18632.4 | Collect Time: 8.2 min | Train RL Time: 0.1 min | Mean Rewards: -404.23 | Current Best: -376.52
[gravity schedule] step=2200 target_z=0.0000 actual_z=0.0000
Agent Steps: 0009M | FPS: 18174.8 | Last FPS: 18394.1 | Collect Time: 8.2 min | Train RL Time: 0.1 min | Mean Rewards: -410.09 | Current Best: -376.52
[33m12:22:09 [rigid_object.py] WARNING: The function 'set_external_force_and_torque' will be deprecated in a future release. Please use 'permanent_wrench_composer.set_forces_and_torques' instead.[0m
Agent Steps: 0009M | FPS: 18175.1 | Last FPS: 18252.3 | Collect Time: 8.2 min | Train RL Time: 0.1 min | Mean Rewards: -394.84 | Current Best: -376.52
Agent Steps: 0009M | FPS: 18176.5 | Last FPS: 18575.8 | Collect Time: 8.3 min | Train RL Time: 0.1 min | Mean Rewards: -393.94 | Current Best: -376.52
Agent Steps: 0009M | FPS: 18177.2 | Last FPS: 18372.0 | Collect Time: 8.3 min | Train RL Time: 0.1 min | Mean Rewards: -391.74 | Current Best: -376.52
[33m12:22:14 [rigid_object.py] WARNING: The function 'set_external_force_and_torque' will be deprecated in a future release. Please use 'permanent_wrench_composer.set_forces_and_torques' instead.[0m
Agent Steps: 0009M | FPS: 18177.4 | Last FPS: 18248.8 | Collect Time: 8.3 min | Train RL Time: 0.1 min | Mean Rewards: -405.84 | Current Best: -376.52
Agent Steps: 0009M | FPS: 18178.8 | Last FPS: 18568.1 | Collect Time: 8.4 min | Train RL Time: 0.1 min | Mean Rewards: -385.96 | Current Best: -376.52
[33m12:22:19 [rigid_object.py] WARNING: The function 'set_external_force_and_torque' will be deprecated in a future release. Please use 'permanent_wrench_composer.set_forces_and_torques' instead.[0m
Agent Steps: 0009M | FPS: 18179.8 | Last FPS: 18477.8 | Collect Time: 8.4 min | Train RL Time: 0.1 min | Mean Rewards: -395.21 | Current Best: -376.52
Agent Steps: 0009M | FPS: 18179.4 | Last FPS: 18051.9 | Collect Time: 8.4 min | Train RL Time: 0.1 min | Mean Rewards: -380.93 | Current Best: -376.52
Agent Steps: 0009M | FPS: 18180.6 | Last FPS: 18525.8 | Collect Time: 8.5 min | Train RL Time: 0.1 min | Mean Rewards: -385.50 | Current Best: -376.52
[33m12:22:24 [rigid_object.py] WARNING: The function 'set_external_force_and_torque' will be deprecated in a future release. Please use 'permanent_wrench_composer.set_forces_and_torques' instead.[0m
Agent Steps: 0009M | FPS: 18180.1 | Last FPS: 18056.9 | Collect Time: 8.5 min | Train RL Time: 0.1 min | Mean Rewards: -395.06 | Current Best: -376.52
Agent Steps: 0009M | FPS: 18179.6 | Last FPS: 18024.1 | Collect Time: 8.5 min | Train RL Time: 0.1 min | Mean Rewards: -402.17 | Current Best: -376.52
Agent Steps: 0009M | FPS: 18180.1 | Last FPS: 18321.4 | Collect Time: 8.5 min | Train RL Time: 0.1 min | Mean Rewards: -398.07 | Current Best: -376.52
[33m12:22:30 [rigid_object.py] WARNING: The function 'set_external_force_and_torque' will be deprecated in a future release. Please use 'permanent_wrench_composer.set_forces_and_torques' instead.[0m
Agent Steps: 0009M | FPS: 18179.7 | Last FPS: 18068.3 | Collect Time: 8.6 min | Train RL Time: 0.1 min | Mean Rewards: -394.04 | Current Best: -376.52
Agent Steps: 0009M | FPS: 18179.5 | Last FPS: 18133.1 | Collect Time: 8.6 min | Train RL Time: 0.1 min | Mean Rewards: -399.54 | Current Best: -376.52
Agent Steps: 0009M | FPS: 18179.3 | Last FPS: 18125.4 | Collect Time: 8.6 min | Train RL Time: 0.1 min | Mean Rewards: -401.14 | Current Best: -376.52
[33m12:22:35 [rigid_object.py] WARNING: The function 'set_external_force_and_torque' will be deprecated in a future release. Please use 'permanent_wrench_composer.set_forces_and_torques' instead.[0m
Agent Steps: 0009M | FPS: 18179.0 | Last FPS: 18075.5 | Collect Time: 8.7 min | Train RL Time: 0.1 min | Mean Rewards: -417.02 | Current Best: -376.52
Agent Steps: 0009M | FPS: 18179.4 | Last FPS: 18299.1 | Collect Time: 8.7 min | Train RL Time: 0.1 min | Mean Rewards: -395.67 | Current Best: -376.52
Agent Steps: 0009M | FPS: 18178.8 | Last FPS: 18012.9 | Collect Time: 8.7 min | Train RL Time: 0.1 min | Mean Rewards: -390.31 | Current Best: -376.52
[33m12:22:40 [rigid_object.py] WARNING: The function 'set_external_force_and_torque' will be deprecated in a future release. Please use 'permanent_wrench_composer.set_forces_and_torques' instead.[0m
Agent Steps: 0009M | FPS: 18178.9 | Last FPS: 18214.9 | Collect Time: 8.7 min | Train RL Time: 0.1 min | Mean Rewards: -387.93 | Current Best: -376.52
Agent Steps: 0009M | FPS: 18179.0 | Last FPS: 18181.5 | Collect Time: 8.8 min | Train RL Time: 0.1 min | Mean Rewards: -402.66 | Current Best: -376.52
Agent Steps: 0009M | FPS: 18178.0 | Last FPS: 17906.2 | Collect Time: 8.8 min | Train RL Time: 0.1 min | Mean Rewards: -396.53 | Current Best: -376.52
[33m12:22:45 [rigid_object.py] WARNING: The function 'set_external_force_and_torque' will be deprecated in a future release. Please use 'permanent_wrench_composer.set_forces_and_torques' instead.[0m
